ARM GAS  C:\Users\86133\AppData\Local\Temp\ccz30h8U.s 			page 1


   1              		.cpu cortex-m4
   2              		.arch armv7e-m
   3              		.fpu fpv4-sp-d16
   4              		.eabi_attribute 27, 1
   5              		.eabi_attribute 28, 1
   6              		.eabi_attribute 20, 1
   7              		.eabi_attribute 21, 1
   8              		.eabi_attribute 23, 3
   9              		.eabi_attribute 24, 1
  10              		.eabi_attribute 25, 1
  11              		.eabi_attribute 26, 1
  12              		.eabi_attribute 30, 1
  13              		.eabi_attribute 34, 1
  14              		.eabi_attribute 18, 4
  15              		.file	"adc.c"
  16              		.text
  17              	.Ltext0:
  18              		.cfi_sections	.debug_frame
  19              		.section	.text.MX_ADC1_Init,"ax",%progbits
  20              		.align	1
  21              		.global	MX_ADC1_Init
  22              		.syntax unified
  23              		.thumb
  24              		.thumb_func
  26              	MX_ADC1_Init:
  27              	.LFB329:
  28              		.file 1 "Core/Src/adc.c"
   1:Core/Src/adc.c **** /* USER CODE BEGIN Header */
   2:Core/Src/adc.c **** /**
   3:Core/Src/adc.c ****   ******************************************************************************
   4:Core/Src/adc.c ****   * @file    adc.c
   5:Core/Src/adc.c ****   * @brief   This file provides code for the configuration
   6:Core/Src/adc.c ****   *          of the ADC instances.
   7:Core/Src/adc.c ****   ******************************************************************************
   8:Core/Src/adc.c ****   * @attention
   9:Core/Src/adc.c ****   *
  10:Core/Src/adc.c ****   * Copyright (c) 2026 STMicroelectronics.
  11:Core/Src/adc.c ****   * All rights reserved.
  12:Core/Src/adc.c ****   *
  13:Core/Src/adc.c ****   * This software is licensed under terms that can be found in the LICENSE file
  14:Core/Src/adc.c ****   * in the root directory of this software component.
  15:Core/Src/adc.c ****   * If no LICENSE file comes with this software, it is provided AS-IS.
  16:Core/Src/adc.c ****   *
  17:Core/Src/adc.c ****   ******************************************************************************
  18:Core/Src/adc.c ****   */
  19:Core/Src/adc.c **** /* USER CODE END Header */
  20:Core/Src/adc.c **** /* Includes ------------------------------------------------------------------*/
  21:Core/Src/adc.c **** #include "adc.h"
  22:Core/Src/adc.c **** 
  23:Core/Src/adc.c **** /* USER CODE BEGIN 0 */
  24:Core/Src/adc.c **** 
  25:Core/Src/adc.c **** /* USER CODE END 0 */
  26:Core/Src/adc.c **** 
  27:Core/Src/adc.c **** ADC_HandleTypeDef hadc1;
  28:Core/Src/adc.c **** 
  29:Core/Src/adc.c **** /* ADC1 init function */
  30:Core/Src/adc.c **** void MX_ADC1_Init(void)
ARM GAS  C:\Users\86133\AppData\Local\Temp\ccz30h8U.s 			page 2


  31:Core/Src/adc.c **** {
  29              		.loc 1 31 1 view -0
  30              		.cfi_startproc
  31              		@ args = 0, pretend = 0, frame = 48
  32              		@ frame_needed = 0, uses_anonymous_args = 0
  33 0000 10B5     		push	{r4, lr}
  34              	.LCFI0:
  35              		.cfi_def_cfa_offset 8
  36              		.cfi_offset 4, -8
  37              		.cfi_offset 14, -4
  38 0002 8CB0     		sub	sp, sp, #48
  39              	.LCFI1:
  40              		.cfi_def_cfa_offset 56
  32:Core/Src/adc.c **** 
  33:Core/Src/adc.c ****   /* USER CODE BEGIN ADC1_Init 0 */
  34:Core/Src/adc.c **** 
  35:Core/Src/adc.c ****   /* USER CODE END ADC1_Init 0 */
  36:Core/Src/adc.c **** 
  37:Core/Src/adc.c ****   ADC_MultiModeTypeDef multimode = {0};
  41              		.loc 1 37 3 view .LVU1
  42              		.loc 1 37 24 is_stmt 0 view .LVU2
  43 0004 0024     		movs	r4, #0
  44 0006 0994     		str	r4, [sp, #36]
  45 0008 0A94     		str	r4, [sp, #40]
  46 000a 0B94     		str	r4, [sp, #44]
  38:Core/Src/adc.c ****   ADC_ChannelConfTypeDef sConfig = {0};
  47              		.loc 1 38 3 is_stmt 1 view .LVU3
  48              		.loc 1 38 26 is_stmt 0 view .LVU4
  49 000c 2022     		movs	r2, #32
  50 000e 2146     		mov	r1, r4
  51 0010 01A8     		add	r0, sp, #4
  52 0012 FFF7FEFF 		bl	memset
  53              	.LVL0:
  39:Core/Src/adc.c **** 
  40:Core/Src/adc.c ****   /* USER CODE BEGIN ADC1_Init 1 */
  41:Core/Src/adc.c **** 
  42:Core/Src/adc.c ****   /* USER CODE END ADC1_Init 1 */
  43:Core/Src/adc.c **** 
  44:Core/Src/adc.c ****   /** Common config
  45:Core/Src/adc.c ****   */
  46:Core/Src/adc.c ****   hadc1.Instance = ADC1;
  54              		.loc 1 46 3 is_stmt 1 view .LVU5
  55              		.loc 1 46 18 is_stmt 0 view .LVU6
  56 0016 1F48     		ldr	r0, .L9
  57 0018 4FF0A043 		mov	r3, #1342177280
  58 001c 0360     		str	r3, [r0]
  47:Core/Src/adc.c ****   hadc1.Init.ClockPrescaler = ADC_CLOCK_SYNC_PCLK_DIV4;
  59              		.loc 1 47 3 is_stmt 1 view .LVU7
  60              		.loc 1 47 29 is_stmt 0 view .LVU8
  61 001e 4FF44033 		mov	r3, #196608
  62 0022 4360     		str	r3, [r0, #4]
  48:Core/Src/adc.c ****   hadc1.Init.Resolution = ADC_RESOLUTION_12B;
  63              		.loc 1 48 3 is_stmt 1 view .LVU9
  64              		.loc 1 48 25 is_stmt 0 view .LVU10
  65 0024 8460     		str	r4, [r0, #8]
  49:Core/Src/adc.c ****   hadc1.Init.DataAlign = ADC_DATAALIGN_RIGHT;
  66              		.loc 1 49 3 is_stmt 1 view .LVU11
ARM GAS  C:\Users\86133\AppData\Local\Temp\ccz30h8U.s 			page 3


  67              		.loc 1 49 24 is_stmt 0 view .LVU12
  68 0026 C460     		str	r4, [r0, #12]
  50:Core/Src/adc.c ****   hadc1.Init.GainCompensation = 0;
  69              		.loc 1 50 3 is_stmt 1 view .LVU13
  70              		.loc 1 50 31 is_stmt 0 view .LVU14
  71 0028 0461     		str	r4, [r0, #16]
  51:Core/Src/adc.c ****   hadc1.Init.ScanConvMode = ADC_SCAN_DISABLE;
  72              		.loc 1 51 3 is_stmt 1 view .LVU15
  73              		.loc 1 51 27 is_stmt 0 view .LVU16
  74 002a 4461     		str	r4, [r0, #20]
  52:Core/Src/adc.c ****   hadc1.Init.EOCSelection = ADC_EOC_SINGLE_CONV;
  75              		.loc 1 52 3 is_stmt 1 view .LVU17
  76              		.loc 1 52 27 is_stmt 0 view .LVU18
  77 002c 0423     		movs	r3, #4
  78 002e 8361     		str	r3, [r0, #24]
  53:Core/Src/adc.c ****   hadc1.Init.LowPowerAutoWait = DISABLE;
  79              		.loc 1 53 3 is_stmt 1 view .LVU19
  80              		.loc 1 53 31 is_stmt 0 view .LVU20
  81 0030 0477     		strb	r4, [r0, #28]
  54:Core/Src/adc.c ****   hadc1.Init.ContinuousConvMode = DISABLE;
  82              		.loc 1 54 3 is_stmt 1 view .LVU21
  83              		.loc 1 54 33 is_stmt 0 view .LVU22
  84 0032 4477     		strb	r4, [r0, #29]
  55:Core/Src/adc.c ****   hadc1.Init.NbrOfConversion = 1;
  85              		.loc 1 55 3 is_stmt 1 view .LVU23
  86              		.loc 1 55 30 is_stmt 0 view .LVU24
  87 0034 0123     		movs	r3, #1
  88 0036 0362     		str	r3, [r0, #32]
  56:Core/Src/adc.c ****   hadc1.Init.DiscontinuousConvMode = DISABLE;
  89              		.loc 1 56 3 is_stmt 1 view .LVU25
  90              		.loc 1 56 36 is_stmt 0 view .LVU26
  91 0038 80F82440 		strb	r4, [r0, #36]
  57:Core/Src/adc.c ****   hadc1.Init.ExternalTrigConv = ADC_SOFTWARE_START;
  92              		.loc 1 57 3 is_stmt 1 view .LVU27
  93              		.loc 1 57 31 is_stmt 0 view .LVU28
  94 003c C462     		str	r4, [r0, #44]
  58:Core/Src/adc.c ****   hadc1.Init.ExternalTrigConvEdge = ADC_EXTERNALTRIGCONVEDGE_NONE;
  95              		.loc 1 58 3 is_stmt 1 view .LVU29
  96              		.loc 1 58 35 is_stmt 0 view .LVU30
  97 003e 0463     		str	r4, [r0, #48]
  59:Core/Src/adc.c ****   hadc1.Init.DMAContinuousRequests = DISABLE;
  98              		.loc 1 59 3 is_stmt 1 view .LVU31
  99              		.loc 1 59 36 is_stmt 0 view .LVU32
 100 0040 80F83840 		strb	r4, [r0, #56]
  60:Core/Src/adc.c ****   hadc1.Init.Overrun = ADC_OVR_DATA_PRESERVED;
 101              		.loc 1 60 3 is_stmt 1 view .LVU33
 102              		.loc 1 60 22 is_stmt 0 view .LVU34
 103 0044 C463     		str	r4, [r0, #60]
  61:Core/Src/adc.c ****   hadc1.Init.OversamplingMode = DISABLE;
 104              		.loc 1 61 3 is_stmt 1 view .LVU35
 105              		.loc 1 61 31 is_stmt 0 view .LVU36
 106 0046 80F84040 		strb	r4, [r0, #64]
  62:Core/Src/adc.c ****   if (HAL_ADC_Init(&hadc1) != HAL_OK)
 107              		.loc 1 62 3 is_stmt 1 view .LVU37
 108              		.loc 1 62 7 is_stmt 0 view .LVU38
 109 004a FFF7FEFF 		bl	HAL_ADC_Init
 110              	.LVL1:
ARM GAS  C:\Users\86133\AppData\Local\Temp\ccz30h8U.s 			page 4


 111              		.loc 1 62 6 view .LVU39
 112 004e C0B9     		cbnz	r0, .L6
 113              	.L2:
  63:Core/Src/adc.c ****   {
  64:Core/Src/adc.c ****     Error_Handler();
  65:Core/Src/adc.c ****   }
  66:Core/Src/adc.c **** 
  67:Core/Src/adc.c ****   /** Configure the ADC multi-mode
  68:Core/Src/adc.c ****   */
  69:Core/Src/adc.c ****   multimode.Mode = ADC_MODE_INDEPENDENT;
 114              		.loc 1 69 3 is_stmt 1 view .LVU40
 115              		.loc 1 69 18 is_stmt 0 view .LVU41
 116 0050 0023     		movs	r3, #0
 117 0052 0993     		str	r3, [sp, #36]
  70:Core/Src/adc.c ****   if (HAL_ADCEx_MultiModeConfigChannel(&hadc1, &multimode) != HAL_OK)
 118              		.loc 1 70 3 is_stmt 1 view .LVU42
 119              		.loc 1 70 7 is_stmt 0 view .LVU43
 120 0054 09A9     		add	r1, sp, #36
 121 0056 0F48     		ldr	r0, .L9
 122 0058 FFF7FEFF 		bl	HAL_ADCEx_MultiModeConfigChannel
 123              	.LVL2:
 124              		.loc 1 70 6 view .LVU44
 125 005c A0B9     		cbnz	r0, .L7
 126              	.L3:
  71:Core/Src/adc.c ****   {
  72:Core/Src/adc.c ****     Error_Handler();
  73:Core/Src/adc.c ****   }
  74:Core/Src/adc.c **** 
  75:Core/Src/adc.c ****   /** Configure Regular Channel
  76:Core/Src/adc.c ****   */
  77:Core/Src/adc.c ****   sConfig.Channel = ADC_CHANNEL_2;
 127              		.loc 1 77 3 is_stmt 1 view .LVU45
 128              		.loc 1 77 19 is_stmt 0 view .LVU46
 129 005e 0E4B     		ldr	r3, .L9+4
 130 0060 0193     		str	r3, [sp, #4]
  78:Core/Src/adc.c ****   sConfig.Rank = ADC_REGULAR_RANK_1;
 131              		.loc 1 78 3 is_stmt 1 view .LVU47
 132              		.loc 1 78 16 is_stmt 0 view .LVU48
 133 0062 0623     		movs	r3, #6
 134 0064 0293     		str	r3, [sp, #8]
  79:Core/Src/adc.c ****   sConfig.SamplingTime = ADC_SAMPLETIME_247CYCLES_5;
 135              		.loc 1 79 3 is_stmt 1 view .LVU49
 136              		.loc 1 79 24 is_stmt 0 view .LVU50
 137 0066 0393     		str	r3, [sp, #12]
  80:Core/Src/adc.c ****   sConfig.SingleDiff = ADC_SINGLE_ENDED;
 138              		.loc 1 80 3 is_stmt 1 view .LVU51
 139              		.loc 1 80 22 is_stmt 0 view .LVU52
 140 0068 7F23     		movs	r3, #127
 141 006a 0493     		str	r3, [sp, #16]
  81:Core/Src/adc.c ****   sConfig.OffsetNumber = ADC_OFFSET_NONE;
 142              		.loc 1 81 3 is_stmt 1 view .LVU53
 143              		.loc 1 81 24 is_stmt 0 view .LVU54
 144 006c 0423     		movs	r3, #4
 145 006e 0593     		str	r3, [sp, #20]
  82:Core/Src/adc.c ****   sConfig.Offset = 0;
 146              		.loc 1 82 3 is_stmt 1 view .LVU55
 147              		.loc 1 82 18 is_stmt 0 view .LVU56
ARM GAS  C:\Users\86133\AppData\Local\Temp\ccz30h8U.s 			page 5


 148 0070 0023     		movs	r3, #0
 149 0072 0693     		str	r3, [sp, #24]
  83:Core/Src/adc.c ****   if (HAL_ADC_ConfigChannel(&hadc1, &sConfig) != HAL_OK)
 150              		.loc 1 83 3 is_stmt 1 view .LVU57
 151              		.loc 1 83 7 is_stmt 0 view .LVU58
 152 0074 01A9     		add	r1, sp, #4
 153 0076 0748     		ldr	r0, .L9
 154 0078 FFF7FEFF 		bl	HAL_ADC_ConfigChannel
 155              	.LVL3:
 156              		.loc 1 83 6 view .LVU59
 157 007c 38B9     		cbnz	r0, .L8
 158              	.L1:
  84:Core/Src/adc.c ****   {
  85:Core/Src/adc.c ****     Error_Handler();
  86:Core/Src/adc.c ****   }
  87:Core/Src/adc.c ****   /* USER CODE BEGIN ADC1_Init 2 */
  88:Core/Src/adc.c **** 
  89:Core/Src/adc.c ****   /* USER CODE END ADC1_Init 2 */
  90:Core/Src/adc.c **** 
  91:Core/Src/adc.c **** }
 159              		.loc 1 91 1 view .LVU60
 160 007e 0CB0     		add	sp, sp, #48
 161              	.LCFI2:
 162              		.cfi_remember_state
 163              		.cfi_def_cfa_offset 8
 164              		@ sp needed
 165 0080 10BD     		pop	{r4, pc}
 166              	.L6:
 167              	.LCFI3:
 168              		.cfi_restore_state
  64:Core/Src/adc.c ****   }
 169              		.loc 1 64 5 is_stmt 1 view .LVU61
 170 0082 FFF7FEFF 		bl	Error_Handler
 171              	.LVL4:
 172 0086 E3E7     		b	.L2
 173              	.L7:
  72:Core/Src/adc.c ****   }
 174              		.loc 1 72 5 view .LVU62
 175 0088 FFF7FEFF 		bl	Error_Handler
 176              	.LVL5:
 177 008c E7E7     		b	.L3
 178              	.L8:
  85:Core/Src/adc.c ****   }
 179              		.loc 1 85 5 view .LVU63
 180 008e FFF7FEFF 		bl	Error_Handler
 181              	.LVL6:
 182              		.loc 1 91 1 is_stmt 0 view .LVU64
 183 0092 F4E7     		b	.L1
 184              	.L10:
 185              		.align	2
 186              	.L9:
 187 0094 00000000 		.word	.LANCHOR0
 188 0098 04006008 		.word	140509188
 189              		.cfi_endproc
 190              	.LFE329:
 192              		.section	.text.HAL_ADC_MspInit,"ax",%progbits
 193              		.align	1
ARM GAS  C:\Users\86133\AppData\Local\Temp\ccz30h8U.s 			page 6


 194              		.global	HAL_ADC_MspInit
 195              		.syntax unified
 196              		.thumb
 197              		.thumb_func
 199              	HAL_ADC_MspInit:
 200              	.LVL7:
 201              	.LFB330:
  92:Core/Src/adc.c **** 
  93:Core/Src/adc.c **** void HAL_ADC_MspInit(ADC_HandleTypeDef* adcHandle)
  94:Core/Src/adc.c **** {
 202              		.loc 1 94 1 is_stmt 1 view -0
 203              		.cfi_startproc
 204              		@ args = 0, pretend = 0, frame = 96
 205              		@ frame_needed = 0, uses_anonymous_args = 0
 206              		.loc 1 94 1 is_stmt 0 view .LVU66
 207 0000 10B5     		push	{r4, lr}
 208              	.LCFI4:
 209              		.cfi_def_cfa_offset 8
 210              		.cfi_offset 4, -8
 211              		.cfi_offset 14, -4
 212 0002 98B0     		sub	sp, sp, #96
 213              	.LCFI5:
 214              		.cfi_def_cfa_offset 104
 215 0004 0446     		mov	r4, r0
  95:Core/Src/adc.c **** 
  96:Core/Src/adc.c ****   GPIO_InitTypeDef GPIO_InitStruct = {0};
 216              		.loc 1 96 3 is_stmt 1 view .LVU67
 217              		.loc 1 96 20 is_stmt 0 view .LVU68
 218 0006 0021     		movs	r1, #0
 219 0008 1391     		str	r1, [sp, #76]
 220 000a 1491     		str	r1, [sp, #80]
 221 000c 1591     		str	r1, [sp, #84]
 222 000e 1691     		str	r1, [sp, #88]
 223 0010 1791     		str	r1, [sp, #92]
  97:Core/Src/adc.c ****   RCC_PeriphCLKInitTypeDef PeriphClkInit = {0};
 224              		.loc 1 97 3 is_stmt 1 view .LVU69
 225              		.loc 1 97 28 is_stmt 0 view .LVU70
 226 0012 4422     		movs	r2, #68
 227 0014 02A8     		add	r0, sp, #8
 228              	.LVL8:
 229              		.loc 1 97 28 view .LVU71
 230 0016 FFF7FEFF 		bl	memset
 231              	.LVL9:
  98:Core/Src/adc.c ****   if(adcHandle->Instance==ADC1)
 232              		.loc 1 98 3 is_stmt 1 view .LVU72
 233              		.loc 1 98 15 is_stmt 0 view .LVU73
 234 001a 2368     		ldr	r3, [r4]
 235              		.loc 1 98 5 view .LVU74
 236 001c B3F1A04F 		cmp	r3, #1342177280
 237 0020 01D0     		beq	.L15
 238              	.L11:
  99:Core/Src/adc.c ****   {
 100:Core/Src/adc.c ****   /* USER CODE BEGIN ADC1_MspInit 0 */
 101:Core/Src/adc.c **** 
 102:Core/Src/adc.c ****   /* USER CODE END ADC1_MspInit 0 */
 103:Core/Src/adc.c **** 
 104:Core/Src/adc.c ****   /** Initializes the peripherals clocks
ARM GAS  C:\Users\86133\AppData\Local\Temp\ccz30h8U.s 			page 7


 105:Core/Src/adc.c ****   */
 106:Core/Src/adc.c ****     PeriphClkInit.PeriphClockSelection = RCC_PERIPHCLK_ADC12;
 107:Core/Src/adc.c ****     PeriphClkInit.Adc12ClockSelection = RCC_ADC12CLKSOURCE_SYSCLK;
 108:Core/Src/adc.c ****     if (HAL_RCCEx_PeriphCLKConfig(&PeriphClkInit) != HAL_OK)
 109:Core/Src/adc.c ****     {
 110:Core/Src/adc.c ****       Error_Handler();
 111:Core/Src/adc.c ****     }
 112:Core/Src/adc.c **** 
 113:Core/Src/adc.c ****     /* ADC1 clock enable */
 114:Core/Src/adc.c ****     __HAL_RCC_ADC12_CLK_ENABLE();
 115:Core/Src/adc.c **** 
 116:Core/Src/adc.c ****     __HAL_RCC_GPIOA_CLK_ENABLE();
 117:Core/Src/adc.c ****     /**ADC1 GPIO Configuration
 118:Core/Src/adc.c ****     PA1     ------> ADC1_IN2
 119:Core/Src/adc.c ****     */
 120:Core/Src/adc.c ****     GPIO_InitStruct.Pin = GPIO_PIN_1;
 121:Core/Src/adc.c ****     GPIO_InitStruct.Mode = GPIO_MODE_ANALOG;
 122:Core/Src/adc.c ****     GPIO_InitStruct.Pull = GPIO_NOPULL;
 123:Core/Src/adc.c ****     HAL_GPIO_Init(GPIOA, &GPIO_InitStruct);
 124:Core/Src/adc.c **** 
 125:Core/Src/adc.c ****   /* USER CODE BEGIN ADC1_MspInit 1 */
 126:Core/Src/adc.c **** 
 127:Core/Src/adc.c ****   /* USER CODE END ADC1_MspInit 1 */
 128:Core/Src/adc.c ****   }
 129:Core/Src/adc.c **** }
 239              		.loc 1 129 1 view .LVU75
 240 0022 18B0     		add	sp, sp, #96
 241              	.LCFI6:
 242              		.cfi_remember_state
 243              		.cfi_def_cfa_offset 8
 244              		@ sp needed
 245 0024 10BD     		pop	{r4, pc}
 246              	.LVL10:
 247              	.L15:
 248              	.LCFI7:
 249              		.cfi_restore_state
 106:Core/Src/adc.c ****     PeriphClkInit.Adc12ClockSelection = RCC_ADC12CLKSOURCE_SYSCLK;
 250              		.loc 1 106 5 is_stmt 1 view .LVU76
 106:Core/Src/adc.c ****     PeriphClkInit.Adc12ClockSelection = RCC_ADC12CLKSOURCE_SYSCLK;
 251              		.loc 1 106 40 is_stmt 0 view .LVU77
 252 0026 4FF40043 		mov	r3, #32768
 253 002a 0293     		str	r3, [sp, #8]
 107:Core/Src/adc.c ****     if (HAL_RCCEx_PeriphCLKConfig(&PeriphClkInit) != HAL_OK)
 254              		.loc 1 107 5 is_stmt 1 view .LVU78
 107:Core/Src/adc.c ****     if (HAL_RCCEx_PeriphCLKConfig(&PeriphClkInit) != HAL_OK)
 255              		.loc 1 107 39 is_stmt 0 view .LVU79
 256 002c 4FF00053 		mov	r3, #536870912
 257 0030 1193     		str	r3, [sp, #68]
 108:Core/Src/adc.c ****     {
 258              		.loc 1 108 5 is_stmt 1 view .LVU80
 108:Core/Src/adc.c ****     {
 259              		.loc 1 108 9 is_stmt 0 view .LVU81
 260 0032 02A8     		add	r0, sp, #8
 261 0034 FFF7FEFF 		bl	HAL_RCCEx_PeriphCLKConfig
 262              	.LVL11:
 108:Core/Src/adc.c ****     {
 263              		.loc 1 108 8 view .LVU82
ARM GAS  C:\Users\86133\AppData\Local\Temp\ccz30h8U.s 			page 8


 264 0038 F0B9     		cbnz	r0, .L16
 265              	.L13:
 114:Core/Src/adc.c **** 
 266              		.loc 1 114 5 is_stmt 1 view .LVU83
 267              	.LBB2:
 114:Core/Src/adc.c **** 
 268              		.loc 1 114 5 view .LVU84
 114:Core/Src/adc.c **** 
 269              		.loc 1 114 5 view .LVU85
 270 003a 114B     		ldr	r3, .L17
 271 003c DA6C     		ldr	r2, [r3, #76]
 272 003e 42F40052 		orr	r2, r2, #8192
 273 0042 DA64     		str	r2, [r3, #76]
 114:Core/Src/adc.c **** 
 274              		.loc 1 114 5 view .LVU86
 275 0044 DA6C     		ldr	r2, [r3, #76]
 276 0046 02F40052 		and	r2, r2, #8192
 277 004a 0092     		str	r2, [sp]
 114:Core/Src/adc.c **** 
 278              		.loc 1 114 5 view .LVU87
 279 004c 009A     		ldr	r2, [sp]
 280              	.LBE2:
 114:Core/Src/adc.c **** 
 281              		.loc 1 114 5 view .LVU88
 116:Core/Src/adc.c ****     /**ADC1 GPIO Configuration
 282              		.loc 1 116 5 view .LVU89
 283              	.LBB3:
 116:Core/Src/adc.c ****     /**ADC1 GPIO Configuration
 284              		.loc 1 116 5 view .LVU90
 116:Core/Src/adc.c ****     /**ADC1 GPIO Configuration
 285              		.loc 1 116 5 view .LVU91
 286 004e DA6C     		ldr	r2, [r3, #76]
 287 0050 42F00102 		orr	r2, r2, #1
 288 0054 DA64     		str	r2, [r3, #76]
 116:Core/Src/adc.c ****     /**ADC1 GPIO Configuration
 289              		.loc 1 116 5 view .LVU92
 290 0056 DB6C     		ldr	r3, [r3, #76]
 291 0058 03F00103 		and	r3, r3, #1
 292 005c 0193     		str	r3, [sp, #4]
 116:Core/Src/adc.c ****     /**ADC1 GPIO Configuration
 293              		.loc 1 116 5 view .LVU93
 294 005e 019B     		ldr	r3, [sp, #4]
 295              	.LBE3:
 116:Core/Src/adc.c ****     /**ADC1 GPIO Configuration
 296              		.loc 1 116 5 view .LVU94
 120:Core/Src/adc.c ****     GPIO_InitStruct.Mode = GPIO_MODE_ANALOG;
 297              		.loc 1 120 5 view .LVU95
 120:Core/Src/adc.c ****     GPIO_InitStruct.Mode = GPIO_MODE_ANALOG;
 298              		.loc 1 120 25 is_stmt 0 view .LVU96
 299 0060 0223     		movs	r3, #2
 300 0062 1393     		str	r3, [sp, #76]
 121:Core/Src/adc.c ****     GPIO_InitStruct.Pull = GPIO_NOPULL;
 301              		.loc 1 121 5 is_stmt 1 view .LVU97
 121:Core/Src/adc.c ****     GPIO_InitStruct.Pull = GPIO_NOPULL;
 302              		.loc 1 121 26 is_stmt 0 view .LVU98
 303 0064 0323     		movs	r3, #3
 304 0066 1493     		str	r3, [sp, #80]
ARM GAS  C:\Users\86133\AppData\Local\Temp\ccz30h8U.s 			page 9


 122:Core/Src/adc.c ****     HAL_GPIO_Init(GPIOA, &GPIO_InitStruct);
 305              		.loc 1 122 5 is_stmt 1 view .LVU99
 122:Core/Src/adc.c ****     HAL_GPIO_Init(GPIOA, &GPIO_InitStruct);
 306              		.loc 1 122 26 is_stmt 0 view .LVU100
 307 0068 0023     		movs	r3, #0
 308 006a 1593     		str	r3, [sp, #84]
 123:Core/Src/adc.c **** 
 309              		.loc 1 123 5 is_stmt 1 view .LVU101
 310 006c 13A9     		add	r1, sp, #76
 311 006e 4FF09040 		mov	r0, #1207959552
 312 0072 FFF7FEFF 		bl	HAL_GPIO_Init
 313              	.LVL12:
 314              		.loc 1 129 1 is_stmt 0 view .LVU102
 315 0076 D4E7     		b	.L11
 316              	.L16:
 110:Core/Src/adc.c ****     }
 317              		.loc 1 110 7 is_stmt 1 view .LVU103
 318 0078 FFF7FEFF 		bl	Error_Handler
 319              	.LVL13:
 320 007c DDE7     		b	.L13
 321              	.L18:
 322 007e 00BF     		.align	2
 323              	.L17:
 324 0080 00100240 		.word	1073876992
 325              		.cfi_endproc
 326              	.LFE330:
 328              		.section	.text.HAL_ADC_MspDeInit,"ax",%progbits
 329              		.align	1
 330              		.global	HAL_ADC_MspDeInit
 331              		.syntax unified
 332              		.thumb
 333              		.thumb_func
 335              	HAL_ADC_MspDeInit:
 336              	.LVL14:
 337              	.LFB331:
 130:Core/Src/adc.c **** 
 131:Core/Src/adc.c **** void HAL_ADC_MspDeInit(ADC_HandleTypeDef* adcHandle)
 132:Core/Src/adc.c **** {
 338              		.loc 1 132 1 view -0
 339              		.cfi_startproc
 340              		@ args = 0, pretend = 0, frame = 0
 341              		@ frame_needed = 0, uses_anonymous_args = 0
 342              		.loc 1 132 1 is_stmt 0 view .LVU105
 343 0000 08B5     		push	{r3, lr}
 344              	.LCFI8:
 345              		.cfi_def_cfa_offset 8
 346              		.cfi_offset 3, -8
 347              		.cfi_offset 14, -4
 133:Core/Src/adc.c **** 
 134:Core/Src/adc.c ****   if(adcHandle->Instance==ADC1)
 348              		.loc 1 134 3 is_stmt 1 view .LVU106
 349              		.loc 1 134 15 is_stmt 0 view .LVU107
 350 0002 0368     		ldr	r3, [r0]
 351              		.loc 1 134 5 view .LVU108
 352 0004 B3F1A04F 		cmp	r3, #1342177280
 353 0008 00D0     		beq	.L22
 354              	.LVL15:
ARM GAS  C:\Users\86133\AppData\Local\Temp\ccz30h8U.s 			page 10


 355              	.L19:
 135:Core/Src/adc.c ****   {
 136:Core/Src/adc.c ****   /* USER CODE BEGIN ADC1_MspDeInit 0 */
 137:Core/Src/adc.c **** 
 138:Core/Src/adc.c ****   /* USER CODE END ADC1_MspDeInit 0 */
 139:Core/Src/adc.c ****     /* Peripheral clock disable */
 140:Core/Src/adc.c ****     __HAL_RCC_ADC12_CLK_DISABLE();
 141:Core/Src/adc.c **** 
 142:Core/Src/adc.c ****     /**ADC1 GPIO Configuration
 143:Core/Src/adc.c ****     PA1     ------> ADC1_IN2
 144:Core/Src/adc.c ****     */
 145:Core/Src/adc.c ****     HAL_GPIO_DeInit(GPIOA, GPIO_PIN_1);
 146:Core/Src/adc.c **** 
 147:Core/Src/adc.c ****   /* USER CODE BEGIN ADC1_MspDeInit 1 */
 148:Core/Src/adc.c **** 
 149:Core/Src/adc.c ****   /* USER CODE END ADC1_MspDeInit 1 */
 150:Core/Src/adc.c ****   }
 151:Core/Src/adc.c **** }
 356              		.loc 1 151 1 view .LVU109
 357 000a 08BD     		pop	{r3, pc}
 358              	.LVL16:
 359              	.L22:
 140:Core/Src/adc.c **** 
 360              		.loc 1 140 5 is_stmt 1 view .LVU110
 361 000c 054A     		ldr	r2, .L23
 362 000e D36C     		ldr	r3, [r2, #76]
 363 0010 23F40053 		bic	r3, r3, #8192
 364 0014 D364     		str	r3, [r2, #76]
 145:Core/Src/adc.c **** 
 365              		.loc 1 145 5 view .LVU111
 366 0016 0221     		movs	r1, #2
 367 0018 4FF09040 		mov	r0, #1207959552
 368              	.LVL17:
 145:Core/Src/adc.c **** 
 369              		.loc 1 145 5 is_stmt 0 view .LVU112
 370 001c FFF7FEFF 		bl	HAL_GPIO_DeInit
 371              	.LVL18:
 372              		.loc 1 151 1 view .LVU113
 373 0020 F3E7     		b	.L19
 374              	.L24:
 375 0022 00BF     		.align	2
 376              	.L23:
 377 0024 00100240 		.word	1073876992
 378              		.cfi_endproc
 379              	.LFE331:
 381              		.section	.text.Get_ADC_POT,"ax",%progbits
 382              		.align	1
 383              		.global	Get_ADC_POT
 384              		.syntax unified
 385              		.thumb
 386              		.thumb_func
 388              	Get_ADC_POT:
 389              	.LFB332:
 152:Core/Src/adc.c **** 
 153:Core/Src/adc.c **** /* USER CODE BEGIN 1 */
 154:Core/Src/adc.c **** float Get_ADC_POT(void)
 155:Core/Src/adc.c **** {
ARM GAS  C:\Users\86133\AppData\Local\Temp\ccz30h8U.s 			page 11


 390              		.loc 1 155 1 is_stmt 1 view -0
 391              		.cfi_startproc
 392              		@ args = 0, pretend = 0, frame = 0
 393              		@ frame_needed = 0, uses_anonymous_args = 0
 394 0000 38B5     		push	{r3, r4, r5, lr}
 395              	.LCFI9:
 396              		.cfi_def_cfa_offset 16
 397              		.cfi_offset 3, -16
 398              		.cfi_offset 4, -12
 399              		.cfi_offset 5, -8
 400              		.cfi_offset 14, -4
 156:Core/Src/adc.c ****     HAL_ADC_Start(&hadc1);
 401              		.loc 1 156 5 view .LVU115
 402 0002 0E4D     		ldr	r5, .L27
 403 0004 2846     		mov	r0, r5
 404 0006 FFF7FEFF 		bl	HAL_ADC_Start
 405              	.LVL19:
 157:Core/Src/adc.c ****     HAL_ADC_PollForConversion(&hadc1, 10);
 406              		.loc 1 157 5 view .LVU116
 407 000a 0A21     		movs	r1, #10
 408 000c 2846     		mov	r0, r5
 409 000e FFF7FEFF 		bl	HAL_ADC_PollForConversion
 410              	.LVL20:
 158:Core/Src/adc.c ****     uint16_t raw = HAL_ADC_GetValue(&hadc1);
 411              		.loc 1 158 5 view .LVU117
 412              		.loc 1 158 20 is_stmt 0 view .LVU118
 413 0012 2846     		mov	r0, r5
 414 0014 FFF7FEFF 		bl	HAL_ADC_GetValue
 415              	.LVL21:
 416              		.loc 1 158 14 view .LVU119
 417 0018 84B2     		uxth	r4, r0
 418              	.LVL22:
 159:Core/Src/adc.c ****     HAL_ADC_Stop(&hadc1);
 419              		.loc 1 159 5 is_stmt 1 view .LVU120
 420 001a 2846     		mov	r0, r5
 421 001c FFF7FEFF 		bl	HAL_ADC_Stop
 422              	.LVL23:
 160:Core/Src/adc.c ****     return (float)raw * 3.3f / 4095.0f;
 423              		.loc 1 160 5 view .LVU121
 424              		.loc 1 160 12 is_stmt 0 view .LVU122
 425 0020 07EE904A 		vmov	s15, r4	@ int
 426 0024 B8EE670A 		vcvt.f32.u32	s0, s15
 427              		.loc 1 160 23 view .LVU123
 428 0028 DFED057A 		vldr.32	s15, .L27+4
 429 002c 20EE270A 		vmul.f32	s0, s0, s15
 161:Core/Src/adc.c **** }
 430              		.loc 1 161 1 view .LVU124
 431 0030 DFED047A 		vldr.32	s15, .L27+8
 432 0034 80EE270A 		vdiv.f32	s0, s0, s15
 433 0038 38BD     		pop	{r3, r4, r5, pc}
 434              	.LVL24:
 435              	.L28:
 436              		.loc 1 161 1 view .LVU125
 437 003a 00BF     		.align	2
 438              	.L27:
 439 003c 00000000 		.word	.LANCHOR0
 440 0040 33335340 		.word	1079194419
ARM GAS  C:\Users\86133\AppData\Local\Temp\ccz30h8U.s 			page 12


 441 0044 00F07F45 		.word	1166012416
 442              		.cfi_endproc
 443              	.LFE332:
 445              		.global	hadc1
 446              		.section	.bss.hadc1,"aw",%nobits
 447              		.align	2
 448              		.set	.LANCHOR0,. + 0
 451              	hadc1:
 452 0000 00000000 		.space	108
 452      00000000 
 452      00000000 
 452      00000000 
 452      00000000 
 453              		.text
 454              	.Letext0:
 455              		.file 2 "c:\\arm\\gcc-arm-none-eabi\\10_2021.10\\arm-none-eabi\\include\\machine\\_default_types.h
 456              		.file 3 "c:\\arm\\gcc-arm-none-eabi\\10_2021.10\\arm-none-eabi\\include\\sys\\_stdint.h"
 457              		.file 4 "Drivers/CMSIS/Device/ST/STM32G4xx/Include/stm32g431xx.h"
 458              		.file 5 "Drivers/CMSIS/Device/ST/STM32G4xx/Include/stm32g4xx.h"
 459              		.file 6 "Drivers/STM32G4xx_HAL_Driver/Inc/stm32g4xx_hal_def.h"
 460              		.file 7 "Drivers/STM32G4xx_HAL_Driver/Inc/stm32g4xx_hal_rcc_ex.h"
 461              		.file 8 "Drivers/STM32G4xx_HAL_Driver/Inc/stm32g4xx_hal_gpio.h"
 462              		.file 9 "Drivers/STM32G4xx_HAL_Driver/Inc/stm32g4xx_hal_dma.h"
 463              		.file 10 "Drivers/STM32G4xx_HAL_Driver/Inc/stm32g4xx_hal_adc.h"
 464              		.file 11 "Drivers/STM32G4xx_HAL_Driver/Inc/stm32g4xx_hal_adc_ex.h"
 465              		.file 12 "Core/Inc/main.h"
 466              		.file 13 "Core/Inc/adc.h"
 467              		.file 14 "<built-in>"
ARM GAS  C:\Users\86133\AppData\Local\Temp\ccz30h8U.s 			page 13


DEFINED SYMBOLS
                            *ABS*:00000000 adc.c
C:\Users\86133\AppData\Local\Temp\ccz30h8U.s:20     .text.MX_ADC1_Init:00000000 $t
C:\Users\86133\AppData\Local\Temp\ccz30h8U.s:26     .text.MX_ADC1_Init:00000000 MX_ADC1_Init
C:\Users\86133\AppData\Local\Temp\ccz30h8U.s:187    .text.MX_ADC1_Init:00000094 $d
C:\Users\86133\AppData\Local\Temp\ccz30h8U.s:193    .text.HAL_ADC_MspInit:00000000 $t
C:\Users\86133\AppData\Local\Temp\ccz30h8U.s:199    .text.HAL_ADC_MspInit:00000000 HAL_ADC_MspInit
C:\Users\86133\AppData\Local\Temp\ccz30h8U.s:324    .text.HAL_ADC_MspInit:00000080 $d
C:\Users\86133\AppData\Local\Temp\ccz30h8U.s:329    .text.HAL_ADC_MspDeInit:00000000 $t
C:\Users\86133\AppData\Local\Temp\ccz30h8U.s:335    .text.HAL_ADC_MspDeInit:00000000 HAL_ADC_MspDeInit
C:\Users\86133\AppData\Local\Temp\ccz30h8U.s:377    .text.HAL_ADC_MspDeInit:00000024 $d
C:\Users\86133\AppData\Local\Temp\ccz30h8U.s:382    .text.Get_ADC_POT:00000000 $t
C:\Users\86133\AppData\Local\Temp\ccz30h8U.s:388    .text.Get_ADC_POT:00000000 Get_ADC_POT
C:\Users\86133\AppData\Local\Temp\ccz30h8U.s:439    .text.Get_ADC_POT:0000003c $d
C:\Users\86133\AppData\Local\Temp\ccz30h8U.s:451    .bss.hadc1:00000000 hadc1
C:\Users\86133\AppData\Local\Temp\ccz30h8U.s:447    .bss.hadc1:00000000 $d

UNDEFINED SYMBOLS
memset
HAL_ADC_Init
HAL_ADCEx_MultiModeConfigChannel
HAL_ADC_ConfigChannel
Error_Handler
HAL_RCCEx_PeriphCLKConfig
HAL_GPIO_Init
HAL_GPIO_DeInit
HAL_ADC_Start
HAL_ADC_PollForConversion
HAL_ADC_GetValue
HAL_ADC_Stop
