ARM GAS  C:\Users\86133\AppData\Local\Temp\ccRbO9yS.s 			page 1


   1              		.cpu cortex-m4
   2              		.arch armv7e-m
   3              		.fpu fpv4-sp-d16
   4              		.eabi_attribute 27, 1
   5              		.eabi_attribute 28, 1
   6              		.eabi_attribute 20, 1
   7              		.eabi_attribute 21, 1
   8              		.eabi_attribute 23, 3
   9              		.eabi_attribute 24, 1
  10              		.eabi_attribute 25, 1
  11              		.eabi_attribute 26, 1
  12              		.eabi_attribute 30, 1
  13              		.eabi_attribute 34, 1
  14              		.eabi_attribute 18, 4
  15              		.file	"app_freertos.c"
  16              		.text
  17              	.Ltext0:
  18              		.cfi_sections	.debug_frame
  19              		.section	.text.StartDefaultTask,"ax",%progbits
  20              		.align	1
  21              		.global	StartDefaultTask
  22              		.syntax unified
  23              		.thumb
  24              		.thumb_func
  26              	StartDefaultTask:
  27              	.LFB337:
  28              		.file 1 "Core/Src/app_freertos.c"
   1:Core/Src/app_freertos.c **** /* USER CODE BEGIN Header */
   2:Core/Src/app_freertos.c **** /**
   3:Core/Src/app_freertos.c ****   ******************************************************************************
   4:Core/Src/app_freertos.c ****   * File Name          : app_freertos.c
   5:Core/Src/app_freertos.c ****   * Description        : Code for freertos applications
   6:Core/Src/app_freertos.c ****   ******************************************************************************
   7:Core/Src/app_freertos.c ****   * @attention
   8:Core/Src/app_freertos.c ****   *
   9:Core/Src/app_freertos.c ****   * Copyright (c) 2026 STMicroelectronics.
  10:Core/Src/app_freertos.c ****   * All rights reserved.
  11:Core/Src/app_freertos.c ****   *
  12:Core/Src/app_freertos.c ****   * This software is licensed under terms that can be found in the LICENSE file
  13:Core/Src/app_freertos.c ****   * in the root directory of this software component.
  14:Core/Src/app_freertos.c ****   * If no LICENSE file comes with this software, it is provided AS-IS.
  15:Core/Src/app_freertos.c ****   *
  16:Core/Src/app_freertos.c ****   ******************************************************************************
  17:Core/Src/app_freertos.c ****   */
  18:Core/Src/app_freertos.c **** /* USER CODE END Header */
  19:Core/Src/app_freertos.c **** 
  20:Core/Src/app_freertos.c **** /* Includes ------------------------------------------------------------------*/
  21:Core/Src/app_freertos.c **** #include "FreeRTOS.h"
  22:Core/Src/app_freertos.c **** #include "task.h"
  23:Core/Src/app_freertos.c **** #include "main.h"
  24:Core/Src/app_freertos.c **** #include "cmsis_os.h"
  25:Core/Src/app_freertos.c **** 
  26:Core/Src/app_freertos.c **** /* Private includes ----------------------------------------------------------*/
  27:Core/Src/app_freertos.c **** /* USER CODE BEGIN Includes */
  28:Core/Src/app_freertos.c **** #include "led.h"
  29:Core/Src/app_freertos.c **** #include "usart.h"
  30:Core/Src/app_freertos.c **** #include "adc.h"
ARM GAS  C:\Users\86133\AppData\Local\Temp\ccRbO9yS.s 			page 2


  31:Core/Src/app_freertos.c **** #include "lcd.h"
  32:Core/Src/app_freertos.c **** #include "dht11.h"
  33:Core/Src/app_freertos.c **** #include <string.h>
  34:Core/Src/app_freertos.c **** #include <stdio.h>
  35:Core/Src/app_freertos.c **** /* USER CODE END Includes */
  36:Core/Src/app_freertos.c **** 
  37:Core/Src/app_freertos.c **** /* Private typedef -----------------------------------------------------------*/
  38:Core/Src/app_freertos.c **** /* USER CODE BEGIN PTD */
  39:Core/Src/app_freertos.c **** 
  40:Core/Src/app_freertos.c **** /* USER CODE END PTD */
  41:Core/Src/app_freertos.c **** 
  42:Core/Src/app_freertos.c **** /* Private define ------------------------------------------------------------*/
  43:Core/Src/app_freertos.c **** /* USER CODE BEGIN PD */
  44:Core/Src/app_freertos.c **** 
  45:Core/Src/app_freertos.c **** /* USER CODE END PD */
  46:Core/Src/app_freertos.c **** 
  47:Core/Src/app_freertos.c **** /* Private macro -------------------------------------------------------------*/
  48:Core/Src/app_freertos.c **** /* USER CODE BEGIN PM */
  49:Core/Src/app_freertos.c **** 
  50:Core/Src/app_freertos.c **** /* USER CODE END PM */
  51:Core/Src/app_freertos.c **** 
  52:Core/Src/app_freertos.c **** /* Private variables ---------------------------------------------------------*/
  53:Core/Src/app_freertos.c **** /* USER CODE BEGIN Variables */
  54:Core/Src/app_freertos.c **** extern float g_adc_val;
  55:Core/Src/app_freertos.c **** extern uint8_t g_led_cmd;
  56:Core/Src/app_freertos.c **** extern uint8_t g_temp, g_humi;
  57:Core/Src/app_freertos.c **** /* USER CODE END Variables */
  58:Core/Src/app_freertos.c **** /* Definitions for defaultTask */
  59:Core/Src/app_freertos.c **** osThreadId_t defaultTaskHandle;
  60:Core/Src/app_freertos.c **** const osThreadAttr_t defaultTask_attributes = {
  61:Core/Src/app_freertos.c ****   .name = "defaultTask",
  62:Core/Src/app_freertos.c ****   .priority = (osPriority_t) osPriorityNormal,
  63:Core/Src/app_freertos.c ****   .stack_size = 128 * 4
  64:Core/Src/app_freertos.c **** };
  65:Core/Src/app_freertos.c **** /* Definitions for Task_UART_Cmd */
  66:Core/Src/app_freertos.c **** osThreadId_t Task_UART_CmdHandle;
  67:Core/Src/app_freertos.c **** const osThreadAttr_t Task_UART_Cmd_attributes = {
  68:Core/Src/app_freertos.c ****   .name = "Task_UART_Cmd",
  69:Core/Src/app_freertos.c ****   .priority = (osPriority_t) osPriorityHigh,
  70:Core/Src/app_freertos.c ****   .stack_size = 256 * 4
  71:Core/Src/app_freertos.c **** };
  72:Core/Src/app_freertos.c **** /* Definitions for Task_Sensor_Sam */
  73:Core/Src/app_freertos.c **** osThreadId_t Task_Sensor_SamHandle;
  74:Core/Src/app_freertos.c **** const osThreadAttr_t Task_Sensor_Sam_attributes = {
  75:Core/Src/app_freertos.c ****   .name = "Task_Sensor_Sam",
  76:Core/Src/app_freertos.c ****   .priority = (osPriority_t) osPriorityAboveNormal,
  77:Core/Src/app_freertos.c ****   .stack_size = 256 * 4
  78:Core/Src/app_freertos.c **** };
  79:Core/Src/app_freertos.c **** /* Definitions for Task_LED_Ctrl */
  80:Core/Src/app_freertos.c **** osThreadId_t Task_LED_CtrlHandle;
  81:Core/Src/app_freertos.c **** const osThreadAttr_t Task_LED_Ctrl_attributes = {
  82:Core/Src/app_freertos.c ****   .name = "Task_LED_Ctrl",
  83:Core/Src/app_freertos.c ****   .priority = (osPriority_t) osPriorityNormal,
  84:Core/Src/app_freertos.c ****   .stack_size = 128 * 4
  85:Core/Src/app_freertos.c **** };
  86:Core/Src/app_freertos.c **** /* Definitions for Task_LCD_Refres */
  87:Core/Src/app_freertos.c **** osThreadId_t Task_LCD_RefresHandle;
ARM GAS  C:\Users\86133\AppData\Local\Temp\ccRbO9yS.s 			page 3


  88:Core/Src/app_freertos.c **** const osThreadAttr_t Task_LCD_Refres_attributes = {
  89:Core/Src/app_freertos.c ****   .name = "Task_LCD_Refres",
  90:Core/Src/app_freertos.c ****   .priority = (osPriority_t) osPriorityLow,
  91:Core/Src/app_freertos.c ****   .stack_size = 256 * 4
  92:Core/Src/app_freertos.c **** };
  93:Core/Src/app_freertos.c **** /* Definitions for Queue_LED_Cmd */
  94:Core/Src/app_freertos.c **** osMessageQueueId_t Queue_LED_CmdHandle;
  95:Core/Src/app_freertos.c **** const osMessageQueueAttr_t Queue_LED_Cmd_attributes = {
  96:Core/Src/app_freertos.c ****   .name = "Queue_LED_Cmd"
  97:Core/Src/app_freertos.c **** };
  98:Core/Src/app_freertos.c **** /* Definitions for Queue_UART_RX */
  99:Core/Src/app_freertos.c **** osMessageQueueId_t Queue_UART_RXHandle;
 100:Core/Src/app_freertos.c **** const osMessageQueueAttr_t Queue_UART_RX_attributes = {
 101:Core/Src/app_freertos.c ****   .name = "Queue_UART_RX"
 102:Core/Src/app_freertos.c **** };
 103:Core/Src/app_freertos.c **** /* Definitions for mutex_lcd */
 104:Core/Src/app_freertos.c **** osMutexId_t mutex_lcdHandle;
 105:Core/Src/app_freertos.c **** const osMutexAttr_t mutex_lcd_attributes = {
 106:Core/Src/app_freertos.c ****   .name = "mutex_lcd"
 107:Core/Src/app_freertos.c **** };
 108:Core/Src/app_freertos.c **** /* Definitions for mutex_dht */
 109:Core/Src/app_freertos.c **** osMutexId_t mutex_dhtHandle;
 110:Core/Src/app_freertos.c **** const osMutexAttr_t mutex_dht_attributes = {
 111:Core/Src/app_freertos.c ****   .name = "mutex_dht"
 112:Core/Src/app_freertos.c **** };
 113:Core/Src/app_freertos.c **** 
 114:Core/Src/app_freertos.c **** /* Private function prototypes -----------------------------------------------*/
 115:Core/Src/app_freertos.c **** /* USER CODE BEGIN FunctionPrototypes */
 116:Core/Src/app_freertos.c **** 
 117:Core/Src/app_freertos.c **** /* USER CODE END FunctionPrototypes */
 118:Core/Src/app_freertos.c **** 
 119:Core/Src/app_freertos.c **** void StartDefaultTask(void *argument);
 120:Core/Src/app_freertos.c **** void StartTask_UART_Cmd(void *argument);
 121:Core/Src/app_freertos.c **** void StartTask_Sensor_Sample(void *argument);
 122:Core/Src/app_freertos.c **** void StartTask_LED_Ctrl(void *argument);
 123:Core/Src/app_freertos.c **** void StartTask_LCD_Refresh(void *argument);
 124:Core/Src/app_freertos.c **** 
 125:Core/Src/app_freertos.c **** void MX_FREERTOS_Init(void); /* (MISRA C 2004 rule 8.1) */
 126:Core/Src/app_freertos.c **** 
 127:Core/Src/app_freertos.c **** /**
 128:Core/Src/app_freertos.c ****   * @brief  FreeRTOS initialization
 129:Core/Src/app_freertos.c ****   * @param  None
 130:Core/Src/app_freertos.c ****   * @retval None
 131:Core/Src/app_freertos.c ****   */
 132:Core/Src/app_freertos.c **** void MX_FREERTOS_Init(void) {
 133:Core/Src/app_freertos.c ****   /* USER CODE BEGIN Init */
 134:Core/Src/app_freertos.c **** 
 135:Core/Src/app_freertos.c ****   /* USER CODE END Init */
 136:Core/Src/app_freertos.c ****   /* Create the mutex(es) */
 137:Core/Src/app_freertos.c ****   /* creation of mutex_lcd */
 138:Core/Src/app_freertos.c ****   mutex_lcdHandle = osMutexNew(&mutex_lcd_attributes);
 139:Core/Src/app_freertos.c **** 
 140:Core/Src/app_freertos.c ****   /* creation of mutex_dht */
 141:Core/Src/app_freertos.c ****   mutex_dhtHandle = osMutexNew(&mutex_dht_attributes);
 142:Core/Src/app_freertos.c **** 
 143:Core/Src/app_freertos.c ****   /* USER CODE BEGIN RTOS_MUTEX */
 144:Core/Src/app_freertos.c ****   /* add mutexes, ... */
ARM GAS  C:\Users\86133\AppData\Local\Temp\ccRbO9yS.s 			page 4


 145:Core/Src/app_freertos.c ****   /* USER CODE END RTOS_MUTEX */
 146:Core/Src/app_freertos.c **** 
 147:Core/Src/app_freertos.c ****   /* USER CODE BEGIN RTOS_SEMAPHORES */
 148:Core/Src/app_freertos.c ****   /* add semaphores, ... */
 149:Core/Src/app_freertos.c ****   /* USER CODE END RTOS_SEMAPHORES */
 150:Core/Src/app_freertos.c **** 
 151:Core/Src/app_freertos.c ****   /* USER CODE BEGIN RTOS_TIMERS */
 152:Core/Src/app_freertos.c ****   /* start timers, add new ones, ... */
 153:Core/Src/app_freertos.c ****   /* USER CODE END RTOS_TIMERS */
 154:Core/Src/app_freertos.c **** 
 155:Core/Src/app_freertos.c ****   /* Create the queue(s) */
 156:Core/Src/app_freertos.c ****   /* creation of Queue_LED_Cmd */
 157:Core/Src/app_freertos.c ****   Queue_LED_CmdHandle = osMessageQueueNew (8, 1, &Queue_LED_Cmd_attributes);
 158:Core/Src/app_freertos.c **** 
 159:Core/Src/app_freertos.c ****   /* creation of Queue_UART_RX */
 160:Core/Src/app_freertos.c ****   Queue_UART_RXHandle = osMessageQueueNew (16, 32, &Queue_UART_RX_attributes);
 161:Core/Src/app_freertos.c **** 
 162:Core/Src/app_freertos.c ****   /* USER CODE BEGIN RTOS_QUEUES */
 163:Core/Src/app_freertos.c ****   /* add queues, ... */
 164:Core/Src/app_freertos.c ****   /* USER CODE END RTOS_QUEUES */
 165:Core/Src/app_freertos.c **** 
 166:Core/Src/app_freertos.c ****   /* Create the thread(s) */
 167:Core/Src/app_freertos.c ****   /* creation of defaultTask */
 168:Core/Src/app_freertos.c ****   defaultTaskHandle = osThreadNew(StartDefaultTask, NULL, &defaultTask_attributes);
 169:Core/Src/app_freertos.c **** 
 170:Core/Src/app_freertos.c ****   /* creation of Task_UART_Cmd */
 171:Core/Src/app_freertos.c ****   Task_UART_CmdHandle = osThreadNew(StartTask_UART_Cmd, NULL, &Task_UART_Cmd_attributes);
 172:Core/Src/app_freertos.c **** 
 173:Core/Src/app_freertos.c ****   /* creation of Task_Sensor_Sam */
 174:Core/Src/app_freertos.c ****   Task_Sensor_SamHandle = osThreadNew(StartTask_Sensor_Sample, NULL, &Task_Sensor_Sam_attributes);
 175:Core/Src/app_freertos.c **** 
 176:Core/Src/app_freertos.c ****   /* creation of Task_LED_Ctrl */
 177:Core/Src/app_freertos.c ****   Task_LED_CtrlHandle = osThreadNew(StartTask_LED_Ctrl, NULL, &Task_LED_Ctrl_attributes);
 178:Core/Src/app_freertos.c **** 
 179:Core/Src/app_freertos.c ****   /* creation of Task_LCD_Refres */
 180:Core/Src/app_freertos.c ****   Task_LCD_RefresHandle = osThreadNew(StartTask_LCD_Refresh, NULL, &Task_LCD_Refres_attributes);
 181:Core/Src/app_freertos.c **** 
 182:Core/Src/app_freertos.c ****   /* USER CODE BEGIN RTOS_THREADS */
 183:Core/Src/app_freertos.c ****   /* add threads, ... */
 184:Core/Src/app_freertos.c ****   /* USER CODE END RTOS_THREADS */
 185:Core/Src/app_freertos.c **** 
 186:Core/Src/app_freertos.c ****   /* USER CODE BEGIN RTOS_EVENTS */
 187:Core/Src/app_freertos.c ****   /* add events, ... */
 188:Core/Src/app_freertos.c ****   /* USER CODE END RTOS_EVENTS */
 189:Core/Src/app_freertos.c **** 
 190:Core/Src/app_freertos.c **** }
 191:Core/Src/app_freertos.c **** 
 192:Core/Src/app_freertos.c **** /* USER CODE BEGIN Header_StartDefaultTask */
 193:Core/Src/app_freertos.c **** /**
 194:Core/Src/app_freertos.c ****   * @brief  Function implementing the defaultTask thread.
 195:Core/Src/app_freertos.c ****   * @param  argument: Not used
 196:Core/Src/app_freertos.c ****   * @retval None
 197:Core/Src/app_freertos.c ****   */
 198:Core/Src/app_freertos.c **** /* USER CODE END Header_StartDefaultTask */
 199:Core/Src/app_freertos.c **** void StartDefaultTask(void *argument)
 200:Core/Src/app_freertos.c **** {
  29              		.loc 1 200 1 view -0
ARM GAS  C:\Users\86133\AppData\Local\Temp\ccRbO9yS.s 			page 5


  30              		.cfi_startproc
  31              		@ Volatile: function does not return.
  32              		@ args = 0, pretend = 0, frame = 0
  33              		@ frame_needed = 0, uses_anonymous_args = 0
  34              	.LVL0:
  35              		.loc 1 200 1 is_stmt 0 view .LVU1
  36 0000 08B5     		push	{r3, lr}
  37              	.LCFI0:
  38              		.cfi_def_cfa_offset 8
  39              		.cfi_offset 3, -8
  40              		.cfi_offset 14, -4
  41              	.LVL1:
  42              	.L2:
 201:Core/Src/app_freertos.c ****   /* USER CODE BEGIN StartDefaultTask */
 202:Core/Src/app_freertos.c ****   /* Infinite loop */
 203:Core/Src/app_freertos.c ****   for(;;)
  43              		.loc 1 203 3 is_stmt 1 discriminator 1 view .LVU2
 204:Core/Src/app_freertos.c ****   {
 205:Core/Src/app_freertos.c ****     osDelay(1);
  44              		.loc 1 205 5 discriminator 1 view .LVU3
  45 0002 0120     		movs	r0, #1
  46 0004 FFF7FEFF 		bl	osDelay
  47              	.LVL2:
 203:Core/Src/app_freertos.c ****   {
  48              		.loc 1 203 8 discriminator 1 view .LVU4
  49 0008 FBE7     		b	.L2
  50              		.cfi_endproc
  51              	.LFE337:
  53              		.section	.rodata.StartTask_UART_Cmd.str1.4,"aMS",%progbits,1
  54              		.align	2
  55              	.LC0:
  56 0000 4C45445F 		.ascii	"LED_ON\000"
  56      4F4E00
  57 0007 00       		.align	2
  58              	.LC1:
  59 0008 4C45445F 		.ascii	"LED_OFF\000"
  59      4F464600 
  60              		.align	2
  61              	.LC2:
  62 0010 64617461 		.ascii	"data\000"
  62      00
  63 0015 000000   		.align	2
  64              	.LC3:
  65 0018 5B444154 		.ascii	"[DATA] POT: %d.%02d V, Temp: %d C, Humi: %d%%\015\012"
  65      415D2050 
  65      4F543A20 
  65      25642E25 
  65      30326420 
  66 0047 00       		.ascii	"\000"
  67              		.align	2
  68              	.LC4:
  69 0048 5B574152 		.ascii	"[WARN] Unknown: %s\015\012\000"
  69      4E5D2055 
  69      6E6B6E6F 
  69      776E3A20 
  69      25730D0A 
  70              		.section	.text.StartTask_UART_Cmd,"ax",%progbits
ARM GAS  C:\Users\86133\AppData\Local\Temp\ccRbO9yS.s 			page 6


  71              		.align	1
  72              		.global	StartTask_UART_Cmd
  73              		.syntax unified
  74              		.thumb
  75              		.thumb_func
  77              	StartTask_UART_Cmd:
  78              	.LFB338:
 206:Core/Src/app_freertos.c ****   }
 207:Core/Src/app_freertos.c ****   /* USER CODE END StartDefaultTask */
 208:Core/Src/app_freertos.c **** }
 209:Core/Src/app_freertos.c **** 
 210:Core/Src/app_freertos.c **** /* USER CODE BEGIN Header_StartTask_UART_Cmd */
 211:Core/Src/app_freertos.c **** /**
 212:Core/Src/app_freertos.c **** * @brief Function implementing the Task_UART_Cmd thread.
 213:Core/Src/app_freertos.c **** * @param argument: Not used
 214:Core/Src/app_freertos.c **** * @retval None
 215:Core/Src/app_freertos.c **** */
 216:Core/Src/app_freertos.c **** /* USER CODE END Header_StartTask_UART_Cmd */
 217:Core/Src/app_freertos.c **** void StartTask_UART_Cmd(void *argument)
 218:Core/Src/app_freertos.c **** {
  79              		.loc 1 218 1 view -0
  80              		.cfi_startproc
  81              		@ Volatile: function does not return.
  82              		@ args = 0, pretend = 0, frame = 32
  83              		@ frame_needed = 0, uses_anonymous_args = 0
  84              	.LVL3:
  85              		.loc 1 218 1 is_stmt 0 view .LVU6
  86 0000 00B5     		push	{lr}
  87              	.LCFI1:
  88              		.cfi_def_cfa_offset 4
  89              		.cfi_offset 14, -4
  90 0002 8BB0     		sub	sp, sp, #44
  91              	.LCFI2:
  92              		.cfi_def_cfa_offset 48
  93 0004 2CE0     		b	.L6
  94              	.LVL4:
  95              	.L7:
 219:Core/Src/app_freertos.c ****     /* USER CODE BEGIN StartTask_UART_Cmd */
 220:Core/Src/app_freertos.c ****   char rx_buf[32];
 221:Core/Src/app_freertos.c ****   for(;;)
 222:Core/Src/app_freertos.c ****   {
 223:Core/Src/app_freertos.c ****     if (osMessageQueueGet(Queue_UART_RXHandle, rx_buf, NULL, osWaitForever) == osOK)
 224:Core/Src/app_freertos.c ****     {
 225:Core/Src/app_freertos.c ****       if (strncmp(rx_buf, "LED_ON", 6) == 0)
 226:Core/Src/app_freertos.c ****       {
 227:Core/Src/app_freertos.c ****         g_led_cmd = 1;
 228:Core/Src/app_freertos.c ****         osMessageQueuePut(Queue_LED_CmdHandle, &g_led_cmd, 0, 0);
 229:Core/Src/app_freertos.c ****       }
 230:Core/Src/app_freertos.c ****       else if (strncmp(rx_buf, "LED_OFF", 7) == 0)
  96              		.loc 1 230 12 is_stmt 1 view .LVU7
  97              		.loc 1 230 16 is_stmt 0 view .LVU8
  98 0006 0722     		movs	r2, #7
  99 0008 2A49     		ldr	r1, .L13
 100 000a 02A8     		add	r0, sp, #8
 101 000c FFF7FEFF 		bl	strncmp
 102              	.LVL5:
 103              		.loc 1 230 15 view .LVU9
ARM GAS  C:\Users\86133\AppData\Local\Temp\ccRbO9yS.s 			page 7


 104 0010 0028     		cmp	r0, #0
 105 0012 40D0     		beq	.L12
 231:Core/Src/app_freertos.c ****       {
 232:Core/Src/app_freertos.c ****         g_led_cmd = 0;
 233:Core/Src/app_freertos.c ****         osMessageQueuePut(Queue_LED_CmdHandle, &g_led_cmd, 0, 0);
 234:Core/Src/app_freertos.c ****       }
 235:Core/Src/app_freertos.c ****       else if (strncmp(rx_buf, "data", 4) == 0)
 106              		.loc 1 235 12 is_stmt 1 view .LVU10
 107              		.loc 1 235 16 is_stmt 0 view .LVU11
 108 0014 0422     		movs	r2, #4
 109 0016 2849     		ldr	r1, .L13+4
 110 0018 02A8     		add	r0, sp, #8
 111 001a FFF7FEFF 		bl	strncmp
 112              	.LVL6:
 113              		.loc 1 235 15 view .LVU12
 114 001e 0028     		cmp	r0, #0
 115 0020 42D1     		bne	.L10
 236:Core/Src/app_freertos.c ****       {
 237:Core/Src/app_freertos.c ****         printf("[DATA] POT: %d.%02d V, Temp: %d C, Humi: %d%%\r\n",
 116              		.loc 1 237 9 is_stmt 1 view .LVU13
 117 0022 264B     		ldr	r3, .L13+8
 118 0024 D3ED007A 		vldr.32	s15, [r3]
 119 0028 BDEEE77A 		vcvt.s32.f32	s14, s15
 238:Core/Src/app_freertos.c ****                (int)g_adc_val, (int)((g_adc_val - (int)g_adc_val) * 100 + 0.5f),
 120              		.loc 1 238 49 is_stmt 0 view .LVU14
 121 002c F8EEC76A 		vcvt.f32.s32	s13, s14
 122 0030 77EEE67A 		vsub.f32	s15, s15, s13
 123              		.loc 1 238 67 view .LVU15
 124 0034 DFED226A 		vldr.32	s13, .L13+12
 125 0038 67EEA67A 		vmul.f32	s15, s15, s13
 126              		.loc 1 238 73 view .LVU16
 127 003c F6EE006A 		vmov.f32	s13, #5.0e-1
 128 0040 77EEA67A 		vadd.f32	s15, s15, s13
 237:Core/Src/app_freertos.c ****                (int)g_adc_val, (int)((g_adc_val - (int)g_adc_val) * 100 + 0.5f),
 129              		.loc 1 237 9 view .LVU17
 130 0044 1F4B     		ldr	r3, .L13+16
 131 0046 1B78     		ldrb	r3, [r3]	@ zero_extendqisi2
 132 0048 0093     		str	r3, [sp]
 133 004a 1F4B     		ldr	r3, .L13+20
 134 004c 1B78     		ldrb	r3, [r3]	@ zero_extendqisi2
 135 004e FDEEE77A 		vcvt.s32.f32	s15, s15
 136 0052 17EE902A 		vmov	r2, s15	@ int
 137 0056 17EE101A 		vmov	r1, s14	@ int
 138 005a 1C48     		ldr	r0, .L13+24
 139 005c FFF7FEFF 		bl	printf
 140              	.LVL7:
 141              	.L6:
 220:Core/Src/app_freertos.c ****   for(;;)
 142              		.loc 1 220 3 is_stmt 1 view .LVU18
 221:Core/Src/app_freertos.c ****   {
 143              		.loc 1 221 3 view .LVU19
 223:Core/Src/app_freertos.c ****     {
 144              		.loc 1 223 5 view .LVU20
 223:Core/Src/app_freertos.c ****     {
 145              		.loc 1 223 9 is_stmt 0 view .LVU21
 146 0060 4FF0FF33 		mov	r3, #-1
 147 0064 0022     		movs	r2, #0
ARM GAS  C:\Users\86133\AppData\Local\Temp\ccRbO9yS.s 			page 8


 148 0066 02A9     		add	r1, sp, #8
 149 0068 1948     		ldr	r0, .L13+28
 150 006a 0068     		ldr	r0, [r0]
 151 006c FFF7FEFF 		bl	osMessageQueueGet
 152              	.LVL8:
 223:Core/Src/app_freertos.c ****     {
 153              		.loc 1 223 8 view .LVU22
 154 0070 0028     		cmp	r0, #0
 155 0072 F5D1     		bne	.L6
 225:Core/Src/app_freertos.c ****       {
 156              		.loc 1 225 7 is_stmt 1 view .LVU23
 225:Core/Src/app_freertos.c ****       {
 157              		.loc 1 225 11 is_stmt 0 view .LVU24
 158 0074 0622     		movs	r2, #6
 159 0076 1749     		ldr	r1, .L13+32
 160 0078 02A8     		add	r0, sp, #8
 161 007a FFF7FEFF 		bl	strncmp
 162              	.LVL9:
 225:Core/Src/app_freertos.c ****       {
 163              		.loc 1 225 10 view .LVU25
 164 007e 0028     		cmp	r0, #0
 165 0080 C1D1     		bne	.L7
 227:Core/Src/app_freertos.c ****         osMessageQueuePut(Queue_LED_CmdHandle, &g_led_cmd, 0, 0);
 166              		.loc 1 227 9 is_stmt 1 view .LVU26
 227:Core/Src/app_freertos.c ****         osMessageQueuePut(Queue_LED_CmdHandle, &g_led_cmd, 0, 0);
 167              		.loc 1 227 19 is_stmt 0 view .LVU27
 168 0082 1549     		ldr	r1, .L13+36
 169 0084 0123     		movs	r3, #1
 170 0086 0B70     		strb	r3, [r1]
 228:Core/Src/app_freertos.c ****       }
 171              		.loc 1 228 9 is_stmt 1 view .LVU28
 172 0088 0023     		movs	r3, #0
 173 008a 1A46     		mov	r2, r3
 174 008c 1348     		ldr	r0, .L13+40
 175 008e 0068     		ldr	r0, [r0]
 176 0090 FFF7FEFF 		bl	osMessageQueuePut
 177              	.LVL10:
 178 0094 E4E7     		b	.L6
 179              	.L12:
 232:Core/Src/app_freertos.c ****         osMessageQueuePut(Queue_LED_CmdHandle, &g_led_cmd, 0, 0);
 180              		.loc 1 232 9 view .LVU29
 232:Core/Src/app_freertos.c ****         osMessageQueuePut(Queue_LED_CmdHandle, &g_led_cmd, 0, 0);
 181              		.loc 1 232 19 is_stmt 0 view .LVU30
 182 0096 1049     		ldr	r1, .L13+36
 183 0098 0022     		movs	r2, #0
 184 009a 0A70     		strb	r2, [r1]
 233:Core/Src/app_freertos.c ****       }
 185              		.loc 1 233 9 is_stmt 1 view .LVU31
 186 009c 1346     		mov	r3, r2
 187 009e 0F48     		ldr	r0, .L13+40
 188 00a0 0068     		ldr	r0, [r0]
 189 00a2 FFF7FEFF 		bl	osMessageQueuePut
 190              	.LVL11:
 191 00a6 DBE7     		b	.L6
 192              	.L10:
 239:Core/Src/app_freertos.c ****                g_temp, g_humi);
 240:Core/Src/app_freertos.c ****       }
ARM GAS  C:\Users\86133\AppData\Local\Temp\ccRbO9yS.s 			page 9


 241:Core/Src/app_freertos.c ****       else
 242:Core/Src/app_freertos.c ****       {
 243:Core/Src/app_freertos.c ****         printf("[WARN] Unknown: %s\r\n", rx_buf);
 193              		.loc 1 243 9 view .LVU32
 194 00a8 02A9     		add	r1, sp, #8
 195 00aa 0D48     		ldr	r0, .L13+44
 196 00ac FFF7FEFF 		bl	printf
 197              	.LVL12:
 198 00b0 D6E7     		b	.L6
 199              	.L14:
 200 00b2 00BF     		.align	2
 201              	.L13:
 202 00b4 08000000 		.word	.LC1
 203 00b8 10000000 		.word	.LC2
 204 00bc 00000000 		.word	g_adc_val
 205 00c0 0000C842 		.word	1120403456
 206 00c4 00000000 		.word	g_humi
 207 00c8 00000000 		.word	g_temp
 208 00cc 18000000 		.word	.LC3
 209 00d0 00000000 		.word	.LANCHOR0
 210 00d4 00000000 		.word	.LC0
 211 00d8 00000000 		.word	g_led_cmd
 212 00dc 00000000 		.word	.LANCHOR1
 213 00e0 48000000 		.word	.LC4
 214              		.cfi_endproc
 215              	.LFE338:
 217              		.section	.rodata.StartTask_Sensor_Sample.str1.4,"aMS",%progbits,1
 218              		.align	2
 219              	.LC5:
 220 0000 504F543A 		.ascii	"POT: %d.%02d V | T:%d H:%d\015\012\000"
 220      2025642E 
 220      25303264 
 220      2056207C 
 220      20543A25 
 221              		.section	.text.StartTask_Sensor_Sample,"ax",%progbits
 222              		.align	1
 223              		.global	StartTask_Sensor_Sample
 224              		.syntax unified
 225              		.thumb
 226              		.thumb_func
 228              	StartTask_Sensor_Sample:
 229              	.LFB339:
 244:Core/Src/app_freertos.c ****       }
 245:Core/Src/app_freertos.c ****     }
 246:Core/Src/app_freertos.c ****   }
 247:Core/Src/app_freertos.c ****   /* USER CODE END StartTask_UART_Cmd */
 248:Core/Src/app_freertos.c **** }
 249:Core/Src/app_freertos.c **** 
 250:Core/Src/app_freertos.c **** /* USER CODE BEGIN Header_StartTask_Sensor_Sample */
 251:Core/Src/app_freertos.c **** /**
 252:Core/Src/app_freertos.c **** * @brief Function implementing the Task_Sensor_Sam thread.
 253:Core/Src/app_freertos.c **** * @param argument: Not used
 254:Core/Src/app_freertos.c **** * @retval None
 255:Core/Src/app_freertos.c **** */
 256:Core/Src/app_freertos.c **** /* USER CODE END Header_StartTask_Sensor_Sample */
 257:Core/Src/app_freertos.c **** void StartTask_Sensor_Sample(void *argument)
 258:Core/Src/app_freertos.c **** {
ARM GAS  C:\Users\86133\AppData\Local\Temp\ccRbO9yS.s 			page 10


 230              		.loc 1 258 1 view -0
 231              		.cfi_startproc
 232              		@ args = 0, pretend = 0, frame = 0
 233              		@ frame_needed = 0, uses_anonymous_args = 0
 234              	.LVL13:
 235              		.loc 1 258 1 is_stmt 0 view .LVU34
 236 0000 00B5     		push	{lr}
 237              	.LCFI3:
 238              		.cfi_def_cfa_offset 4
 239              		.cfi_offset 14, -4
 240 0002 83B0     		sub	sp, sp, #12
 241              	.LCFI4:
 242              		.cfi_def_cfa_offset 16
 243 0004 2EE0     		b	.L18
 244              	.LVL14:
 245              	.L20:
 246              	.LBB2:
 259:Core/Src/app_freertos.c ****     /* USER CODE BEGIN StartTask_Sensor_Sample */
 260:Core/Src/app_freertos.c ****   for(;;)
 261:Core/Src/app_freertos.c ****   {
 262:Core/Src/app_freertos.c ****     g_adc_val = Get_ADC_POT();
 263:Core/Src/app_freertos.c ****     osMutexAcquire(mutex_dhtHandle, osWaitForever);
 264:Core/Src/app_freertos.c ****     if (DHT11_ReadData(&g_temp, &g_humi) != HAL_OK) { g_temp = 0xFF; g_humi = 0xFF; }
 247              		.loc 1 264 55 is_stmt 1 discriminator 1 view .LVU35
 248              		.loc 1 264 62 is_stmt 0 discriminator 1 view .LVU36
 249 0006 FF23     		movs	r3, #255
 250 0008 1F4A     		ldr	r2, .L21
 251 000a 1370     		strb	r3, [r2]
 252              		.loc 1 264 70 is_stmt 1 discriminator 1 view .LVU37
 253              		.loc 1 264 77 is_stmt 0 discriminator 1 view .LVU38
 254 000c 1F4A     		ldr	r2, .L21+4
 255 000e 1370     		strb	r3, [r2]
 256              	.L16:
 265:Core/Src/app_freertos.c ****     osMutexRelease(mutex_dhtHandle);
 257              		.loc 1 265 5 is_stmt 1 view .LVU39
 258 0010 1F4B     		ldr	r3, .L21+8
 259 0012 1868     		ldr	r0, [r3]
 260 0014 FFF7FEFF 		bl	osMutexRelease
 261              	.LVL15:
 266:Core/Src/app_freertos.c ****     int vw = (int)g_adc_val;
 262              		.loc 1 266 5 view .LVU40
 263              		.loc 1 266 14 is_stmt 0 view .LVU41
 264 0018 1E4B     		ldr	r3, .L21+12
 265 001a D3ED007A 		vldr.32	s15, [r3]
 266              		.loc 1 266 9 view .LVU42
 267 001e BDEEE77A 		vcvt.s32.f32	s14, s15
 268              	.LVL16:
 267:Core/Src/app_freertos.c ****     int vf = (int)((g_adc_val - vw) * 100 + 0.5f);
 269              		.loc 1 267 5 is_stmt 1 view .LVU43
 270              		.loc 1 267 31 is_stmt 0 view .LVU44
 271 0022 F8EEC76A 		vcvt.f32.s32	s13, s14
 272 0026 77EEE67A 		vsub.f32	s15, s15, s13
 273              		.loc 1 267 37 view .LVU45
 274 002a DFED1B6A 		vldr.32	s13, .L21+16
 275 002e 67EEA67A 		vmul.f32	s15, s15, s13
 276              		.loc 1 267 43 view .LVU46
 277 0032 F6EE006A 		vmov.f32	s13, #5.0e-1
ARM GAS  C:\Users\86133\AppData\Local\Temp\ccRbO9yS.s 			page 11


 278 0036 77EEA67A 		vadd.f32	s15, s15, s13
 279              		.loc 1 267 9 view .LVU47
 280 003a FDEEE77A 		vcvt.s32.f32	s15, s15
 281 003e 17EE902A 		vmov	r2, s15	@ int
 282              	.LVL17:
 268:Core/Src/app_freertos.c ****     if (vf < 0) vf = -vf;
 283              		.loc 1 268 5 is_stmt 1 view .LVU48
 284              		.loc 1 268 8 is_stmt 0 view .LVU49
 285 0042 002A     		cmp	r2, #0
 286 0044 00DA     		bge	.L17
 287              		.loc 1 268 17 is_stmt 1 discriminator 1 view .LVU50
 288              		.loc 1 268 20 is_stmt 0 discriminator 1 view .LVU51
 289 0046 5242     		rsbs	r2, r2, #0
 290              	.LVL18:
 291              	.L17:
 269:Core/Src/app_freertos.c ****     printf("POT: %d.%02d V | T:%d H:%d\r\n", vw, vf, g_temp, g_humi);
 292              		.loc 1 269 5 is_stmt 1 view .LVU52
 293 0048 104B     		ldr	r3, .L21+4
 294 004a 1B78     		ldrb	r3, [r3]	@ zero_extendqisi2
 295 004c 0093     		str	r3, [sp]
 296 004e 0E4B     		ldr	r3, .L21
 297 0050 1B78     		ldrb	r3, [r3]	@ zero_extendqisi2
 298 0052 17EE101A 		vmov	r1, s14	@ int
 299 0056 1148     		ldr	r0, .L21+20
 300 0058 FFF7FEFF 		bl	printf
 301              	.LVL19:
 270:Core/Src/app_freertos.c ****     osDelay(500);
 302              		.loc 1 270 5 view .LVU53
 303 005c 4FF4FA70 		mov	r0, #500
 304 0060 FFF7FEFF 		bl	osDelay
 305              	.LVL20:
 306              	.LBE2:
 260:Core/Src/app_freertos.c ****   {
 307              		.loc 1 260 8 view .LVU54
 308              	.L18:
 260:Core/Src/app_freertos.c ****   {
 309              		.loc 1 260 3 view .LVU55
 310              	.LBB3:
 262:Core/Src/app_freertos.c ****     osMutexAcquire(mutex_dhtHandle, osWaitForever);
 311              		.loc 1 262 5 view .LVU56
 262:Core/Src/app_freertos.c ****     osMutexAcquire(mutex_dhtHandle, osWaitForever);
 312              		.loc 1 262 17 is_stmt 0 view .LVU57
 313 0064 FFF7FEFF 		bl	Get_ADC_POT
 314              	.LVL21:
 262:Core/Src/app_freertos.c ****     osMutexAcquire(mutex_dhtHandle, osWaitForever);
 315              		.loc 1 262 15 view .LVU58
 316 0068 0A4B     		ldr	r3, .L21+12
 317 006a 83ED000A 		vstr.32	s0, [r3]
 263:Core/Src/app_freertos.c ****     if (DHT11_ReadData(&g_temp, &g_humi) != HAL_OK) { g_temp = 0xFF; g_humi = 0xFF; }
 318              		.loc 1 263 5 is_stmt 1 view .LVU59
 319 006e 4FF0FF31 		mov	r1, #-1
 320 0072 074B     		ldr	r3, .L21+8
 321 0074 1868     		ldr	r0, [r3]
 322 0076 FFF7FEFF 		bl	osMutexAcquire
 323              	.LVL22:
 264:Core/Src/app_freertos.c ****     osMutexRelease(mutex_dhtHandle);
 324              		.loc 1 264 5 view .LVU60
ARM GAS  C:\Users\86133\AppData\Local\Temp\ccRbO9yS.s 			page 12


 264:Core/Src/app_freertos.c ****     osMutexRelease(mutex_dhtHandle);
 325              		.loc 1 264 9 is_stmt 0 view .LVU61
 326 007a 0449     		ldr	r1, .L21+4
 327 007c 0248     		ldr	r0, .L21
 328 007e FFF7FEFF 		bl	DHT11_ReadData
 329              	.LVL23:
 264:Core/Src/app_freertos.c ****     osMutexRelease(mutex_dhtHandle);
 330              		.loc 1 264 8 view .LVU62
 331 0082 0028     		cmp	r0, #0
 332 0084 C4D0     		beq	.L16
 333 0086 BEE7     		b	.L20
 334              	.L22:
 335              		.align	2
 336              	.L21:
 337 0088 00000000 		.word	g_temp
 338 008c 00000000 		.word	g_humi
 339 0090 00000000 		.word	.LANCHOR2
 340 0094 00000000 		.word	g_adc_val
 341 0098 0000C842 		.word	1120403456
 342 009c 00000000 		.word	.LC5
 343              	.LBE3:
 344              		.cfi_endproc
 345              	.LFE339:
 347              		.section	.rodata.StartTask_LED_Ctrl.str1.4,"aMS",%progbits,1
 348              		.align	2
 349              	.LC6:
 350 0000 5B4F4B5D 		.ascii	"[OK] LED8 ON\015\000"
 350      204C4544 
 350      38204F4E 
 350      0D00
 351 000e 0000     		.align	2
 352              	.LC7:
 353 0010 5B4F4B5D 		.ascii	"[OK] LED8 OFF\015\000"
 353      204C4544 
 353      38204F46 
 353      460D00
 354              		.section	.text.StartTask_LED_Ctrl,"ax",%progbits
 355              		.align	1
 356              		.global	StartTask_LED_Ctrl
 357              		.syntax unified
 358              		.thumb
 359              		.thumb_func
 361              	StartTask_LED_Ctrl:
 362              	.LFB340:
 271:Core/Src/app_freertos.c ****   }
 272:Core/Src/app_freertos.c ****   /* USER CODE END StartTask_Sensor_Sample */
 273:Core/Src/app_freertos.c **** }
 274:Core/Src/app_freertos.c **** 
 275:Core/Src/app_freertos.c **** /* USER CODE BEGIN Header_StartTask_LED_Ctrl */
 276:Core/Src/app_freertos.c **** /**
 277:Core/Src/app_freertos.c **** * @brief Function implementing the Task_LED_Ctrl thread.
 278:Core/Src/app_freertos.c **** * @param argument: Not used
 279:Core/Src/app_freertos.c **** * @retval None
 280:Core/Src/app_freertos.c **** */
 281:Core/Src/app_freertos.c **** /* USER CODE END Header_StartTask_LED_Ctrl */
 282:Core/Src/app_freertos.c **** void StartTask_LED_Ctrl(void *argument)
 283:Core/Src/app_freertos.c **** {
ARM GAS  C:\Users\86133\AppData\Local\Temp\ccRbO9yS.s 			page 13


 363              		.loc 1 283 1 is_stmt 1 view -0
 364              		.cfi_startproc
 365              		@ Volatile: function does not return.
 366              		@ args = 0, pretend = 0, frame = 8
 367              		@ frame_needed = 0, uses_anonymous_args = 0
 368              	.LVL24:
 369              		.loc 1 283 1 is_stmt 0 view .LVU64
 370 0000 00B5     		push	{lr}
 371              	.LCFI5:
 372              		.cfi_def_cfa_offset 4
 373              		.cfi_offset 14, -4
 374 0002 83B0     		sub	sp, sp, #12
 375              	.LCFI6:
 376              		.cfi_def_cfa_offset 16
 377 0004 09E0     		b	.L24
 378              	.LVL25:
 379              	.L25:
 284:Core/Src/app_freertos.c ****     /* USER CODE BEGIN StartTask_LED_Ctrl */
 285:Core/Src/app_freertos.c ****   uint8_t cmd;
 286:Core/Src/app_freertos.c ****   for(;;)
 287:Core/Src/app_freertos.c ****   {
 288:Core/Src/app_freertos.c ****     if (osMessageQueueGet(Queue_LED_CmdHandle, &cmd, NULL, osWaitForever) == osOK)
 289:Core/Src/app_freertos.c ****     {
 290:Core/Src/app_freertos.c ****       osMutexAcquire(mutex_lcdHandle, osWaitForever);
 291:Core/Src/app_freertos.c ****       if (cmd == 1) { LED_On(7); printf("[OK] LED8 ON\r\n"); }
 292:Core/Src/app_freertos.c ****       else          { LED_Off(7); printf("[OK] LED8 OFF\r\n"); }
 380              		.loc 1 292 23 is_stmt 1 view .LVU65
 381 0006 0720     		movs	r0, #7
 382 0008 FFF7FEFF 		bl	LED_Off
 383              	.LVL26:
 384              		.loc 1 292 35 view .LVU66
 385 000c 1148     		ldr	r0, .L29
 386 000e FFF7FEFF 		bl	puts
 387              	.LVL27:
 388              	.L26:
 293:Core/Src/app_freertos.c ****       osMutexRelease(mutex_lcdHandle);
 389              		.loc 1 293 7 view .LVU67
 390 0012 114B     		ldr	r3, .L29+4
 391 0014 1868     		ldr	r0, [r3]
 392 0016 FFF7FEFF 		bl	osMutexRelease
 393              	.LVL28:
 394              	.L24:
 285:Core/Src/app_freertos.c ****   for(;;)
 395              		.loc 1 285 3 view .LVU68
 286:Core/Src/app_freertos.c ****   {
 396              		.loc 1 286 3 view .LVU69
 288:Core/Src/app_freertos.c ****     {
 397              		.loc 1 288 5 view .LVU70
 288:Core/Src/app_freertos.c ****     {
 398              		.loc 1 288 9 is_stmt 0 view .LVU71
 399 001a 4FF0FF33 		mov	r3, #-1
 400 001e 0022     		movs	r2, #0
 401 0020 0DF10701 		add	r1, sp, #7
 402 0024 0D48     		ldr	r0, .L29+8
 403 0026 0068     		ldr	r0, [r0]
 404 0028 FFF7FEFF 		bl	osMessageQueueGet
 405              	.LVL29:
ARM GAS  C:\Users\86133\AppData\Local\Temp\ccRbO9yS.s 			page 14


 288:Core/Src/app_freertos.c ****     {
 406              		.loc 1 288 8 view .LVU72
 407 002c 0028     		cmp	r0, #0
 408 002e F4D1     		bne	.L24
 290:Core/Src/app_freertos.c ****       if (cmd == 1) { LED_On(7); printf("[OK] LED8 ON\r\n"); }
 409              		.loc 1 290 7 is_stmt 1 view .LVU73
 410 0030 4FF0FF31 		mov	r1, #-1
 411 0034 084B     		ldr	r3, .L29+4
 412 0036 1868     		ldr	r0, [r3]
 413 0038 FFF7FEFF 		bl	osMutexAcquire
 414              	.LVL30:
 291:Core/Src/app_freertos.c ****       else          { LED_Off(7); printf("[OK] LED8 OFF\r\n"); }
 415              		.loc 1 291 7 view .LVU74
 291:Core/Src/app_freertos.c ****       else          { LED_Off(7); printf("[OK] LED8 OFF\r\n"); }
 416              		.loc 1 291 15 is_stmt 0 view .LVU75
 417 003c 9DF80730 		ldrb	r3, [sp, #7]	@ zero_extendqisi2
 291:Core/Src/app_freertos.c ****       else          { LED_Off(7); printf("[OK] LED8 OFF\r\n"); }
 418              		.loc 1 291 10 view .LVU76
 419 0040 012B     		cmp	r3, #1
 420 0042 E0D1     		bne	.L25
 291:Core/Src/app_freertos.c ****       else          { LED_Off(7); printf("[OK] LED8 OFF\r\n"); }
 421              		.loc 1 291 23 is_stmt 1 discriminator 1 view .LVU77
 422 0044 0720     		movs	r0, #7
 423 0046 FFF7FEFF 		bl	LED_On
 424              	.LVL31:
 291:Core/Src/app_freertos.c ****       else          { LED_Off(7); printf("[OK] LED8 OFF\r\n"); }
 425              		.loc 1 291 34 discriminator 1 view .LVU78
 426 004a 0548     		ldr	r0, .L29+12
 427 004c FFF7FEFF 		bl	puts
 428              	.LVL32:
 429 0050 DFE7     		b	.L26
 430              	.L30:
 431 0052 00BF     		.align	2
 432              	.L29:
 433 0054 10000000 		.word	.LC7
 434 0058 00000000 		.word	.LANCHOR3
 435 005c 00000000 		.word	.LANCHOR1
 436 0060 00000000 		.word	.LC6
 437              		.cfi_endproc
 438              	.LFE340:
 440              		.section	.rodata.StartTask_LCD_Refresh.str1.4,"aMS",%progbits,1
 441              		.align	2
 442              	.LC8:
 443 0000 504F543A 		.ascii	"POT: %d.%02dV T:%d H:%d%%\000"
 443      2025642E 
 443      25303264 
 443      5620543A 
 443      25642048 
 444              		.section	.text.StartTask_LCD_Refresh,"ax",%progbits
 445              		.align	1
 446              		.global	StartTask_LCD_Refresh
 447              		.syntax unified
 448              		.thumb
 449              		.thumb_func
 451              	StartTask_LCD_Refresh:
 452              	.LFB341:
 294:Core/Src/app_freertos.c ****     }
ARM GAS  C:\Users\86133\AppData\Local\Temp\ccRbO9yS.s 			page 15


 295:Core/Src/app_freertos.c ****   }
 296:Core/Src/app_freertos.c ****   /* USER CODE END StartTask_LED_Ctrl */
 297:Core/Src/app_freertos.c **** }
 298:Core/Src/app_freertos.c **** 
 299:Core/Src/app_freertos.c **** /* USER CODE BEGIN Header_StartTask_LCD_Refresh */
 300:Core/Src/app_freertos.c **** /**
 301:Core/Src/app_freertos.c **** * @brief Function implementing the Task_LCD_Refres thread.
 302:Core/Src/app_freertos.c **** * @param argument: Not used
 303:Core/Src/app_freertos.c **** * @retval None
 304:Core/Src/app_freertos.c **** */
 305:Core/Src/app_freertos.c **** /* USER CODE END Header_StartTask_LCD_Refresh */
 306:Core/Src/app_freertos.c **** void StartTask_LCD_Refresh(void *argument)
 307:Core/Src/app_freertos.c **** {
 453              		.loc 1 307 1 view -0
 454              		.cfi_startproc
 455              		@ args = 0, pretend = 0, frame = 48
 456              		@ frame_needed = 0, uses_anonymous_args = 0
 457              	.LVL33:
 458              		.loc 1 307 1 is_stmt 0 view .LVU80
 459 0000 00B5     		push	{lr}
 460              	.LCFI7:
 461              		.cfi_def_cfa_offset 4
 462              		.cfi_offset 14, -4
 463 0002 8FB0     		sub	sp, sp, #60
 464              	.LCFI8:
 465              		.cfi_def_cfa_offset 64
 466 0004 1AE0     		b	.L33
 467              	.LVL34:
 468              	.L35:
 469              	.LBB4:
 308:Core/Src/app_freertos.c ****     /* USER CODE BEGIN StartTask_LCD_Refresh */
 309:Core/Src/app_freertos.c ****   char lcd_buf[48];
 310:Core/Src/app_freertos.c ****   for(;;)
 311:Core/Src/app_freertos.c ****   {
 312:Core/Src/app_freertos.c ****     osMutexAcquire(mutex_lcdHandle, osWaitForever);
 313:Core/Src/app_freertos.c ****     int vw = (int)g_adc_val;
 314:Core/Src/app_freertos.c ****     int vf = (int)((g_adc_val - vw) * 100 + 0.5f);
 315:Core/Src/app_freertos.c ****     if (vf < 0) vf = -vf;
 470              		.loc 1 315 17 is_stmt 1 discriminator 1 view .LVU81
 471              		.loc 1 315 20 is_stmt 0 discriminator 1 view .LVU82
 472 0006 5B42     		rsbs	r3, r3, #0
 473              	.LVL35:
 474              	.L32:
 316:Core/Src/app_freertos.c ****     sprintf(lcd_buf, "POT: %d.%02dV T:%d H:%d%%", vw, vf, g_temp, g_humi);
 475              		.loc 1 316 5 is_stmt 1 view .LVU83
 476 0008 1B4A     		ldr	r2, .L36
 477 000a 1278     		ldrb	r2, [r2]	@ zero_extendqisi2
 478 000c 0192     		str	r2, [sp, #4]
 479 000e 1B4A     		ldr	r2, .L36+4
 480 0010 1278     		ldrb	r2, [r2]	@ zero_extendqisi2
 481 0012 0092     		str	r2, [sp]
 482 0014 17EE102A 		vmov	r2, s14	@ int
 483 0018 1949     		ldr	r1, .L36+8
 484 001a 02A8     		add	r0, sp, #8
 485 001c FFF7FEFF 		bl	sprintf
 486              	.LVL36:
 317:Core/Src/app_freertos.c ****     LCD_ClearLine(Line1);
ARM GAS  C:\Users\86133\AppData\Local\Temp\ccRbO9yS.s 			page 16


 487              		.loc 1 317 5 view .LVU84
 488 0020 1820     		movs	r0, #24
 489 0022 FFF7FEFF 		bl	LCD_ClearLine
 490              	.LVL37:
 318:Core/Src/app_freertos.c ****     LCD_DisplayStringLine(Line1, (u8*)lcd_buf);
 491              		.loc 1 318 5 view .LVU85
 492 0026 02A9     		add	r1, sp, #8
 493 0028 1820     		movs	r0, #24
 494 002a FFF7FEFF 		bl	LCD_DisplayStringLine
 495              	.LVL38:
 319:Core/Src/app_freertos.c ****     osMutexRelease(mutex_lcdHandle);
 496              		.loc 1 319 5 view .LVU86
 497 002e 154B     		ldr	r3, .L36+12
 498 0030 1868     		ldr	r0, [r3]
 499 0032 FFF7FEFF 		bl	osMutexRelease
 500              	.LVL39:
 320:Core/Src/app_freertos.c ****     osDelay(200);
 501              		.loc 1 320 5 view .LVU87
 502 0036 C820     		movs	r0, #200
 503 0038 FFF7FEFF 		bl	osDelay
 504              	.LVL40:
 505              	.LBE4:
 310:Core/Src/app_freertos.c ****   {
 506              		.loc 1 310 8 view .LVU88
 507              	.L33:
 309:Core/Src/app_freertos.c ****   for(;;)
 508              		.loc 1 309 3 view .LVU89
 310:Core/Src/app_freertos.c ****   {
 509              		.loc 1 310 3 view .LVU90
 510              	.LBB5:
 312:Core/Src/app_freertos.c ****     int vw = (int)g_adc_val;
 511              		.loc 1 312 5 view .LVU91
 512 003c 4FF0FF31 		mov	r1, #-1
 513 0040 104B     		ldr	r3, .L36+12
 514 0042 1868     		ldr	r0, [r3]
 515 0044 FFF7FEFF 		bl	osMutexAcquire
 516              	.LVL41:
 313:Core/Src/app_freertos.c ****     int vf = (int)((g_adc_val - vw) * 100 + 0.5f);
 517              		.loc 1 313 5 view .LVU92
 313:Core/Src/app_freertos.c ****     int vf = (int)((g_adc_val - vw) * 100 + 0.5f);
 518              		.loc 1 313 14 is_stmt 0 view .LVU93
 519 0048 0F4B     		ldr	r3, .L36+16
 520 004a D3ED007A 		vldr.32	s15, [r3]
 313:Core/Src/app_freertos.c ****     int vf = (int)((g_adc_val - vw) * 100 + 0.5f);
 521              		.loc 1 313 9 view .LVU94
 522 004e BDEEE77A 		vcvt.s32.f32	s14, s15
 523              	.LVL42:
 314:Core/Src/app_freertos.c ****     if (vf < 0) vf = -vf;
 524              		.loc 1 314 5 is_stmt 1 view .LVU95
 314:Core/Src/app_freertos.c ****     if (vf < 0) vf = -vf;
 525              		.loc 1 314 31 is_stmt 0 view .LVU96
 526 0052 F8EEC76A 		vcvt.f32.s32	s13, s14
 527 0056 77EEE67A 		vsub.f32	s15, s15, s13
 314:Core/Src/app_freertos.c ****     if (vf < 0) vf = -vf;
 528              		.loc 1 314 37 view .LVU97
 529 005a DFED0C6A 		vldr.32	s13, .L36+20
 530 005e 67EEA67A 		vmul.f32	s15, s15, s13
ARM GAS  C:\Users\86133\AppData\Local\Temp\ccRbO9yS.s 			page 17


 314:Core/Src/app_freertos.c ****     if (vf < 0) vf = -vf;
 531              		.loc 1 314 43 view .LVU98
 532 0062 F6EE006A 		vmov.f32	s13, #5.0e-1
 533 0066 77EEA67A 		vadd.f32	s15, s15, s13
 314:Core/Src/app_freertos.c ****     if (vf < 0) vf = -vf;
 534              		.loc 1 314 9 view .LVU99
 535 006a FDEEE77A 		vcvt.s32.f32	s15, s15
 536 006e 17EE903A 		vmov	r3, s15	@ int
 537              	.LVL43:
 315:Core/Src/app_freertos.c ****     sprintf(lcd_buf, "POT: %d.%02dV T:%d H:%d%%", vw, vf, g_temp, g_humi);
 538              		.loc 1 315 5 is_stmt 1 view .LVU100
 315:Core/Src/app_freertos.c ****     sprintf(lcd_buf, "POT: %d.%02dV T:%d H:%d%%", vw, vf, g_temp, g_humi);
 539              		.loc 1 315 8 is_stmt 0 view .LVU101
 540 0072 002B     		cmp	r3, #0
 541 0074 C7DB     		blt	.L35
 542 0076 C7E7     		b	.L32
 543              	.L37:
 544              		.align	2
 545              	.L36:
 546 0078 00000000 		.word	g_humi
 547 007c 00000000 		.word	g_temp
 548 0080 00000000 		.word	.LC8
 549 0084 00000000 		.word	.LANCHOR3
 550 0088 00000000 		.word	g_adc_val
 551 008c 0000C842 		.word	1120403456
 552              	.LBE5:
 553              		.cfi_endproc
 554              	.LFE341:
 556              		.section	.text.MX_FREERTOS_Init,"ax",%progbits
 557              		.align	1
 558              		.global	MX_FREERTOS_Init
 559              		.syntax unified
 560              		.thumb
 561              		.thumb_func
 563              	MX_FREERTOS_Init:
 564              	.LFB336:
 132:Core/Src/app_freertos.c ****   /* USER CODE BEGIN Init */
 565              		.loc 1 132 29 is_stmt 1 view -0
 566              		.cfi_startproc
 567              		@ args = 0, pretend = 0, frame = 0
 568              		@ frame_needed = 0, uses_anonymous_args = 0
 569 0000 08B5     		push	{r3, lr}
 570              	.LCFI9:
 571              		.cfi_def_cfa_offset 8
 572              		.cfi_offset 3, -8
 573              		.cfi_offset 14, -4
 138:Core/Src/app_freertos.c **** 
 574              		.loc 1 138 3 view .LVU103
 138:Core/Src/app_freertos.c **** 
 575              		.loc 1 138 21 is_stmt 0 view .LVU104
 576 0002 1E48     		ldr	r0, .L40
 577 0004 FFF7FEFF 		bl	osMutexNew
 578              	.LVL44:
 138:Core/Src/app_freertos.c **** 
 579              		.loc 1 138 19 view .LVU105
 580 0008 1D4B     		ldr	r3, .L40+4
 581 000a 1860     		str	r0, [r3]
ARM GAS  C:\Users\86133\AppData\Local\Temp\ccRbO9yS.s 			page 18


 141:Core/Src/app_freertos.c **** 
 582              		.loc 1 141 3 is_stmt 1 view .LVU106
 141:Core/Src/app_freertos.c **** 
 583              		.loc 1 141 21 is_stmt 0 view .LVU107
 584 000c 1D48     		ldr	r0, .L40+8
 585 000e FFF7FEFF 		bl	osMutexNew
 586              	.LVL45:
 141:Core/Src/app_freertos.c **** 
 587              		.loc 1 141 19 view .LVU108
 588 0012 1D4B     		ldr	r3, .L40+12
 589 0014 1860     		str	r0, [r3]
 157:Core/Src/app_freertos.c **** 
 590              		.loc 1 157 3 is_stmt 1 view .LVU109
 157:Core/Src/app_freertos.c **** 
 591              		.loc 1 157 25 is_stmt 0 view .LVU110
 592 0016 1D4A     		ldr	r2, .L40+16
 593 0018 0121     		movs	r1, #1
 594 001a 0820     		movs	r0, #8
 595 001c FFF7FEFF 		bl	osMessageQueueNew
 596              	.LVL46:
 157:Core/Src/app_freertos.c **** 
 597              		.loc 1 157 23 view .LVU111
 598 0020 1B4B     		ldr	r3, .L40+20
 599 0022 1860     		str	r0, [r3]
 160:Core/Src/app_freertos.c **** 
 600              		.loc 1 160 3 is_stmt 1 view .LVU112
 160:Core/Src/app_freertos.c **** 
 601              		.loc 1 160 25 is_stmt 0 view .LVU113
 602 0024 1B4A     		ldr	r2, .L40+24
 603 0026 2021     		movs	r1, #32
 604 0028 1020     		movs	r0, #16
 605 002a FFF7FEFF 		bl	osMessageQueueNew
 606              	.LVL47:
 160:Core/Src/app_freertos.c **** 
 607              		.loc 1 160 23 view .LVU114
 608 002e 1A4B     		ldr	r3, .L40+28
 609 0030 1860     		str	r0, [r3]
 168:Core/Src/app_freertos.c **** 
 610              		.loc 1 168 3 is_stmt 1 view .LVU115
 168:Core/Src/app_freertos.c **** 
 611              		.loc 1 168 23 is_stmt 0 view .LVU116
 612 0032 1A4A     		ldr	r2, .L40+32
 613 0034 0021     		movs	r1, #0
 614 0036 1A48     		ldr	r0, .L40+36
 615 0038 FFF7FEFF 		bl	osThreadNew
 616              	.LVL48:
 168:Core/Src/app_freertos.c **** 
 617              		.loc 1 168 21 view .LVU117
 618 003c 194B     		ldr	r3, .L40+40
 619 003e 1860     		str	r0, [r3]
 171:Core/Src/app_freertos.c **** 
 620              		.loc 1 171 3 is_stmt 1 view .LVU118
 171:Core/Src/app_freertos.c **** 
 621              		.loc 1 171 25 is_stmt 0 view .LVU119
 622 0040 194A     		ldr	r2, .L40+44
 623 0042 0021     		movs	r1, #0
 624 0044 1948     		ldr	r0, .L40+48
ARM GAS  C:\Users\86133\AppData\Local\Temp\ccRbO9yS.s 			page 19


 625 0046 FFF7FEFF 		bl	osThreadNew
 626              	.LVL49:
 171:Core/Src/app_freertos.c **** 
 627              		.loc 1 171 23 view .LVU120
 628 004a 194B     		ldr	r3, .L40+52
 629 004c 1860     		str	r0, [r3]
 174:Core/Src/app_freertos.c **** 
 630              		.loc 1 174 3 is_stmt 1 view .LVU121
 174:Core/Src/app_freertos.c **** 
 631              		.loc 1 174 27 is_stmt 0 view .LVU122
 632 004e 194A     		ldr	r2, .L40+56
 633 0050 0021     		movs	r1, #0
 634 0052 1948     		ldr	r0, .L40+60
 635 0054 FFF7FEFF 		bl	osThreadNew
 636              	.LVL50:
 174:Core/Src/app_freertos.c **** 
 637              		.loc 1 174 25 view .LVU123
 638 0058 184B     		ldr	r3, .L40+64
 639 005a 1860     		str	r0, [r3]
 177:Core/Src/app_freertos.c **** 
 640              		.loc 1 177 3 is_stmt 1 view .LVU124
 177:Core/Src/app_freertos.c **** 
 641              		.loc 1 177 25 is_stmt 0 view .LVU125
 642 005c 184A     		ldr	r2, .L40+68
 643 005e 0021     		movs	r1, #0
 644 0060 1848     		ldr	r0, .L40+72
 645 0062 FFF7FEFF 		bl	osThreadNew
 646              	.LVL51:
 177:Core/Src/app_freertos.c **** 
 647              		.loc 1 177 23 view .LVU126
 648 0066 184B     		ldr	r3, .L40+76
 649 0068 1860     		str	r0, [r3]
 180:Core/Src/app_freertos.c **** 
 650              		.loc 1 180 3 is_stmt 1 view .LVU127
 180:Core/Src/app_freertos.c **** 
 651              		.loc 1 180 27 is_stmt 0 view .LVU128
 652 006a 184A     		ldr	r2, .L40+80
 653 006c 0021     		movs	r1, #0
 654 006e 1848     		ldr	r0, .L40+84
 655 0070 FFF7FEFF 		bl	osThreadNew
 656              	.LVL52:
 180:Core/Src/app_freertos.c **** 
 657              		.loc 1 180 25 view .LVU129
 658 0074 174B     		ldr	r3, .L40+88
 659 0076 1860     		str	r0, [r3]
 190:Core/Src/app_freertos.c **** 
 660              		.loc 1 190 1 view .LVU130
 661 0078 08BD     		pop	{r3, pc}
 662              	.L41:
 663 007a 00BF     		.align	2
 664              	.L40:
 665 007c 00000000 		.word	.LANCHOR4
 666 0080 00000000 		.word	.LANCHOR3
 667 0084 00000000 		.word	.LANCHOR5
 668 0088 00000000 		.word	.LANCHOR2
 669 008c 00000000 		.word	.LANCHOR6
 670 0090 00000000 		.word	.LANCHOR1
ARM GAS  C:\Users\86133\AppData\Local\Temp\ccRbO9yS.s 			page 20


 671 0094 00000000 		.word	.LANCHOR7
 672 0098 00000000 		.word	.LANCHOR0
 673 009c 00000000 		.word	.LANCHOR8
 674 00a0 00000000 		.word	StartDefaultTask
 675 00a4 00000000 		.word	.LANCHOR9
 676 00a8 00000000 		.word	.LANCHOR10
 677 00ac 00000000 		.word	StartTask_UART_Cmd
 678 00b0 00000000 		.word	.LANCHOR11
 679 00b4 00000000 		.word	.LANCHOR12
 680 00b8 00000000 		.word	StartTask_Sensor_Sample
 681 00bc 00000000 		.word	.LANCHOR13
 682 00c0 00000000 		.word	.LANCHOR14
 683 00c4 00000000 		.word	StartTask_LED_Ctrl
 684 00c8 00000000 		.word	.LANCHOR15
 685 00cc 00000000 		.word	.LANCHOR16
 686 00d0 00000000 		.word	StartTask_LCD_Refresh
 687 00d4 00000000 		.word	.LANCHOR17
 688              		.cfi_endproc
 689              	.LFE336:
 691              		.global	mutex_dht_attributes
 692              		.section	.rodata.str1.4,"aMS",%progbits,1
 693              		.align	2
 694              	.LC9:
 695 0000 6D757465 		.ascii	"mutex_dht\000"
 695      785F6468 
 695      7400
 696              		.global	mutex_dhtHandle
 697              		.global	mutex_lcd_attributes
 698 000a 0000     		.align	2
 699              	.LC10:
 700 000c 6D757465 		.ascii	"mutex_lcd\000"
 700      785F6C63 
 700      6400
 701              		.global	mutex_lcdHandle
 702              		.global	Queue_UART_RX_attributes
 703 0016 0000     		.align	2
 704              	.LC11:
 705 0018 51756575 		.ascii	"Queue_UART_RX\000"
 705      655F5541 
 705      52545F52 
 705      5800
 706              		.global	Queue_UART_RXHandle
 707              		.global	Queue_LED_Cmd_attributes
 708 0026 0000     		.align	2
 709              	.LC12:
 710 0028 51756575 		.ascii	"Queue_LED_Cmd\000"
 710      655F4C45 
 710      445F436D 
 710      6400
 711              		.global	Queue_LED_CmdHandle
 712              		.global	Task_LCD_Refres_attributes
 713 0036 0000     		.align	2
 714              	.LC13:
 715 0038 5461736B 		.ascii	"Task_LCD_Refres\000"
 715      5F4C4344 
 715      5F526566 
 715      72657300 
ARM GAS  C:\Users\86133\AppData\Local\Temp\ccRbO9yS.s 			page 21


 716              		.global	Task_LCD_RefresHandle
 717              		.global	Task_LED_Ctrl_attributes
 718              		.align	2
 719              	.LC14:
 720 0048 5461736B 		.ascii	"Task_LED_Ctrl\000"
 720      5F4C4544 
 720      5F437472 
 720      6C00
 721              		.global	Task_LED_CtrlHandle
 722              		.global	Task_Sensor_Sam_attributes
 723 0056 0000     		.align	2
 724              	.LC15:
 725 0058 5461736B 		.ascii	"Task_Sensor_Sam\000"
 725      5F53656E 
 725      736F725F 
 725      53616D00 
 726              		.global	Task_Sensor_SamHandle
 727              		.global	Task_UART_Cmd_attributes
 728              		.align	2
 729              	.LC16:
 730 0068 5461736B 		.ascii	"Task_UART_Cmd\000"
 730      5F554152 
 730      545F436D 
 730      6400
 731              		.global	Task_UART_CmdHandle
 732              		.global	defaultTask_attributes
 733 0076 0000     		.align	2
 734              	.LC17:
 735 0078 64656661 		.ascii	"defaultTask\000"
 735      756C7454 
 735      61736B00 
 736              		.global	defaultTaskHandle
 737              		.section	.bss.Queue_LED_CmdHandle,"aw",%nobits
 738              		.align	2
 739              		.set	.LANCHOR1,. + 0
 742              	Queue_LED_CmdHandle:
 743 0000 00000000 		.space	4
 744              		.section	.bss.Queue_UART_RXHandle,"aw",%nobits
 745              		.align	2
 746              		.set	.LANCHOR0,. + 0
 749              	Queue_UART_RXHandle:
 750 0000 00000000 		.space	4
 751              		.section	.bss.Task_LCD_RefresHandle,"aw",%nobits
 752              		.align	2
 753              		.set	.LANCHOR17,. + 0
 756              	Task_LCD_RefresHandle:
 757 0000 00000000 		.space	4
 758              		.section	.bss.Task_LED_CtrlHandle,"aw",%nobits
 759              		.align	2
 760              		.set	.LANCHOR15,. + 0
 763              	Task_LED_CtrlHandle:
 764 0000 00000000 		.space	4
 765              		.section	.bss.Task_Sensor_SamHandle,"aw",%nobits
 766              		.align	2
 767              		.set	.LANCHOR13,. + 0
 770              	Task_Sensor_SamHandle:
 771 0000 00000000 		.space	4
ARM GAS  C:\Users\86133\AppData\Local\Temp\ccRbO9yS.s 			page 22


 772              		.section	.bss.Task_UART_CmdHandle,"aw",%nobits
 773              		.align	2
 774              		.set	.LANCHOR11,. + 0
 777              	Task_UART_CmdHandle:
 778 0000 00000000 		.space	4
 779              		.section	.bss.defaultTaskHandle,"aw",%nobits
 780              		.align	2
 781              		.set	.LANCHOR9,. + 0
 784              	defaultTaskHandle:
 785 0000 00000000 		.space	4
 786              		.section	.bss.mutex_dhtHandle,"aw",%nobits
 787              		.align	2
 788              		.set	.LANCHOR2,. + 0
 791              	mutex_dhtHandle:
 792 0000 00000000 		.space	4
 793              		.section	.bss.mutex_lcdHandle,"aw",%nobits
 794              		.align	2
 795              		.set	.LANCHOR3,. + 0
 798              	mutex_lcdHandle:
 799 0000 00000000 		.space	4
 800              		.section	.rodata.Queue_LED_Cmd_attributes,"a"
 801              		.align	2
 802              		.set	.LANCHOR6,. + 0
 805              	Queue_LED_Cmd_attributes:
 806 0000 28000000 		.word	.LC12
 807 0004 00000000 		.space	20
 807      00000000 
 807      00000000 
 807      00000000 
 807      00000000 
 808              		.section	.rodata.Queue_UART_RX_attributes,"a"
 809              		.align	2
 810              		.set	.LANCHOR7,. + 0
 813              	Queue_UART_RX_attributes:
 814 0000 18000000 		.word	.LC11
 815 0004 00000000 		.space	20
 815      00000000 
 815      00000000 
 815      00000000 
 815      00000000 
 816              		.section	.rodata.Task_LCD_Refres_attributes,"a"
 817              		.align	2
 818              		.set	.LANCHOR16,. + 0
 821              	Task_LCD_Refres_attributes:
 822 0000 38000000 		.word	.LC13
 823 0004 00000000 		.space	16
 823      00000000 
 823      00000000 
 823      00000000 
 824 0014 00040000 		.word	1024
 825 0018 08000000 		.word	8
 826 001c 00000000 		.space	8
 826      00000000 
 827              		.section	.rodata.Task_LED_Ctrl_attributes,"a"
 828              		.align	2
 829              		.set	.LANCHOR14,. + 0
 832              	Task_LED_Ctrl_attributes:
ARM GAS  C:\Users\86133\AppData\Local\Temp\ccRbO9yS.s 			page 23


 833 0000 48000000 		.word	.LC14
 834 0004 00000000 		.space	16
 834      00000000 
 834      00000000 
 834      00000000 
 835 0014 00020000 		.word	512
 836 0018 18000000 		.word	24
 837 001c 00000000 		.space	8
 837      00000000 
 838              		.section	.rodata.Task_Sensor_Sam_attributes,"a"
 839              		.align	2
 840              		.set	.LANCHOR12,. + 0
 843              	Task_Sensor_Sam_attributes:
 844 0000 58000000 		.word	.LC15
 845 0004 00000000 		.space	16
 845      00000000 
 845      00000000 
 845      00000000 
 846 0014 00040000 		.word	1024
 847 0018 20000000 		.word	32
 848 001c 00000000 		.space	8
 848      00000000 
 849              		.section	.rodata.Task_UART_Cmd_attributes,"a"
 850              		.align	2
 851              		.set	.LANCHOR10,. + 0
 854              	Task_UART_Cmd_attributes:
 855 0000 68000000 		.word	.LC16
 856 0004 00000000 		.space	16
 856      00000000 
 856      00000000 
 856      00000000 
 857 0014 00040000 		.word	1024
 858 0018 28000000 		.word	40
 859 001c 00000000 		.space	8
 859      00000000 
 860              		.section	.rodata.defaultTask_attributes,"a"
 861              		.align	2
 862              		.set	.LANCHOR8,. + 0
 865              	defaultTask_attributes:
 866 0000 78000000 		.word	.LC17
 867 0004 00000000 		.space	16
 867      00000000 
 867      00000000 
 867      00000000 
 868 0014 00020000 		.word	512
 869 0018 18000000 		.word	24
 870 001c 00000000 		.space	8
 870      00000000 
 871              		.section	.rodata.mutex_dht_attributes,"a"
 872              		.align	2
 873              		.set	.LANCHOR5,. + 0
 876              	mutex_dht_attributes:
 877 0000 00000000 		.word	.LC9
 878 0004 00000000 		.space	12
 878      00000000 
 878      00000000 
 879              		.section	.rodata.mutex_lcd_attributes,"a"
ARM GAS  C:\Users\86133\AppData\Local\Temp\ccRbO9yS.s 			page 24


 880              		.align	2
 881              		.set	.LANCHOR4,. + 0
 884              	mutex_lcd_attributes:
 885 0000 0C000000 		.word	.LC10
 886 0004 00000000 		.space	12
 886      00000000 
 886      00000000 
 887              		.text
 888              	.Letext0:
 889              		.file 2 "c:\\arm\\gcc-arm-none-eabi\\10_2021.10\\arm-none-eabi\\include\\machine\\_default_types.h
 890              		.file 3 "c:\\arm\\gcc-arm-none-eabi\\10_2021.10\\arm-none-eabi\\include\\sys\\_stdint.h"
 891              		.file 4 "Drivers/STM32G4xx_HAL_Driver/Inc/stm32g4xx_hal_def.h"
 892              		.file 5 "Middlewares/Third_Party/FreeRTOS/Source/CMSIS_RTOS_V2/cmsis_os2.h"
 893              		.file 6 "c:\\arm\\gcc-arm-none-eabi\\10_2021.10\\arm-none-eabi\\include\\stdio.h"
 894              		.file 7 "Core/Inc/lcd.h"
 895              		.file 8 "Core/Inc/led.h"
 896              		.file 9 "Core/Inc/adc.h"
 897              		.file 10 "Core/Inc/dht11.h"
 898              		.file 11 "c:\\arm\\gcc-arm-none-eabi\\10_2021.10\\arm-none-eabi\\include\\string.h"
 899              		.file 12 "<built-in>"
ARM GAS  C:\Users\86133\AppData\Local\Temp\ccRbO9yS.s 			page 25


DEFINED SYMBOLS
                            *ABS*:00000000 app_freertos.c
C:\Users\86133\AppData\Local\Temp\ccRbO9yS.s:20     .text.StartDefaultTask:00000000 $t
C:\Users\86133\AppData\Local\Temp\ccRbO9yS.s:26     .text.StartDefaultTask:00000000 StartDefaultTask
C:\Users\86133\AppData\Local\Temp\ccRbO9yS.s:54     .rodata.StartTask_UART_Cmd.str1.4:00000000 $d
C:\Users\86133\AppData\Local\Temp\ccRbO9yS.s:71     .text.StartTask_UART_Cmd:00000000 $t
C:\Users\86133\AppData\Local\Temp\ccRbO9yS.s:77     .text.StartTask_UART_Cmd:00000000 StartTask_UART_Cmd
C:\Users\86133\AppData\Local\Temp\ccRbO9yS.s:202    .text.StartTask_UART_Cmd:000000b4 $d
C:\Users\86133\AppData\Local\Temp\ccRbO9yS.s:218    .rodata.StartTask_Sensor_Sample.str1.4:00000000 $d
C:\Users\86133\AppData\Local\Temp\ccRbO9yS.s:222    .text.StartTask_Sensor_Sample:00000000 $t
C:\Users\86133\AppData\Local\Temp\ccRbO9yS.s:228    .text.StartTask_Sensor_Sample:00000000 StartTask_Sensor_Sample
C:\Users\86133\AppData\Local\Temp\ccRbO9yS.s:337    .text.StartTask_Sensor_Sample:00000088 $d
C:\Users\86133\AppData\Local\Temp\ccRbO9yS.s:348    .rodata.StartTask_LED_Ctrl.str1.4:00000000 $d
C:\Users\86133\AppData\Local\Temp\ccRbO9yS.s:355    .text.StartTask_LED_Ctrl:00000000 $t
C:\Users\86133\AppData\Local\Temp\ccRbO9yS.s:361    .text.StartTask_LED_Ctrl:00000000 StartTask_LED_Ctrl
C:\Users\86133\AppData\Local\Temp\ccRbO9yS.s:433    .text.StartTask_LED_Ctrl:00000054 $d
C:\Users\86133\AppData\Local\Temp\ccRbO9yS.s:441    .rodata.StartTask_LCD_Refresh.str1.4:00000000 $d
C:\Users\86133\AppData\Local\Temp\ccRbO9yS.s:445    .text.StartTask_LCD_Refresh:00000000 $t
C:\Users\86133\AppData\Local\Temp\ccRbO9yS.s:451    .text.StartTask_LCD_Refresh:00000000 StartTask_LCD_Refresh
C:\Users\86133\AppData\Local\Temp\ccRbO9yS.s:546    .text.StartTask_LCD_Refresh:00000078 $d
C:\Users\86133\AppData\Local\Temp\ccRbO9yS.s:557    .text.MX_FREERTOS_Init:00000000 $t
C:\Users\86133\AppData\Local\Temp\ccRbO9yS.s:563    .text.MX_FREERTOS_Init:00000000 MX_FREERTOS_Init
C:\Users\86133\AppData\Local\Temp\ccRbO9yS.s:665    .text.MX_FREERTOS_Init:0000007c $d
C:\Users\86133\AppData\Local\Temp\ccRbO9yS.s:876    .rodata.mutex_dht_attributes:00000000 mutex_dht_attributes
C:\Users\86133\AppData\Local\Temp\ccRbO9yS.s:693    .rodata.str1.4:00000000 $d
C:\Users\86133\AppData\Local\Temp\ccRbO9yS.s:791    .bss.mutex_dhtHandle:00000000 mutex_dhtHandle
C:\Users\86133\AppData\Local\Temp\ccRbO9yS.s:884    .rodata.mutex_lcd_attributes:00000000 mutex_lcd_attributes
C:\Users\86133\AppData\Local\Temp\ccRbO9yS.s:798    .bss.mutex_lcdHandle:00000000 mutex_lcdHandle
C:\Users\86133\AppData\Local\Temp\ccRbO9yS.s:813    .rodata.Queue_UART_RX_attributes:00000000 Queue_UART_RX_attributes
C:\Users\86133\AppData\Local\Temp\ccRbO9yS.s:749    .bss.Queue_UART_RXHandle:00000000 Queue_UART_RXHandle
C:\Users\86133\AppData\Local\Temp\ccRbO9yS.s:805    .rodata.Queue_LED_Cmd_attributes:00000000 Queue_LED_Cmd_attributes
C:\Users\86133\AppData\Local\Temp\ccRbO9yS.s:742    .bss.Queue_LED_CmdHandle:00000000 Queue_LED_CmdHandle
C:\Users\86133\AppData\Local\Temp\ccRbO9yS.s:821    .rodata.Task_LCD_Refres_attributes:00000000 Task_LCD_Refres_attributes
C:\Users\86133\AppData\Local\Temp\ccRbO9yS.s:756    .bss.Task_LCD_RefresHandle:00000000 Task_LCD_RefresHandle
C:\Users\86133\AppData\Local\Temp\ccRbO9yS.s:832    .rodata.Task_LED_Ctrl_attributes:00000000 Task_LED_Ctrl_attributes
C:\Users\86133\AppData\Local\Temp\ccRbO9yS.s:763    .bss.Task_LED_CtrlHandle:00000000 Task_LED_CtrlHandle
C:\Users\86133\AppData\Local\Temp\ccRbO9yS.s:843    .rodata.Task_Sensor_Sam_attributes:00000000 Task_Sensor_Sam_attributes
C:\Users\86133\AppData\Local\Temp\ccRbO9yS.s:770    .bss.Task_Sensor_SamHandle:00000000 Task_Sensor_SamHandle
C:\Users\86133\AppData\Local\Temp\ccRbO9yS.s:854    .rodata.Task_UART_Cmd_attributes:00000000 Task_UART_Cmd_attributes
C:\Users\86133\AppData\Local\Temp\ccRbO9yS.s:777    .bss.Task_UART_CmdHandle:00000000 Task_UART_CmdHandle
C:\Users\86133\AppData\Local\Temp\ccRbO9yS.s:865    .rodata.defaultTask_attributes:00000000 defaultTask_attributes
C:\Users\86133\AppData\Local\Temp\ccRbO9yS.s:784    .bss.defaultTaskHandle:00000000 defaultTaskHandle
C:\Users\86133\AppData\Local\Temp\ccRbO9yS.s:738    .bss.Queue_LED_CmdHandle:00000000 $d
C:\Users\86133\AppData\Local\Temp\ccRbO9yS.s:745    .bss.Queue_UART_RXHandle:00000000 $d
C:\Users\86133\AppData\Local\Temp\ccRbO9yS.s:752    .bss.Task_LCD_RefresHandle:00000000 $d
C:\Users\86133\AppData\Local\Temp\ccRbO9yS.s:759    .bss.Task_LED_CtrlHandle:00000000 $d
C:\Users\86133\AppData\Local\Temp\ccRbO9yS.s:766    .bss.Task_Sensor_SamHandle:00000000 $d
C:\Users\86133\AppData\Local\Temp\ccRbO9yS.s:773    .bss.Task_UART_CmdHandle:00000000 $d
C:\Users\86133\AppData\Local\Temp\ccRbO9yS.s:780    .bss.defaultTaskHandle:00000000 $d
C:\Users\86133\AppData\Local\Temp\ccRbO9yS.s:787    .bss.mutex_dhtHandle:00000000 $d
C:\Users\86133\AppData\Local\Temp\ccRbO9yS.s:794    .bss.mutex_lcdHandle:00000000 $d
C:\Users\86133\AppData\Local\Temp\ccRbO9yS.s:801    .rodata.Queue_LED_Cmd_attributes:00000000 $d
C:\Users\86133\AppData\Local\Temp\ccRbO9yS.s:809    .rodata.Queue_UART_RX_attributes:00000000 $d
C:\Users\86133\AppData\Local\Temp\ccRbO9yS.s:817    .rodata.Task_LCD_Refres_attributes:00000000 $d
C:\Users\86133\AppData\Local\Temp\ccRbO9yS.s:828    .rodata.Task_LED_Ctrl_attributes:00000000 $d
C:\Users\86133\AppData\Local\Temp\ccRbO9yS.s:839    .rodata.Task_Sensor_Sam_attributes:00000000 $d
C:\Users\86133\AppData\Local\Temp\ccRbO9yS.s:850    .rodata.Task_UART_Cmd_attributes:00000000 $d
ARM GAS  C:\Users\86133\AppData\Local\Temp\ccRbO9yS.s 			page 26


C:\Users\86133\AppData\Local\Temp\ccRbO9yS.s:861    .rodata.defaultTask_attributes:00000000 $d
C:\Users\86133\AppData\Local\Temp\ccRbO9yS.s:872    .rodata.mutex_dht_attributes:00000000 $d
C:\Users\86133\AppData\Local\Temp\ccRbO9yS.s:880    .rodata.mutex_lcd_attributes:00000000 $d

UNDEFINED SYMBOLS
osDelay
strncmp
printf
osMessageQueueGet
osMessageQueuePut
g_adc_val
g_humi
g_temp
g_led_cmd
osMutexRelease
Get_ADC_POT
osMutexAcquire
DHT11_ReadData
LED_Off
puts
LED_On
sprintf
LCD_ClearLine
LCD_DisplayStringLine
osMutexNew
osMessageQueueNew
osThreadNew
