ARM GAS  C:\Users\86133\AppData\Local\Temp\ccy0Wb3c.s 			page 1


   1              		.cpu cortex-m4
   2              		.arch armv7e-m
   3              		.fpu fpv4-sp-d16
   4              		.eabi_attribute 27, 1
   5              		.eabi_attribute 28, 1
   6              		.eabi_attribute 20, 1
   7              		.eabi_attribute 21, 1
   8              		.eabi_attribute 23, 3
   9              		.eabi_attribute 24, 1
  10              		.eabi_attribute 25, 1
  11              		.eabi_attribute 26, 1
  12              		.eabi_attribute 30, 1
  13              		.eabi_attribute 34, 1
  14              		.eabi_attribute 18, 4
  15              		.file	"cmd.c"
  16              		.text
  17              	.Ltext0:
  18              		.cfi_sections	.debug_frame
  19              		.section	.rodata.CMD_Parse.str1.4,"aMS",%progbits,1
  20              		.align	2
  21              	.LC0:
  22 0000 6C656420 		.ascii	"led on\000"
  22      6F6E00
  23 0007 00       		.align	2
  24              	.LC1:
  25 0008 5B4F4B5D 		.ascii	"[OK] LED8 ON\015\000"
  25      204C4544 
  25      38204F4E 
  25      0D00
  26 0016 0000     		.align	2
  27              	.LC2:
  28 0018 6C656420 		.ascii	"led off\000"
  28      6F666600 
  29              		.align	2
  30              	.LC3:
  31 0020 5B4F4B5D 		.ascii	"[OK] LED8 OFF\015\000"
  31      204C4544 
  31      38204F46 
  31      460D00
  32 002f 00       		.align	2
  33              	.LC4:
  34 0030 64617461 		.ascii	"data\000"
  34      00
  35 0035 000000   		.align	2
  36              	.LC5:
  37 0038 5B444154 		.ascii	"[DATA] POT: %d.%02d V\015\012\000"
  37      415D2050 
  37      4F543A20 
  37      25642E25 
  37      30326420 
  38              		.align	2
  39              	.LC6:
  40 0050 5B574152 		.ascii	"[WARN] Unknown: %s\015\012\000"
  40      4E5D2055 
  40      6E6B6E6F 
  40      776E3A20 
  40      25730D0A 
ARM GAS  C:\Users\86133\AppData\Local\Temp\ccy0Wb3c.s 			page 2


  41 0065 000000   		.align	2
  42              	.LC7:
  43 0068 2020434D 		.ascii	"  CMD: led on / led off / data\015\000"
  43      443A206C 
  43      6564206F 
  43      6E202F20 
  43      6C656420 
  44              		.section	.text.CMD_Parse,"ax",%progbits
  45              		.align	1
  46              		.global	CMD_Parse
  47              		.syntax unified
  48              		.thumb
  49              		.thumb_func
  51              	CMD_Parse:
  52              	.LVL0:
  53              	.LFB332:
  54              		.file 1 "Core/Src/cmd.c"
   1:Core/Src/cmd.c **** ﻿#include "cmd.h"
   2:Core/Src/cmd.c **** #include "led.h"
   3:Core/Src/cmd.c **** #include "adc.h"
   4:Core/Src/cmd.c **** #include "usart.h"
   5:Core/Src/cmd.c **** #include <string.h>
   6:Core/Src/cmd.c **** #include <stdio.h>
   7:Core/Src/cmd.c **** 
   8:Core/Src/cmd.c **** void CMD_Parse(const char *cmd)
   9:Core/Src/cmd.c **** {
  55              		.loc 1 9 1 view -0
  56              		.cfi_startproc
  57              		@ args = 0, pretend = 0, frame = 0
  58              		@ frame_needed = 0, uses_anonymous_args = 0
  59              		.loc 1 9 1 is_stmt 0 view .LVU1
  60 0000 10B5     		push	{r4, lr}
  61              	.LCFI0:
  62              		.cfi_def_cfa_offset 8
  63              		.cfi_offset 4, -8
  64              		.cfi_offset 14, -4
  65 0002 0446     		mov	r4, r0
  10:Core/Src/cmd.c ****     if (strncmp(cmd, "led on", 6) == 0)
  66              		.loc 1 10 5 is_stmt 1 view .LVU2
  67              		.loc 1 10 9 is_stmt 0 view .LVU3
  68 0004 0622     		movs	r2, #6
  69 0006 2249     		ldr	r1, .L11
  70 0008 FFF7FEFF 		bl	strncmp
  71              	.LVL1:
  72              		.loc 1 10 8 view .LVU4
  73 000c 38B3     		cbz	r0, .L8
  11:Core/Src/cmd.c ****     {
  12:Core/Src/cmd.c ****         LED_Set(7);
  13:Core/Src/cmd.c ****         printf("[OK] LED8 ON\r\n");
  14:Core/Src/cmd.c ****     }
  15:Core/Src/cmd.c ****     else if (strncmp(cmd, "led off", 7) == 0)
  74              		.loc 1 15 10 is_stmt 1 view .LVU5
  75              		.loc 1 15 14 is_stmt 0 view .LVU6
  76 000e 0722     		movs	r2, #7
  77 0010 2049     		ldr	r1, .L11+4
  78 0012 2046     		mov	r0, r4
  79 0014 FFF7FEFF 		bl	strncmp
ARM GAS  C:\Users\86133\AppData\Local\Temp\ccy0Wb3c.s 			page 3


  80              	.LVL2:
  81              		.loc 1 15 13 view .LVU7
  82 0018 40B3     		cbz	r0, .L9
  16:Core/Src/cmd.c ****     {
  17:Core/Src/cmd.c ****         LED_Clear(7);
  18:Core/Src/cmd.c ****         printf("[OK] LED8 OFF\r\n");
  19:Core/Src/cmd.c ****     }
  20:Core/Src/cmd.c ****     else if (strncmp(cmd, "data", 4) == 0)
  83              		.loc 1 20 10 is_stmt 1 view .LVU8
  84              		.loc 1 20 14 is_stmt 0 view .LVU9
  85 001a 0422     		movs	r2, #4
  86 001c 1E49     		ldr	r1, .L11+8
  87 001e 2046     		mov	r0, r4
  88 0020 FFF7FEFF 		bl	strncmp
  89              	.LVL3:
  90              		.loc 1 20 13 view .LVU10
  91 0024 58BB     		cbnz	r0, .L5
  92              	.LBB2:
  21:Core/Src/cmd.c ****     {
  22:Core/Src/cmd.c ****         float v = Get_ADC_POT();
  93              		.loc 1 22 9 is_stmt 1 view .LVU11
  94              		.loc 1 22 19 is_stmt 0 view .LVU12
  95 0026 FFF7FEFF 		bl	Get_ADC_POT
  96              	.LVL4:
  23:Core/Src/cmd.c ****         int vw = (int)v;
  97              		.loc 1 23 9 is_stmt 1 view .LVU13
  98              		.loc 1 23 13 is_stmt 0 view .LVU14
  99 002a FDEEC07A 		vcvt.s32.f32	s15, s0
 100              	.LVL5:
  24:Core/Src/cmd.c ****         int vf = (int)((v - vw) * 100 + 0.5f);
 101              		.loc 1 24 9 is_stmt 1 view .LVU15
 102              		.loc 1 24 27 is_stmt 0 view .LVU16
 103 002e B8EEE77A 		vcvt.f32.s32	s14, s15
 104 0032 30EE470A 		vsub.f32	s0, s0, s14
 105              	.LVL6:
 106              		.loc 1 24 33 view .LVU17
 107 0036 9FED197A 		vldr.32	s14, .L11+12
 108 003a 20EE070A 		vmul.f32	s0, s0, s14
 109              		.loc 1 24 39 view .LVU18
 110 003e B6EE007A 		vmov.f32	s14, #5.0e-1
 111 0042 30EE070A 		vadd.f32	s0, s0, s14
 112              		.loc 1 24 13 view .LVU19
 113 0046 BDEEC07A 		vcvt.s32.f32	s14, s0
 114 004a 17EE102A 		vmov	r2, s14	@ int
 115              	.LVL7:
  25:Core/Src/cmd.c ****         if (vf < 0) vf = -vf;
 116              		.loc 1 25 9 is_stmt 1 view .LVU20
 117              		.loc 1 25 12 is_stmt 0 view .LVU21
 118 004e 002A     		cmp	r2, #0
 119 0050 13DB     		blt	.L10
 120              	.L6:
  26:Core/Src/cmd.c ****         printf("[DATA] POT: %d.%02d V\r\n", vw, vf);
 121              		.loc 1 26 9 is_stmt 1 view .LVU22
 122 0052 17EE901A 		vmov	r1, s15	@ int
 123 0056 1248     		ldr	r0, .L11+16
 124 0058 FFF7FEFF 		bl	printf
 125              	.LVL8:
ARM GAS  C:\Users\86133\AppData\Local\Temp\ccy0Wb3c.s 			page 4


 126              		.loc 1 26 9 is_stmt 0 view .LVU23
 127              	.LBE2:
 128 005c 05E0     		b	.L1
 129              	.L8:
  12:Core/Src/cmd.c ****         printf("[OK] LED8 ON\r\n");
 130              		.loc 1 12 9 is_stmt 1 view .LVU24
 131 005e 0720     		movs	r0, #7
 132 0060 FFF7FEFF 		bl	LED_Set
 133              	.LVL9:
  13:Core/Src/cmd.c ****     }
 134              		.loc 1 13 9 view .LVU25
 135 0064 0F48     		ldr	r0, .L11+20
 136 0066 FFF7FEFF 		bl	puts
 137              	.LVL10:
 138              	.L1:
  27:Core/Src/cmd.c ****     }
  28:Core/Src/cmd.c ****     else
  29:Core/Src/cmd.c ****     {
  30:Core/Src/cmd.c ****         printf("[WARN] Unknown: %s\r\n", cmd);
  31:Core/Src/cmd.c ****         printf("  CMD: led on / led off / data\r\n");
  32:Core/Src/cmd.c ****     }
  33:Core/Src/cmd.c **** }
 139              		.loc 1 33 1 is_stmt 0 view .LVU26
 140 006a 10BD     		pop	{r4, pc}
 141              	.LVL11:
 142              	.L9:
  17:Core/Src/cmd.c ****         printf("[OK] LED8 OFF\r\n");
 143              		.loc 1 17 9 is_stmt 1 view .LVU27
 144 006c 0720     		movs	r0, #7
 145 006e FFF7FEFF 		bl	LED_Clear
 146              	.LVL12:
  18:Core/Src/cmd.c ****     }
 147              		.loc 1 18 9 view .LVU28
 148 0072 0D48     		ldr	r0, .L11+24
 149 0074 FFF7FEFF 		bl	puts
 150              	.LVL13:
 151 0078 F7E7     		b	.L1
 152              	.LVL14:
 153              	.L10:
 154              	.LBB3:
  25:Core/Src/cmd.c ****         printf("[DATA] POT: %d.%02d V\r\n", vw, vf);
 155              		.loc 1 25 21 discriminator 1 view .LVU29
  25:Core/Src/cmd.c ****         printf("[DATA] POT: %d.%02d V\r\n", vw, vf);
 156              		.loc 1 25 24 is_stmt 0 discriminator 1 view .LVU30
 157 007a 5242     		rsbs	r2, r2, #0
 158              	.LVL15:
  25:Core/Src/cmd.c ****         printf("[DATA] POT: %d.%02d V\r\n", vw, vf);
 159              		.loc 1 25 24 discriminator 1 view .LVU31
 160 007c E9E7     		b	.L6
 161              	.LVL16:
 162              	.L5:
  25:Core/Src/cmd.c ****         printf("[DATA] POT: %d.%02d V\r\n", vw, vf);
 163              		.loc 1 25 24 discriminator 1 view .LVU32
 164              	.LBE3:
  30:Core/Src/cmd.c ****         printf("  CMD: led on / led off / data\r\n");
 165              		.loc 1 30 9 is_stmt 1 view .LVU33
 166 007e 2146     		mov	r1, r4
ARM GAS  C:\Users\86133\AppData\Local\Temp\ccy0Wb3c.s 			page 5


 167 0080 0A48     		ldr	r0, .L11+28
 168 0082 FFF7FEFF 		bl	printf
 169              	.LVL17:
  31:Core/Src/cmd.c ****     }
 170              		.loc 1 31 9 view .LVU34
 171 0086 0A48     		ldr	r0, .L11+32
 172 0088 FFF7FEFF 		bl	puts
 173              	.LVL18:
 174              		.loc 1 33 1 is_stmt 0 view .LVU35
 175 008c EDE7     		b	.L1
 176              	.L12:
 177 008e 00BF     		.align	2
 178              	.L11:
 179 0090 00000000 		.word	.LC0
 180 0094 18000000 		.word	.LC2
 181 0098 30000000 		.word	.LC4
 182 009c 0000C842 		.word	1120403456
 183 00a0 38000000 		.word	.LC5
 184 00a4 08000000 		.word	.LC1
 185 00a8 20000000 		.word	.LC3
 186 00ac 50000000 		.word	.LC6
 187 00b0 68000000 		.word	.LC7
 188              		.cfi_endproc
 189              	.LFE332:
 191              		.text
 192              	.Letext0:
 193              		.file 2 "Core/Inc/adc.h"
 194              		.file 3 "c:\\arm\\gcc-arm-none-eabi\\10_2021.10\\arm-none-eabi\\include\\stdio.h"
 195              		.file 4 "c:\\arm\\gcc-arm-none-eabi\\10_2021.10\\arm-none-eabi\\include\\string.h"
 196              		.file 5 "Core/Inc/led.h"
 197              		.file 6 "<built-in>"
ARM GAS  C:\Users\86133\AppData\Local\Temp\ccy0Wb3c.s 			page 6


DEFINED SYMBOLS
                            *ABS*:00000000 cmd.c
C:\Users\86133\AppData\Local\Temp\ccy0Wb3c.s:20     .rodata.CMD_Parse.str1.4:00000000 $d
C:\Users\86133\AppData\Local\Temp\ccy0Wb3c.s:45     .text.CMD_Parse:00000000 $t
C:\Users\86133\AppData\Local\Temp\ccy0Wb3c.s:51     .text.CMD_Parse:00000000 CMD_Parse
C:\Users\86133\AppData\Local\Temp\ccy0Wb3c.s:179    .text.CMD_Parse:00000090 $d

UNDEFINED SYMBOLS
strncmp
Get_ADC_POT
printf
LED_Set
puts
LED_Clear
