ARM GAS  C:\Users\86133\AppData\Local\Temp\cc2w3FCw.s 			page 1


   1              		.cpu cortex-m4
   2              		.arch armv7e-m
   3              		.fpu fpv4-sp-d16
   4              		.eabi_attribute 27, 1
   5              		.eabi_attribute 28, 1
   6              		.eabi_attribute 20, 1
   7              		.eabi_attribute 21, 1
   8              		.eabi_attribute 23, 3
   9              		.eabi_attribute 24, 1
  10              		.eabi_attribute 25, 1
  11              		.eabi_attribute 26, 1
  12              		.eabi_attribute 30, 1
  13              		.eabi_attribute 34, 1
  14              		.eabi_attribute 18, 4
  15              		.file	"dht11.c"
  16              		.text
  17              	.Ltext0:
  18              		.cfi_sections	.debug_frame
  19              		.section	.text.delay_us,"ax",%progbits
  20              		.align	1
  21              		.syntax unified
  22              		.thumb
  23              		.thumb_func
  25              	delay_us:
  26              	.LVL0:
  27              	.LFB333:
  28              		.file 1 "Core/Src/dht11.c"
   1:Core/Src/dht11.c **** ﻿#include "dht11.h"
   2:Core/Src/dht11.c **** #include "FreeRTOS.h"
   3:Core/Src/dht11.c **** #include "task.h"
   4:Core/Src/dht11.c **** 
   5:Core/Src/dht11.c **** /* Microsecond delay using DWT cycle counter */
   6:Core/Src/dht11.c **** static void delay_us(uint32_t us)
   7:Core/Src/dht11.c **** {
  29              		.loc 1 7 1 view -0
  30              		.cfi_startproc
  31              		@ args = 0, pretend = 0, frame = 0
  32              		@ frame_needed = 0, uses_anonymous_args = 0
  33              		@ link register save eliminated.
   8:Core/Src/dht11.c ****     uint32_t start = DWT->CYCCNT;
  34              		.loc 1 8 5 view .LVU1
  35              		.loc 1 8 14 is_stmt 0 view .LVU2
  36 0000 074B     		ldr	r3, .L3
  37 0002 5A68     		ldr	r2, [r3, #4]
  38              	.LVL1:
   9:Core/Src/dht11.c ****     uint32_t ticks = us * (SystemCoreClock / 1000000);
  39              		.loc 1 9 5 is_stmt 1 view .LVU3
  40              		.loc 1 9 44 is_stmt 0 view .LVU4
  41 0004 074B     		ldr	r3, .L3+4
  42 0006 1B68     		ldr	r3, [r3]
  43 0008 0749     		ldr	r1, .L3+8
  44 000a A1FB0313 		umull	r1, r3, r1, r3
  45 000e 9B0C     		lsrs	r3, r3, #18
  46              		.loc 1 9 14 view .LVU5
  47 0010 03FB00F0 		mul	r0, r3, r0
  48              	.LVL2:
  10:Core/Src/dht11.c ****     while ((DWT->CYCCNT - start) < ticks);
ARM GAS  C:\Users\86133\AppData\Local\Temp\cc2w3FCw.s 			page 2


  49              		.loc 1 10 5 is_stmt 1 view .LVU6
  50              	.L2:
  51              		.loc 1 10 42 discriminator 1 view .LVU7
  52              		.loc 1 10 11 discriminator 1 view .LVU8
  53              		.loc 1 10 16 is_stmt 0 discriminator 1 view .LVU9
  54 0014 024B     		ldr	r3, .L3
  55 0016 5B68     		ldr	r3, [r3, #4]
  56              		.loc 1 10 25 discriminator 1 view .LVU10
  57 0018 9B1A     		subs	r3, r3, r2
  58              		.loc 1 10 11 discriminator 1 view .LVU11
  59 001a 8342     		cmp	r3, r0
  60 001c FAD3     		bcc	.L2
  11:Core/Src/dht11.c **** }
  61              		.loc 1 11 1 view .LVU12
  62 001e 7047     		bx	lr
  63              	.L4:
  64              		.align	2
  65              	.L3:
  66 0020 001000E0 		.word	-536866816
  67 0024 00000000 		.word	SystemCoreClock
  68 0028 83DE1B43 		.word	1125899907
  69              		.cfi_endproc
  70              	.LFE333:
  72              		.section	.text.delay_ms,"ax",%progbits
  73              		.align	1
  74              		.syntax unified
  75              		.thumb
  76              		.thumb_func
  78              	delay_ms:
  79              	.LVL3:
  80              	.LFB334:
  12:Core/Src/dht11.c **** 
  13:Core/Src/dht11.c **** /* Millisecond delay using DWT (not HAL_Delay to avoid task switching) */
  14:Core/Src/dht11.c **** static void delay_ms(uint32_t ms)
  15:Core/Src/dht11.c **** {
  81              		.loc 1 15 1 is_stmt 1 view -0
  82              		.cfi_startproc
  83              		@ args = 0, pretend = 0, frame = 0
  84              		@ frame_needed = 0, uses_anonymous_args = 0
  85              		.loc 1 15 1 is_stmt 0 view .LVU14
  86 0000 38B5     		push	{r3, r4, r5, lr}
  87              	.LCFI0:
  88              		.cfi_def_cfa_offset 16
  89              		.cfi_offset 3, -16
  90              		.cfi_offset 4, -12
  91              		.cfi_offset 5, -8
  92              		.cfi_offset 14, -4
  93 0002 0546     		mov	r5, r0
  16:Core/Src/dht11.c ****     for (uint32_t i = 0; i < ms; i++) {
  94              		.loc 1 16 5 is_stmt 1 view .LVU15
  95              	.LBB16:
  96              		.loc 1 16 10 view .LVU16
  97              	.LVL4:
  98              		.loc 1 16 19 is_stmt 0 view .LVU17
  99 0004 0024     		movs	r4, #0
 100              		.loc 1 16 5 view .LVU18
 101 0006 04E0     		b	.L6
ARM GAS  C:\Users\86133\AppData\Local\Temp\cc2w3FCw.s 			page 3


 102              	.LVL5:
 103              	.L7:
  17:Core/Src/dht11.c ****         delay_us(1000);
 104              		.loc 1 17 9 is_stmt 1 discriminator 3 view .LVU19
 105 0008 4FF47A70 		mov	r0, #1000
 106 000c FFF7FEFF 		bl	delay_us
 107              	.LVL6:
  16:Core/Src/dht11.c ****     for (uint32_t i = 0; i < ms; i++) {
 108              		.loc 1 16 34 discriminator 3 view .LVU20
  16:Core/Src/dht11.c ****     for (uint32_t i = 0; i < ms; i++) {
 109              		.loc 1 16 35 is_stmt 0 discriminator 3 view .LVU21
 110 0010 0134     		adds	r4, r4, #1
 111              	.LVL7:
 112              	.L6:
  16:Core/Src/dht11.c ****     for (uint32_t i = 0; i < ms; i++) {
 113              		.loc 1 16 26 is_stmt 1 discriminator 1 view .LVU22
  16:Core/Src/dht11.c ****     for (uint32_t i = 0; i < ms; i++) {
 114              		.loc 1 16 5 is_stmt 0 discriminator 1 view .LVU23
 115 0012 AC42     		cmp	r4, r5
 116 0014 F8D3     		bcc	.L7
 117              	.LBE16:
  18:Core/Src/dht11.c ****     }
  19:Core/Src/dht11.c **** }
 118              		.loc 1 19 1 view .LVU24
 119 0016 38BD     		pop	{r3, r4, r5, pc}
 120              		.loc 1 19 1 view .LVU25
 121              		.cfi_endproc
 122              	.LFE334:
 124              		.section	.text.DHT11_SetOutput,"ax",%progbits
 125              		.align	1
 126              		.syntax unified
 127              		.thumb
 128              		.thumb_func
 130              	DHT11_SetOutput:
 131              	.LFB335:
  20:Core/Src/dht11.c **** 
  21:Core/Src/dht11.c **** /* Set GPIO as output */
  22:Core/Src/dht11.c **** static void DHT11_SetOutput(void)
  23:Core/Src/dht11.c **** {
 132              		.loc 1 23 1 is_stmt 1 view -0
 133              		.cfi_startproc
 134              		@ args = 0, pretend = 0, frame = 24
 135              		@ frame_needed = 0, uses_anonymous_args = 0
 136 0000 00B5     		push	{lr}
 137              	.LCFI1:
 138              		.cfi_def_cfa_offset 4
 139              		.cfi_offset 14, -4
 140 0002 87B0     		sub	sp, sp, #28
 141              	.LCFI2:
 142              		.cfi_def_cfa_offset 32
  24:Core/Src/dht11.c ****     GPIO_InitTypeDef GPIO_InitStruct = {0};
 143              		.loc 1 24 5 view .LVU27
 144              		.loc 1 24 22 is_stmt 0 view .LVU28
 145 0004 0023     		movs	r3, #0
 146 0006 0193     		str	r3, [sp, #4]
 147 0008 0293     		str	r3, [sp, #8]
 148 000a 0393     		str	r3, [sp, #12]
ARM GAS  C:\Users\86133\AppData\Local\Temp\cc2w3FCw.s 			page 4


 149 000c 0493     		str	r3, [sp, #16]
 150 000e 0593     		str	r3, [sp, #20]
  25:Core/Src/dht11.c ****     GPIO_InitStruct.Pin = DHT11_Pin;
 151              		.loc 1 25 5 is_stmt 1 view .LVU29
 152              		.loc 1 25 25 is_stmt 0 view .LVU30
 153 0010 4FF48063 		mov	r3, #1024
 154 0014 0193     		str	r3, [sp, #4]
  26:Core/Src/dht11.c ****     GPIO_InitStruct.Mode = GPIO_MODE_OUTPUT_PP;
 155              		.loc 1 26 5 is_stmt 1 view .LVU31
 156              		.loc 1 26 26 is_stmt 0 view .LVU32
 157 0016 0123     		movs	r3, #1
 158 0018 0293     		str	r3, [sp, #8]
  27:Core/Src/dht11.c ****     GPIO_InitStruct.Pull = GPIO_NOPULL;
 159              		.loc 1 27 5 is_stmt 1 view .LVU33
  28:Core/Src/dht11.c ****     GPIO_InitStruct.Speed = GPIO_SPEED_FREQ_HIGH;
 160              		.loc 1 28 5 view .LVU34
 161              		.loc 1 28 27 is_stmt 0 view .LVU35
 162 001a 0223     		movs	r3, #2
 163 001c 0493     		str	r3, [sp, #16]
  29:Core/Src/dht11.c ****     HAL_GPIO_Init(DHT11_GPIO_Port, &GPIO_InitStruct);
 164              		.loc 1 29 5 is_stmt 1 view .LVU36
 165 001e 01A9     		add	r1, sp, #4
 166 0020 0248     		ldr	r0, .L11
 167 0022 FFF7FEFF 		bl	HAL_GPIO_Init
 168              	.LVL8:
  30:Core/Src/dht11.c **** }
 169              		.loc 1 30 1 is_stmt 0 view .LVU37
 170 0026 07B0     		add	sp, sp, #28
 171              	.LCFI3:
 172              		.cfi_def_cfa_offset 4
 173              		@ sp needed
 174 0028 5DF804FB 		ldr	pc, [sp], #4
 175              	.L12:
 176              		.align	2
 177              	.L11:
 178 002c 00040048 		.word	1207960576
 179              		.cfi_endproc
 180              	.LFE335:
 182              		.section	.text.DHT11_SetInput,"ax",%progbits
 183              		.align	1
 184              		.syntax unified
 185              		.thumb
 186              		.thumb_func
 188              	DHT11_SetInput:
 189              	.LFB336:
  31:Core/Src/dht11.c **** 
  32:Core/Src/dht11.c **** /* Set GPIO as input with pull-up */
  33:Core/Src/dht11.c **** static void DHT11_SetInput(void)
  34:Core/Src/dht11.c **** {
 190              		.loc 1 34 1 is_stmt 1 view -0
 191              		.cfi_startproc
 192              		@ args = 0, pretend = 0, frame = 24
 193              		@ frame_needed = 0, uses_anonymous_args = 0
 194 0000 00B5     		push	{lr}
 195              	.LCFI4:
 196              		.cfi_def_cfa_offset 4
 197              		.cfi_offset 14, -4
ARM GAS  C:\Users\86133\AppData\Local\Temp\cc2w3FCw.s 			page 5


 198 0002 87B0     		sub	sp, sp, #28
 199              	.LCFI5:
 200              		.cfi_def_cfa_offset 32
  35:Core/Src/dht11.c ****     GPIO_InitTypeDef GPIO_InitStruct = {0};
 201              		.loc 1 35 5 view .LVU39
 202              		.loc 1 35 22 is_stmt 0 view .LVU40
 203 0004 0023     		movs	r3, #0
 204 0006 0193     		str	r3, [sp, #4]
 205 0008 0293     		str	r3, [sp, #8]
 206 000a 0393     		str	r3, [sp, #12]
 207 000c 0493     		str	r3, [sp, #16]
 208 000e 0593     		str	r3, [sp, #20]
  36:Core/Src/dht11.c ****     GPIO_InitStruct.Pin = DHT11_Pin;
 209              		.loc 1 36 5 is_stmt 1 view .LVU41
 210              		.loc 1 36 25 is_stmt 0 view .LVU42
 211 0010 4FF48063 		mov	r3, #1024
 212 0014 0193     		str	r3, [sp, #4]
  37:Core/Src/dht11.c ****     GPIO_InitStruct.Mode = GPIO_MODE_INPUT;
 213              		.loc 1 37 5 is_stmt 1 view .LVU43
  38:Core/Src/dht11.c ****     GPIO_InitStruct.Pull = GPIO_PULLUP;
 214              		.loc 1 38 5 view .LVU44
 215              		.loc 1 38 26 is_stmt 0 view .LVU45
 216 0016 0123     		movs	r3, #1
 217 0018 0393     		str	r3, [sp, #12]
  39:Core/Src/dht11.c ****     HAL_GPIO_Init(DHT11_GPIO_Port, &GPIO_InitStruct);
 218              		.loc 1 39 5 is_stmt 1 view .LVU46
 219 001a 01A9     		add	r1, sp, #4
 220 001c 0248     		ldr	r0, .L15
 221 001e FFF7FEFF 		bl	HAL_GPIO_Init
 222              	.LVL9:
  40:Core/Src/dht11.c **** }
 223              		.loc 1 40 1 is_stmt 0 view .LVU47
 224 0022 07B0     		add	sp, sp, #28
 225              	.LCFI6:
 226              		.cfi_def_cfa_offset 4
 227              		@ sp needed
 228 0024 5DF804FB 		ldr	pc, [sp], #4
 229              	.L16:
 230              		.align	2
 231              	.L15:
 232 0028 00040048 		.word	1207960576
 233              		.cfi_endproc
 234              	.LFE336:
 236              		.section	.text.DHT11_WritePin,"ax",%progbits
 237              		.align	1
 238              		.syntax unified
 239              		.thumb
 240              		.thumb_func
 242              	DHT11_WritePin:
 243              	.LVL10:
 244              	.LFB338:
  41:Core/Src/dht11.c **** 
  42:Core/Src/dht11.c **** /* Read GPIO pin state */
  43:Core/Src/dht11.c **** static uint8_t DHT11_ReadPin(void)
  44:Core/Src/dht11.c **** {
  45:Core/Src/dht11.c ****     return (uint8_t)HAL_GPIO_ReadPin(DHT11_GPIO_Port, DHT11_Pin);
  46:Core/Src/dht11.c **** }
ARM GAS  C:\Users\86133\AppData\Local\Temp\cc2w3FCw.s 			page 6


  47:Core/Src/dht11.c **** 
  48:Core/Src/dht11.c **** /* Write GPIO pin state */
  49:Core/Src/dht11.c **** static void DHT11_WritePin(uint8_t state)
  50:Core/Src/dht11.c **** {
 245              		.loc 1 50 1 is_stmt 1 view -0
 246              		.cfi_startproc
 247              		@ args = 0, pretend = 0, frame = 0
 248              		@ frame_needed = 0, uses_anonymous_args = 0
 249              		.loc 1 50 1 is_stmt 0 view .LVU49
 250 0000 08B5     		push	{r3, lr}
 251              	.LCFI7:
 252              		.cfi_def_cfa_offset 8
 253              		.cfi_offset 3, -8
 254              		.cfi_offset 14, -4
  51:Core/Src/dht11.c ****     HAL_GPIO_WritePin(DHT11_GPIO_Port, DHT11_Pin, state ? GPIO_PIN_SET : GPIO_PIN_RESET);
 255              		.loc 1 51 5 is_stmt 1 view .LVU50
 256 0002 021E     		subs	r2, r0, #0
 257 0004 18BF     		it	ne
 258 0006 0122     		movne	r2, #1
 259 0008 4FF48061 		mov	r1, #1024
 260 000c 0148     		ldr	r0, .L19
 261              	.LVL11:
 262              		.loc 1 51 5 is_stmt 0 view .LVU51
 263 000e FFF7FEFF 		bl	HAL_GPIO_WritePin
 264              	.LVL12:
  52:Core/Src/dht11.c **** }
 265              		.loc 1 52 1 view .LVU52
 266 0012 08BD     		pop	{r3, pc}
 267              	.L20:
 268              		.align	2
 269              	.L19:
 270 0014 00040048 		.word	1207960576
 271              		.cfi_endproc
 272              	.LFE338:
 274              		.section	.text.DHT11_ReadPin,"ax",%progbits
 275              		.align	1
 276              		.syntax unified
 277              		.thumb
 278              		.thumb_func
 280              	DHT11_ReadPin:
 281              	.LFB337:
  44:Core/Src/dht11.c ****     return (uint8_t)HAL_GPIO_ReadPin(DHT11_GPIO_Port, DHT11_Pin);
 282              		.loc 1 44 1 is_stmt 1 view -0
 283              		.cfi_startproc
 284              		@ args = 0, pretend = 0, frame = 0
 285              		@ frame_needed = 0, uses_anonymous_args = 0
 286 0000 08B5     		push	{r3, lr}
 287              	.LCFI8:
 288              		.cfi_def_cfa_offset 8
 289              		.cfi_offset 3, -8
 290              		.cfi_offset 14, -4
  45:Core/Src/dht11.c **** }
 291              		.loc 1 45 5 view .LVU54
  45:Core/Src/dht11.c **** }
 292              		.loc 1 45 21 is_stmt 0 view .LVU55
 293 0002 4FF48061 		mov	r1, #1024
 294 0006 0248     		ldr	r0, .L23
ARM GAS  C:\Users\86133\AppData\Local\Temp\cc2w3FCw.s 			page 7


 295 0008 FFF7FEFF 		bl	HAL_GPIO_ReadPin
 296              	.LVL13:
  46:Core/Src/dht11.c **** 
 297              		.loc 1 46 1 view .LVU56
 298 000c 08BD     		pop	{r3, pc}
 299              	.L24:
 300 000e 00BF     		.align	2
 301              	.L23:
 302 0010 00040048 		.word	1207960576
 303              		.cfi_endproc
 304              	.LFE337:
 306              		.section	.text.DHT11_Init,"ax",%progbits
 307              		.align	1
 308              		.global	DHT11_Init
 309              		.syntax unified
 310              		.thumb
 311              		.thumb_func
 313              	DHT11_Init:
 314              	.LFB339:
  53:Core/Src/dht11.c **** 
  54:Core/Src/dht11.c **** void DHT11_Init(void)
  55:Core/Src/dht11.c **** {
 315              		.loc 1 55 1 is_stmt 1 view -0
 316              		.cfi_startproc
 317              		@ args = 0, pretend = 0, frame = 8
 318              		@ frame_needed = 0, uses_anonymous_args = 0
 319 0000 00B5     		push	{lr}
 320              	.LCFI9:
 321              		.cfi_def_cfa_offset 4
 322              		.cfi_offset 14, -4
 323 0002 83B0     		sub	sp, sp, #12
 324              	.LCFI10:
 325              		.cfi_def_cfa_offset 16
  56:Core/Src/dht11.c ****     /* Enable DWT cycle counter for precise timing */
  57:Core/Src/dht11.c ****     CoreDebug->DEMCR |= CoreDebug_DEMCR_TRCENA_Msk;
 326              		.loc 1 57 5 view .LVU58
 327              		.loc 1 57 22 is_stmt 0 view .LVU59
 328 0004 134A     		ldr	r2, .L27
 329 0006 D2F8FC30 		ldr	r3, [r2, #252]
 330 000a 43F08073 		orr	r3, r3, #16777216
 331 000e C2F8FC30 		str	r3, [r2, #252]
  58:Core/Src/dht11.c ****     DWT->CYCCNT = 0;
 332              		.loc 1 58 5 is_stmt 1 view .LVU60
 333              		.loc 1 58 17 is_stmt 0 view .LVU61
 334 0012 114B     		ldr	r3, .L27+4
 335 0014 0022     		movs	r2, #0
 336 0016 5A60     		str	r2, [r3, #4]
  59:Core/Src/dht11.c ****     DWT->CTRL |= DWT_CTRL_CYCCNTENA_Msk;
 337              		.loc 1 59 5 is_stmt 1 view .LVU62
 338              		.loc 1 59 15 is_stmt 0 view .LVU63
 339 0018 1A68     		ldr	r2, [r3]
 340 001a 42F00102 		orr	r2, r2, #1
 341 001e 1A60     		str	r2, [r3]
  60:Core/Src/dht11.c **** 
  61:Core/Src/dht11.c ****     /* Enable GPIOB clock */
  62:Core/Src/dht11.c ****     __HAL_RCC_GPIOB_CLK_ENABLE();
 342              		.loc 1 62 5 is_stmt 1 view .LVU64
ARM GAS  C:\Users\86133\AppData\Local\Temp\cc2w3FCw.s 			page 8


 343              	.LBB17:
 344              		.loc 1 62 5 view .LVU65
 345              		.loc 1 62 5 view .LVU66
 346 0020 03F1C043 		add	r3, r3, #1610612736
 347 0024 03F50033 		add	r3, r3, #131072
 348 0028 DA6C     		ldr	r2, [r3, #76]
 349 002a 42F00202 		orr	r2, r2, #2
 350 002e DA64     		str	r2, [r3, #76]
 351              		.loc 1 62 5 view .LVU67
 352 0030 DB6C     		ldr	r3, [r3, #76]
 353 0032 03F00203 		and	r3, r3, #2
 354 0036 0193     		str	r3, [sp, #4]
 355              		.loc 1 62 5 view .LVU68
 356 0038 019B     		ldr	r3, [sp, #4]
 357              	.LBE17:
 358              		.loc 1 62 5 view .LVU69
  63:Core/Src/dht11.c **** 
  64:Core/Src/dht11.c ****     /* Set PB10 as output high initially */
  65:Core/Src/dht11.c ****     DHT11_SetOutput();
 359              		.loc 1 65 5 view .LVU70
 360 003a FFF7FEFF 		bl	DHT11_SetOutput
 361              	.LVL14:
  66:Core/Src/dht11.c ****     DHT11_WritePin(1);
 362              		.loc 1 66 5 view .LVU71
 363 003e 0120     		movs	r0, #1
 364 0040 FFF7FEFF 		bl	DHT11_WritePin
 365              	.LVL15:
  67:Core/Src/dht11.c **** 
  68:Core/Src/dht11.c ****     /* Wait for DHT11 to stabilize (>1s after power-on) */
  69:Core/Src/dht11.c ****     delay_ms(2000);
 366              		.loc 1 69 5 view .LVU72
 367 0044 4FF4FA60 		mov	r0, #2000
 368 0048 FFF7FEFF 		bl	delay_ms
 369              	.LVL16:
  70:Core/Src/dht11.c **** }
 370              		.loc 1 70 1 is_stmt 0 view .LVU73
 371 004c 03B0     		add	sp, sp, #12
 372              	.LCFI11:
 373              		.cfi_def_cfa_offset 4
 374              		@ sp needed
 375 004e 5DF804FB 		ldr	pc, [sp], #4
 376              	.L28:
 377 0052 00BF     		.align	2
 378              	.L27:
 379 0054 00ED00E0 		.word	-536810240
 380 0058 001000E0 		.word	-536866816
 381              		.cfi_endproc
 382              	.LFE339:
 384              		.section	.text.DHT11_ReadData,"ax",%progbits
 385              		.align	1
 386              		.global	DHT11_ReadData
 387              		.syntax unified
 388              		.thumb
 389              		.thumb_func
 391              	DHT11_ReadData:
 392              	.LVL17:
 393              	.LFB340:
ARM GAS  C:\Users\86133\AppData\Local\Temp\cc2w3FCw.s 			page 9


  71:Core/Src/dht11.c **** 
  72:Core/Src/dht11.c **** HAL_StatusTypeDef DHT11_ReadData(uint8_t *temp, uint8_t *humi)
  73:Core/Src/dht11.c **** {
 394              		.loc 1 73 1 is_stmt 1 view -0
 395              		.cfi_startproc
 396              		@ args = 0, pretend = 0, frame = 8
 397              		@ frame_needed = 0, uses_anonymous_args = 0
 398              		.loc 1 73 1 is_stmt 0 view .LVU75
 399 0000 2DE9F043 		push	{r4, r5, r6, r7, r8, r9, lr}
 400              	.LCFI12:
 401              		.cfi_def_cfa_offset 28
 402              		.cfi_offset 4, -28
 403              		.cfi_offset 5, -24
 404              		.cfi_offset 6, -20
 405              		.cfi_offset 7, -16
 406              		.cfi_offset 8, -12
 407              		.cfi_offset 9, -8
 408              		.cfi_offset 14, -4
 409 0004 83B0     		sub	sp, sp, #12
 410              	.LCFI13:
 411              		.cfi_def_cfa_offset 40
 412 0006 0546     		mov	r5, r0
 413 0008 0E46     		mov	r6, r1
  74:Core/Src/dht11.c ****     uint8_t data[5] = {0};
 414              		.loc 1 74 5 is_stmt 1 view .LVU76
 415              		.loc 1 74 13 is_stmt 0 view .LVU77
 416 000a 0024     		movs	r4, #0
 417 000c 0094     		str	r4, [sp]
 418 000e 8DF80440 		strb	r4, [sp, #4]
  75:Core/Src/dht11.c ****     uint8_t i, j;
 419              		.loc 1 75 5 is_stmt 1 view .LVU78
  76:Core/Src/dht11.c ****     uint32_t timeout;
 420              		.loc 1 76 5 view .LVU79
  77:Core/Src/dht11.c ****     UBaseType_t saved_irq_state;
 421              		.loc 1 77 5 view .LVU80
  78:Core/Src/dht11.c **** 
  79:Core/Src/dht11.c ****     /* Enter critical section - disable interrupts for timing-sensitive operation */
  80:Core/Src/dht11.c ****     saved_irq_state = taskENTER_CRITICAL_FROM_ISR();
 422              		.loc 1 80 5 view .LVU81
 423              	.LBB18:
 424              	.LBI18:
 425              		.file 2 "Middlewares/Third_Party/FreeRTOS/Source/portable/GCC/ARM_CM4F/portmacro.h"
   1:Middlewares/Third_Party/FreeRTOS/Source/portable/GCC/ARM_CM4F/portmacro.h **** /*
   2:Middlewares/Third_Party/FreeRTOS/Source/portable/GCC/ARM_CM4F/portmacro.h ****  * FreeRTOS Kernel V10.3.1
   3:Middlewares/Third_Party/FreeRTOS/Source/portable/GCC/ARM_CM4F/portmacro.h ****  * Copyright (C) 2020 Amazon.com, Inc. or its affiliates.  All Rights Reserved.
   4:Middlewares/Third_Party/FreeRTOS/Source/portable/GCC/ARM_CM4F/portmacro.h ****  *
   5:Middlewares/Third_Party/FreeRTOS/Source/portable/GCC/ARM_CM4F/portmacro.h ****  * Permission is hereby granted, free of charge, to any person obtaining a copy of
   6:Middlewares/Third_Party/FreeRTOS/Source/portable/GCC/ARM_CM4F/portmacro.h ****  * this software and associated documentation files (the "Software"), to deal in
   7:Middlewares/Third_Party/FreeRTOS/Source/portable/GCC/ARM_CM4F/portmacro.h ****  * the Software without restriction, including without limitation the rights to
   8:Middlewares/Third_Party/FreeRTOS/Source/portable/GCC/ARM_CM4F/portmacro.h ****  * use, copy, modify, merge, publish, distribute, sublicense, and/or sell copies of
   9:Middlewares/Third_Party/FreeRTOS/Source/portable/GCC/ARM_CM4F/portmacro.h ****  * the Software, and to permit persons to whom the Software is furnished to do so,
  10:Middlewares/Third_Party/FreeRTOS/Source/portable/GCC/ARM_CM4F/portmacro.h ****  * subject to the following conditions:
  11:Middlewares/Third_Party/FreeRTOS/Source/portable/GCC/ARM_CM4F/portmacro.h ****  *
  12:Middlewares/Third_Party/FreeRTOS/Source/portable/GCC/ARM_CM4F/portmacro.h ****  * The above copyright notice and this permission notice shall be included in all
  13:Middlewares/Third_Party/FreeRTOS/Source/portable/GCC/ARM_CM4F/portmacro.h ****  * copies or substantial portions of the Software.
  14:Middlewares/Third_Party/FreeRTOS/Source/portable/GCC/ARM_CM4F/portmacro.h ****  *
  15:Middlewares/Third_Party/FreeRTOS/Source/portable/GCC/ARM_CM4F/portmacro.h ****  * THE SOFTWARE IS PROVIDED "AS IS", WITHOUT WARRANTY OF ANY KIND, EXPRESS OR
ARM GAS  C:\Users\86133\AppData\Local\Temp\cc2w3FCw.s 			page 10


  16:Middlewares/Third_Party/FreeRTOS/Source/portable/GCC/ARM_CM4F/portmacro.h ****  * IMPLIED, INCLUDING BUT NOT LIMITED TO THE WARRANTIES OF MERCHANTABILITY, FITNESS
  17:Middlewares/Third_Party/FreeRTOS/Source/portable/GCC/ARM_CM4F/portmacro.h ****  * FOR A PARTICULAR PURPOSE AND NONINFRINGEMENT. IN NO EVENT SHALL THE AUTHORS OR
  18:Middlewares/Third_Party/FreeRTOS/Source/portable/GCC/ARM_CM4F/portmacro.h ****  * COPYRIGHT HOLDERS BE LIABLE FOR ANY CLAIM, DAMAGES OR OTHER LIABILITY, WHETHER
  19:Middlewares/Third_Party/FreeRTOS/Source/portable/GCC/ARM_CM4F/portmacro.h ****  * IN AN ACTION OF CONTRACT, TORT OR OTHERWISE, ARISING FROM, OUT OF OR IN
  20:Middlewares/Third_Party/FreeRTOS/Source/portable/GCC/ARM_CM4F/portmacro.h ****  * CONNECTION WITH THE SOFTWARE OR THE USE OR OTHER DEALINGS IN THE SOFTWARE.
  21:Middlewares/Third_Party/FreeRTOS/Source/portable/GCC/ARM_CM4F/portmacro.h ****  *
  22:Middlewares/Third_Party/FreeRTOS/Source/portable/GCC/ARM_CM4F/portmacro.h ****  * http://www.FreeRTOS.org
  23:Middlewares/Third_Party/FreeRTOS/Source/portable/GCC/ARM_CM4F/portmacro.h ****  * http://aws.amazon.com/freertos
  24:Middlewares/Third_Party/FreeRTOS/Source/portable/GCC/ARM_CM4F/portmacro.h ****  *
  25:Middlewares/Third_Party/FreeRTOS/Source/portable/GCC/ARM_CM4F/portmacro.h ****  * 1 tab == 4 spaces!
  26:Middlewares/Third_Party/FreeRTOS/Source/portable/GCC/ARM_CM4F/portmacro.h ****  */
  27:Middlewares/Third_Party/FreeRTOS/Source/portable/GCC/ARM_CM4F/portmacro.h **** 
  28:Middlewares/Third_Party/FreeRTOS/Source/portable/GCC/ARM_CM4F/portmacro.h **** 
  29:Middlewares/Third_Party/FreeRTOS/Source/portable/GCC/ARM_CM4F/portmacro.h **** #ifndef PORTMACRO_H
  30:Middlewares/Third_Party/FreeRTOS/Source/portable/GCC/ARM_CM4F/portmacro.h **** #define PORTMACRO_H
  31:Middlewares/Third_Party/FreeRTOS/Source/portable/GCC/ARM_CM4F/portmacro.h **** 
  32:Middlewares/Third_Party/FreeRTOS/Source/portable/GCC/ARM_CM4F/portmacro.h **** #ifdef __cplusplus
  33:Middlewares/Third_Party/FreeRTOS/Source/portable/GCC/ARM_CM4F/portmacro.h **** extern "C" {
  34:Middlewares/Third_Party/FreeRTOS/Source/portable/GCC/ARM_CM4F/portmacro.h **** #endif
  35:Middlewares/Third_Party/FreeRTOS/Source/portable/GCC/ARM_CM4F/portmacro.h **** 
  36:Middlewares/Third_Party/FreeRTOS/Source/portable/GCC/ARM_CM4F/portmacro.h **** /*-----------------------------------------------------------
  37:Middlewares/Third_Party/FreeRTOS/Source/portable/GCC/ARM_CM4F/portmacro.h ****  * Port specific definitions.
  38:Middlewares/Third_Party/FreeRTOS/Source/portable/GCC/ARM_CM4F/portmacro.h ****  *
  39:Middlewares/Third_Party/FreeRTOS/Source/portable/GCC/ARM_CM4F/portmacro.h ****  * The settings in this file configure FreeRTOS correctly for the
  40:Middlewares/Third_Party/FreeRTOS/Source/portable/GCC/ARM_CM4F/portmacro.h ****  * given hardware and compiler.
  41:Middlewares/Third_Party/FreeRTOS/Source/portable/GCC/ARM_CM4F/portmacro.h ****  *
  42:Middlewares/Third_Party/FreeRTOS/Source/portable/GCC/ARM_CM4F/portmacro.h ****  * These settings should not be altered.
  43:Middlewares/Third_Party/FreeRTOS/Source/portable/GCC/ARM_CM4F/portmacro.h ****  *-----------------------------------------------------------
  44:Middlewares/Third_Party/FreeRTOS/Source/portable/GCC/ARM_CM4F/portmacro.h ****  */
  45:Middlewares/Third_Party/FreeRTOS/Source/portable/GCC/ARM_CM4F/portmacro.h **** 
  46:Middlewares/Third_Party/FreeRTOS/Source/portable/GCC/ARM_CM4F/portmacro.h **** /* Type definitions. */
  47:Middlewares/Third_Party/FreeRTOS/Source/portable/GCC/ARM_CM4F/portmacro.h **** #define portCHAR		char
  48:Middlewares/Third_Party/FreeRTOS/Source/portable/GCC/ARM_CM4F/portmacro.h **** #define portFLOAT		float
  49:Middlewares/Third_Party/FreeRTOS/Source/portable/GCC/ARM_CM4F/portmacro.h **** #define portDOUBLE		double
  50:Middlewares/Third_Party/FreeRTOS/Source/portable/GCC/ARM_CM4F/portmacro.h **** #define portLONG		long
  51:Middlewares/Third_Party/FreeRTOS/Source/portable/GCC/ARM_CM4F/portmacro.h **** #define portSHORT		short
  52:Middlewares/Third_Party/FreeRTOS/Source/portable/GCC/ARM_CM4F/portmacro.h **** #define portSTACK_TYPE	uint32_t
  53:Middlewares/Third_Party/FreeRTOS/Source/portable/GCC/ARM_CM4F/portmacro.h **** #define portBASE_TYPE	long
  54:Middlewares/Third_Party/FreeRTOS/Source/portable/GCC/ARM_CM4F/portmacro.h **** 
  55:Middlewares/Third_Party/FreeRTOS/Source/portable/GCC/ARM_CM4F/portmacro.h **** typedef portSTACK_TYPE StackType_t;
  56:Middlewares/Third_Party/FreeRTOS/Source/portable/GCC/ARM_CM4F/portmacro.h **** typedef long BaseType_t;
  57:Middlewares/Third_Party/FreeRTOS/Source/portable/GCC/ARM_CM4F/portmacro.h **** typedef unsigned long UBaseType_t;
  58:Middlewares/Third_Party/FreeRTOS/Source/portable/GCC/ARM_CM4F/portmacro.h **** 
  59:Middlewares/Third_Party/FreeRTOS/Source/portable/GCC/ARM_CM4F/portmacro.h **** #if( configUSE_16_BIT_TICKS == 1 )
  60:Middlewares/Third_Party/FreeRTOS/Source/portable/GCC/ARM_CM4F/portmacro.h **** 	typedef uint16_t TickType_t;
  61:Middlewares/Third_Party/FreeRTOS/Source/portable/GCC/ARM_CM4F/portmacro.h **** 	#define portMAX_DELAY ( TickType_t ) 0xffff
  62:Middlewares/Third_Party/FreeRTOS/Source/portable/GCC/ARM_CM4F/portmacro.h **** #else
  63:Middlewares/Third_Party/FreeRTOS/Source/portable/GCC/ARM_CM4F/portmacro.h **** 	typedef uint32_t TickType_t;
  64:Middlewares/Third_Party/FreeRTOS/Source/portable/GCC/ARM_CM4F/portmacro.h **** 	#define portMAX_DELAY ( TickType_t ) 0xffffffffUL
  65:Middlewares/Third_Party/FreeRTOS/Source/portable/GCC/ARM_CM4F/portmacro.h **** 
  66:Middlewares/Third_Party/FreeRTOS/Source/portable/GCC/ARM_CM4F/portmacro.h **** 	/* 32-bit tick type on a 32-bit architecture, so reads of the tick count do
  67:Middlewares/Third_Party/FreeRTOS/Source/portable/GCC/ARM_CM4F/portmacro.h **** 	not need to be guarded with a critical section. */
  68:Middlewares/Third_Party/FreeRTOS/Source/portable/GCC/ARM_CM4F/portmacro.h **** 	#define portTICK_TYPE_IS_ATOMIC 1
  69:Middlewares/Third_Party/FreeRTOS/Source/portable/GCC/ARM_CM4F/portmacro.h **** #endif
  70:Middlewares/Third_Party/FreeRTOS/Source/portable/GCC/ARM_CM4F/portmacro.h **** /*-----------------------------------------------------------*/
  71:Middlewares/Third_Party/FreeRTOS/Source/portable/GCC/ARM_CM4F/portmacro.h **** 
  72:Middlewares/Third_Party/FreeRTOS/Source/portable/GCC/ARM_CM4F/portmacro.h **** /* Architecture specifics. */
ARM GAS  C:\Users\86133\AppData\Local\Temp\cc2w3FCw.s 			page 11


  73:Middlewares/Third_Party/FreeRTOS/Source/portable/GCC/ARM_CM4F/portmacro.h **** #define portSTACK_GROWTH			( -1 )
  74:Middlewares/Third_Party/FreeRTOS/Source/portable/GCC/ARM_CM4F/portmacro.h **** #define portTICK_PERIOD_MS			( ( TickType_t ) 1000 / configTICK_RATE_HZ )
  75:Middlewares/Third_Party/FreeRTOS/Source/portable/GCC/ARM_CM4F/portmacro.h **** #define portBYTE_ALIGNMENT			8
  76:Middlewares/Third_Party/FreeRTOS/Source/portable/GCC/ARM_CM4F/portmacro.h **** /*-----------------------------------------------------------*/
  77:Middlewares/Third_Party/FreeRTOS/Source/portable/GCC/ARM_CM4F/portmacro.h **** 
  78:Middlewares/Third_Party/FreeRTOS/Source/portable/GCC/ARM_CM4F/portmacro.h **** /* Scheduler utilities. */
  79:Middlewares/Third_Party/FreeRTOS/Source/portable/GCC/ARM_CM4F/portmacro.h **** #define portYIELD() 															\
  80:Middlewares/Third_Party/FreeRTOS/Source/portable/GCC/ARM_CM4F/portmacro.h **** {																				\
  81:Middlewares/Third_Party/FreeRTOS/Source/portable/GCC/ARM_CM4F/portmacro.h **** 	/* Set a PendSV to request a context switch. */								\
  82:Middlewares/Third_Party/FreeRTOS/Source/portable/GCC/ARM_CM4F/portmacro.h **** 	portNVIC_INT_CTRL_REG = portNVIC_PENDSVSET_BIT;								\
  83:Middlewares/Third_Party/FreeRTOS/Source/portable/GCC/ARM_CM4F/portmacro.h **** 																				\
  84:Middlewares/Third_Party/FreeRTOS/Source/portable/GCC/ARM_CM4F/portmacro.h **** 	/* Barriers are normally not required but do ensure the code is completely	\
  85:Middlewares/Third_Party/FreeRTOS/Source/portable/GCC/ARM_CM4F/portmacro.h **** 	within the specified behaviour for the architecture. */						\
  86:Middlewares/Third_Party/FreeRTOS/Source/portable/GCC/ARM_CM4F/portmacro.h **** 	__asm volatile( "dsb" ::: "memory" );										\
  87:Middlewares/Third_Party/FreeRTOS/Source/portable/GCC/ARM_CM4F/portmacro.h **** 	__asm volatile( "isb" );													\
  88:Middlewares/Third_Party/FreeRTOS/Source/portable/GCC/ARM_CM4F/portmacro.h **** }
  89:Middlewares/Third_Party/FreeRTOS/Source/portable/GCC/ARM_CM4F/portmacro.h **** 
  90:Middlewares/Third_Party/FreeRTOS/Source/portable/GCC/ARM_CM4F/portmacro.h **** #define portNVIC_INT_CTRL_REG		( * ( ( volatile uint32_t * ) 0xe000ed04 ) )
  91:Middlewares/Third_Party/FreeRTOS/Source/portable/GCC/ARM_CM4F/portmacro.h **** #define portNVIC_PENDSVSET_BIT		( 1UL << 28UL )
  92:Middlewares/Third_Party/FreeRTOS/Source/portable/GCC/ARM_CM4F/portmacro.h **** #define portEND_SWITCHING_ISR( xSwitchRequired ) if( xSwitchRequired != pdFALSE ) portYIELD()
  93:Middlewares/Third_Party/FreeRTOS/Source/portable/GCC/ARM_CM4F/portmacro.h **** #define portYIELD_FROM_ISR( x ) portEND_SWITCHING_ISR( x )
  94:Middlewares/Third_Party/FreeRTOS/Source/portable/GCC/ARM_CM4F/portmacro.h **** /*-----------------------------------------------------------*/
  95:Middlewares/Third_Party/FreeRTOS/Source/portable/GCC/ARM_CM4F/portmacro.h **** 
  96:Middlewares/Third_Party/FreeRTOS/Source/portable/GCC/ARM_CM4F/portmacro.h **** /* Critical section management. */
  97:Middlewares/Third_Party/FreeRTOS/Source/portable/GCC/ARM_CM4F/portmacro.h **** extern void vPortEnterCritical( void );
  98:Middlewares/Third_Party/FreeRTOS/Source/portable/GCC/ARM_CM4F/portmacro.h **** extern void vPortExitCritical( void );
  99:Middlewares/Third_Party/FreeRTOS/Source/portable/GCC/ARM_CM4F/portmacro.h **** #define portSET_INTERRUPT_MASK_FROM_ISR()		ulPortRaiseBASEPRI()
 100:Middlewares/Third_Party/FreeRTOS/Source/portable/GCC/ARM_CM4F/portmacro.h **** #define portCLEAR_INTERRUPT_MASK_FROM_ISR(x)	vPortSetBASEPRI(x)
 101:Middlewares/Third_Party/FreeRTOS/Source/portable/GCC/ARM_CM4F/portmacro.h **** #define portDISABLE_INTERRUPTS()				vPortRaiseBASEPRI()
 102:Middlewares/Third_Party/FreeRTOS/Source/portable/GCC/ARM_CM4F/portmacro.h **** #define portENABLE_INTERRUPTS()					vPortSetBASEPRI(0)
 103:Middlewares/Third_Party/FreeRTOS/Source/portable/GCC/ARM_CM4F/portmacro.h **** #define portENTER_CRITICAL()					vPortEnterCritical()
 104:Middlewares/Third_Party/FreeRTOS/Source/portable/GCC/ARM_CM4F/portmacro.h **** #define portEXIT_CRITICAL()						vPortExitCritical()
 105:Middlewares/Third_Party/FreeRTOS/Source/portable/GCC/ARM_CM4F/portmacro.h **** 
 106:Middlewares/Third_Party/FreeRTOS/Source/portable/GCC/ARM_CM4F/portmacro.h **** /*-----------------------------------------------------------*/
 107:Middlewares/Third_Party/FreeRTOS/Source/portable/GCC/ARM_CM4F/portmacro.h **** 
 108:Middlewares/Third_Party/FreeRTOS/Source/portable/GCC/ARM_CM4F/portmacro.h **** /* Task function macros as described on the FreeRTOS.org WEB site.  These are
 109:Middlewares/Third_Party/FreeRTOS/Source/portable/GCC/ARM_CM4F/portmacro.h **** not necessary for to use this port.  They are defined so the common demo files
 110:Middlewares/Third_Party/FreeRTOS/Source/portable/GCC/ARM_CM4F/portmacro.h **** (which build with all the ports) will build. */
 111:Middlewares/Third_Party/FreeRTOS/Source/portable/GCC/ARM_CM4F/portmacro.h **** #define portTASK_FUNCTION_PROTO( vFunction, pvParameters ) void vFunction( void *pvParameters )
 112:Middlewares/Third_Party/FreeRTOS/Source/portable/GCC/ARM_CM4F/portmacro.h **** #define portTASK_FUNCTION( vFunction, pvParameters ) void vFunction( void *pvParameters )
 113:Middlewares/Third_Party/FreeRTOS/Source/portable/GCC/ARM_CM4F/portmacro.h **** /*-----------------------------------------------------------*/
 114:Middlewares/Third_Party/FreeRTOS/Source/portable/GCC/ARM_CM4F/portmacro.h **** 
 115:Middlewares/Third_Party/FreeRTOS/Source/portable/GCC/ARM_CM4F/portmacro.h **** /* Tickless idle/low power functionality. */
 116:Middlewares/Third_Party/FreeRTOS/Source/portable/GCC/ARM_CM4F/portmacro.h **** #ifndef portSUPPRESS_TICKS_AND_SLEEP
 117:Middlewares/Third_Party/FreeRTOS/Source/portable/GCC/ARM_CM4F/portmacro.h **** 	extern void vPortSuppressTicksAndSleep( TickType_t xExpectedIdleTime );
 118:Middlewares/Third_Party/FreeRTOS/Source/portable/GCC/ARM_CM4F/portmacro.h **** 	#define portSUPPRESS_TICKS_AND_SLEEP( xExpectedIdleTime ) vPortSuppressTicksAndSleep( xExpectedIdl
 119:Middlewares/Third_Party/FreeRTOS/Source/portable/GCC/ARM_CM4F/portmacro.h **** #endif
 120:Middlewares/Third_Party/FreeRTOS/Source/portable/GCC/ARM_CM4F/portmacro.h **** /*-----------------------------------------------------------*/
 121:Middlewares/Third_Party/FreeRTOS/Source/portable/GCC/ARM_CM4F/portmacro.h **** 
 122:Middlewares/Third_Party/FreeRTOS/Source/portable/GCC/ARM_CM4F/portmacro.h **** /* Architecture specific optimisations. */
 123:Middlewares/Third_Party/FreeRTOS/Source/portable/GCC/ARM_CM4F/portmacro.h **** #ifndef configUSE_PORT_OPTIMISED_TASK_SELECTION
 124:Middlewares/Third_Party/FreeRTOS/Source/portable/GCC/ARM_CM4F/portmacro.h **** 	#define configUSE_PORT_OPTIMISED_TASK_SELECTION 1
 125:Middlewares/Third_Party/FreeRTOS/Source/portable/GCC/ARM_CM4F/portmacro.h **** #endif
 126:Middlewares/Third_Party/FreeRTOS/Source/portable/GCC/ARM_CM4F/portmacro.h **** 
 127:Middlewares/Third_Party/FreeRTOS/Source/portable/GCC/ARM_CM4F/portmacro.h **** #if configUSE_PORT_OPTIMISED_TASK_SELECTION == 1
 128:Middlewares/Third_Party/FreeRTOS/Source/portable/GCC/ARM_CM4F/portmacro.h **** 
 129:Middlewares/Third_Party/FreeRTOS/Source/portable/GCC/ARM_CM4F/portmacro.h **** 	/* Generic helper function. */
ARM GAS  C:\Users\86133\AppData\Local\Temp\cc2w3FCw.s 			page 12


 130:Middlewares/Third_Party/FreeRTOS/Source/portable/GCC/ARM_CM4F/portmacro.h **** 	__attribute__( ( always_inline ) ) static inline uint8_t ucPortCountLeadingZeros( uint32_t ulBitma
 131:Middlewares/Third_Party/FreeRTOS/Source/portable/GCC/ARM_CM4F/portmacro.h **** 	{
 132:Middlewares/Third_Party/FreeRTOS/Source/portable/GCC/ARM_CM4F/portmacro.h **** 	uint8_t ucReturn;
 133:Middlewares/Third_Party/FreeRTOS/Source/portable/GCC/ARM_CM4F/portmacro.h **** 
 134:Middlewares/Third_Party/FreeRTOS/Source/portable/GCC/ARM_CM4F/portmacro.h **** 		__asm volatile ( "clz %0, %1" : "=r" ( ucReturn ) : "r" ( ulBitmap ) : "memory" );
 135:Middlewares/Third_Party/FreeRTOS/Source/portable/GCC/ARM_CM4F/portmacro.h **** 		return ucReturn;
 136:Middlewares/Third_Party/FreeRTOS/Source/portable/GCC/ARM_CM4F/portmacro.h **** 	}
 137:Middlewares/Third_Party/FreeRTOS/Source/portable/GCC/ARM_CM4F/portmacro.h **** 
 138:Middlewares/Third_Party/FreeRTOS/Source/portable/GCC/ARM_CM4F/portmacro.h **** 	/* Check the configuration. */
 139:Middlewares/Third_Party/FreeRTOS/Source/portable/GCC/ARM_CM4F/portmacro.h **** 	#if( configMAX_PRIORITIES > 32 )
 140:Middlewares/Third_Party/FreeRTOS/Source/portable/GCC/ARM_CM4F/portmacro.h **** 		#error configUSE_PORT_OPTIMISED_TASK_SELECTION can only be set to 1 when configMAX_PRIORITIES is 
 141:Middlewares/Third_Party/FreeRTOS/Source/portable/GCC/ARM_CM4F/portmacro.h **** 	#endif
 142:Middlewares/Third_Party/FreeRTOS/Source/portable/GCC/ARM_CM4F/portmacro.h **** 
 143:Middlewares/Third_Party/FreeRTOS/Source/portable/GCC/ARM_CM4F/portmacro.h **** 	/* Store/clear the ready priorities in a bit map. */
 144:Middlewares/Third_Party/FreeRTOS/Source/portable/GCC/ARM_CM4F/portmacro.h **** 	#define portRECORD_READY_PRIORITY( uxPriority, uxReadyPriorities ) ( uxReadyPriorities ) |= ( 1UL 
 145:Middlewares/Third_Party/FreeRTOS/Source/portable/GCC/ARM_CM4F/portmacro.h **** 	#define portRESET_READY_PRIORITY( uxPriority, uxReadyPriorities ) ( uxReadyPriorities ) &= ~( 1UL 
 146:Middlewares/Third_Party/FreeRTOS/Source/portable/GCC/ARM_CM4F/portmacro.h **** 
 147:Middlewares/Third_Party/FreeRTOS/Source/portable/GCC/ARM_CM4F/portmacro.h **** 	/*-----------------------------------------------------------*/
 148:Middlewares/Third_Party/FreeRTOS/Source/portable/GCC/ARM_CM4F/portmacro.h **** 
 149:Middlewares/Third_Party/FreeRTOS/Source/portable/GCC/ARM_CM4F/portmacro.h **** 	#define portGET_HIGHEST_PRIORITY( uxTopPriority, uxReadyPriorities ) uxTopPriority = ( 31UL - ( ui
 150:Middlewares/Third_Party/FreeRTOS/Source/portable/GCC/ARM_CM4F/portmacro.h **** 
 151:Middlewares/Third_Party/FreeRTOS/Source/portable/GCC/ARM_CM4F/portmacro.h **** #endif /* configUSE_PORT_OPTIMISED_TASK_SELECTION */
 152:Middlewares/Third_Party/FreeRTOS/Source/portable/GCC/ARM_CM4F/portmacro.h **** 
 153:Middlewares/Third_Party/FreeRTOS/Source/portable/GCC/ARM_CM4F/portmacro.h **** /*-----------------------------------------------------------*/
 154:Middlewares/Third_Party/FreeRTOS/Source/portable/GCC/ARM_CM4F/portmacro.h **** 
 155:Middlewares/Third_Party/FreeRTOS/Source/portable/GCC/ARM_CM4F/portmacro.h **** #ifdef configASSERT
 156:Middlewares/Third_Party/FreeRTOS/Source/portable/GCC/ARM_CM4F/portmacro.h **** 	void vPortValidateInterruptPriority( void );
 157:Middlewares/Third_Party/FreeRTOS/Source/portable/GCC/ARM_CM4F/portmacro.h **** 	#define portASSERT_IF_INTERRUPT_PRIORITY_INVALID() 	vPortValidateInterruptPriority()
 158:Middlewares/Third_Party/FreeRTOS/Source/portable/GCC/ARM_CM4F/portmacro.h **** #endif
 159:Middlewares/Third_Party/FreeRTOS/Source/portable/GCC/ARM_CM4F/portmacro.h **** 
 160:Middlewares/Third_Party/FreeRTOS/Source/portable/GCC/ARM_CM4F/portmacro.h **** /* portNOP() is not required by this port. */
 161:Middlewares/Third_Party/FreeRTOS/Source/portable/GCC/ARM_CM4F/portmacro.h **** #define portNOP()
 162:Middlewares/Third_Party/FreeRTOS/Source/portable/GCC/ARM_CM4F/portmacro.h **** 
 163:Middlewares/Third_Party/FreeRTOS/Source/portable/GCC/ARM_CM4F/portmacro.h **** #define portINLINE	__inline
 164:Middlewares/Third_Party/FreeRTOS/Source/portable/GCC/ARM_CM4F/portmacro.h **** 
 165:Middlewares/Third_Party/FreeRTOS/Source/portable/GCC/ARM_CM4F/portmacro.h **** #ifndef portFORCE_INLINE
 166:Middlewares/Third_Party/FreeRTOS/Source/portable/GCC/ARM_CM4F/portmacro.h **** 	#define portFORCE_INLINE inline __attribute__(( always_inline))
 167:Middlewares/Third_Party/FreeRTOS/Source/portable/GCC/ARM_CM4F/portmacro.h **** #endif
 168:Middlewares/Third_Party/FreeRTOS/Source/portable/GCC/ARM_CM4F/portmacro.h **** 
 169:Middlewares/Third_Party/FreeRTOS/Source/portable/GCC/ARM_CM4F/portmacro.h **** portFORCE_INLINE static BaseType_t xPortIsInsideInterrupt( void )
 170:Middlewares/Third_Party/FreeRTOS/Source/portable/GCC/ARM_CM4F/portmacro.h **** {
 171:Middlewares/Third_Party/FreeRTOS/Source/portable/GCC/ARM_CM4F/portmacro.h **** uint32_t ulCurrentInterrupt;
 172:Middlewares/Third_Party/FreeRTOS/Source/portable/GCC/ARM_CM4F/portmacro.h **** BaseType_t xReturn;
 173:Middlewares/Third_Party/FreeRTOS/Source/portable/GCC/ARM_CM4F/portmacro.h **** 
 174:Middlewares/Third_Party/FreeRTOS/Source/portable/GCC/ARM_CM4F/portmacro.h **** 	/* Obtain the number of the currently executing interrupt. */
 175:Middlewares/Third_Party/FreeRTOS/Source/portable/GCC/ARM_CM4F/portmacro.h **** 	__asm volatile( "mrs %0, ipsr" : "=r"( ulCurrentInterrupt ) :: "memory" );
 176:Middlewares/Third_Party/FreeRTOS/Source/portable/GCC/ARM_CM4F/portmacro.h **** 
 177:Middlewares/Third_Party/FreeRTOS/Source/portable/GCC/ARM_CM4F/portmacro.h **** 	if( ulCurrentInterrupt == 0 )
 178:Middlewares/Third_Party/FreeRTOS/Source/portable/GCC/ARM_CM4F/portmacro.h **** 	{
 179:Middlewares/Third_Party/FreeRTOS/Source/portable/GCC/ARM_CM4F/portmacro.h **** 		xReturn = pdFALSE;
 180:Middlewares/Third_Party/FreeRTOS/Source/portable/GCC/ARM_CM4F/portmacro.h **** 	}
 181:Middlewares/Third_Party/FreeRTOS/Source/portable/GCC/ARM_CM4F/portmacro.h **** 	else
 182:Middlewares/Third_Party/FreeRTOS/Source/portable/GCC/ARM_CM4F/portmacro.h **** 	{
 183:Middlewares/Third_Party/FreeRTOS/Source/portable/GCC/ARM_CM4F/portmacro.h **** 		xReturn = pdTRUE;
 184:Middlewares/Third_Party/FreeRTOS/Source/portable/GCC/ARM_CM4F/portmacro.h **** 	}
 185:Middlewares/Third_Party/FreeRTOS/Source/portable/GCC/ARM_CM4F/portmacro.h **** 
 186:Middlewares/Third_Party/FreeRTOS/Source/portable/GCC/ARM_CM4F/portmacro.h **** 	return xReturn;
ARM GAS  C:\Users\86133\AppData\Local\Temp\cc2w3FCw.s 			page 13


 187:Middlewares/Third_Party/FreeRTOS/Source/portable/GCC/ARM_CM4F/portmacro.h **** }
 188:Middlewares/Third_Party/FreeRTOS/Source/portable/GCC/ARM_CM4F/portmacro.h **** 
 189:Middlewares/Third_Party/FreeRTOS/Source/portable/GCC/ARM_CM4F/portmacro.h **** /*-----------------------------------------------------------*/
 190:Middlewares/Third_Party/FreeRTOS/Source/portable/GCC/ARM_CM4F/portmacro.h **** 
 191:Middlewares/Third_Party/FreeRTOS/Source/portable/GCC/ARM_CM4F/portmacro.h **** portFORCE_INLINE static void vPortRaiseBASEPRI( void )
 192:Middlewares/Third_Party/FreeRTOS/Source/portable/GCC/ARM_CM4F/portmacro.h **** {
 193:Middlewares/Third_Party/FreeRTOS/Source/portable/GCC/ARM_CM4F/portmacro.h **** uint32_t ulNewBASEPRI;
 194:Middlewares/Third_Party/FreeRTOS/Source/portable/GCC/ARM_CM4F/portmacro.h **** 
 195:Middlewares/Third_Party/FreeRTOS/Source/portable/GCC/ARM_CM4F/portmacro.h **** 	__asm volatile
 196:Middlewares/Third_Party/FreeRTOS/Source/portable/GCC/ARM_CM4F/portmacro.h **** 	(
 197:Middlewares/Third_Party/FreeRTOS/Source/portable/GCC/ARM_CM4F/portmacro.h **** 		"	mov %0, %1												\n"	\
 198:Middlewares/Third_Party/FreeRTOS/Source/portable/GCC/ARM_CM4F/portmacro.h **** 		"	msr basepri, %0											\n" \
 199:Middlewares/Third_Party/FreeRTOS/Source/portable/GCC/ARM_CM4F/portmacro.h **** 		"	isb														\n" \
 200:Middlewares/Third_Party/FreeRTOS/Source/portable/GCC/ARM_CM4F/portmacro.h **** 		"	dsb														\n" \
 201:Middlewares/Third_Party/FreeRTOS/Source/portable/GCC/ARM_CM4F/portmacro.h **** 		:"=r" (ulNewBASEPRI) : "i" ( configMAX_SYSCALL_INTERRUPT_PRIORITY ) : "memory"
 202:Middlewares/Third_Party/FreeRTOS/Source/portable/GCC/ARM_CM4F/portmacro.h **** 	);
 203:Middlewares/Third_Party/FreeRTOS/Source/portable/GCC/ARM_CM4F/portmacro.h **** }
 204:Middlewares/Third_Party/FreeRTOS/Source/portable/GCC/ARM_CM4F/portmacro.h **** 
 205:Middlewares/Third_Party/FreeRTOS/Source/portable/GCC/ARM_CM4F/portmacro.h **** /*-----------------------------------------------------------*/
 206:Middlewares/Third_Party/FreeRTOS/Source/portable/GCC/ARM_CM4F/portmacro.h **** 
 207:Middlewares/Third_Party/FreeRTOS/Source/portable/GCC/ARM_CM4F/portmacro.h **** portFORCE_INLINE static uint32_t ulPortRaiseBASEPRI( void )
 426              		.loc 2 207 34 view .LVU82
 427              	.LBB19:
 208:Middlewares/Third_Party/FreeRTOS/Source/portable/GCC/ARM_CM4F/portmacro.h **** {
 209:Middlewares/Third_Party/FreeRTOS/Source/portable/GCC/ARM_CM4F/portmacro.h **** uint32_t ulOriginalBASEPRI, ulNewBASEPRI;
 428              		.loc 2 209 1 view .LVU83
 210:Middlewares/Third_Party/FreeRTOS/Source/portable/GCC/ARM_CM4F/portmacro.h **** 
 211:Middlewares/Third_Party/FreeRTOS/Source/portable/GCC/ARM_CM4F/portmacro.h **** 	__asm volatile
 429              		.loc 2 211 2 view .LVU84
 430              		.syntax unified
 431              	@ 211 "Middlewares/Third_Party/FreeRTOS/Source/portable/GCC/ARM_CM4F/portmacro.h" 1
 432 0012 EFF31187 			mrs r7, basepri											
 433 0016 4FF05003 		mov r3, #80												
 434 001a 83F31188 		msr basepri, r3											
 435 001e BFF36F8F 		isb														
 436 0022 BFF34F8F 		dsb														
 437              	
 438              	@ 0 "" 2
 439              	.LVL18:
 212:Middlewares/Third_Party/FreeRTOS/Source/portable/GCC/ARM_CM4F/portmacro.h **** 	(
 213:Middlewares/Third_Party/FreeRTOS/Source/portable/GCC/ARM_CM4F/portmacro.h **** 		"	mrs %0, basepri											\n" \
 214:Middlewares/Third_Party/FreeRTOS/Source/portable/GCC/ARM_CM4F/portmacro.h **** 		"	mov %1, %2												\n"	\
 215:Middlewares/Third_Party/FreeRTOS/Source/portable/GCC/ARM_CM4F/portmacro.h **** 		"	msr basepri, %1											\n" \
 216:Middlewares/Third_Party/FreeRTOS/Source/portable/GCC/ARM_CM4F/portmacro.h **** 		"	isb														\n" \
 217:Middlewares/Third_Party/FreeRTOS/Source/portable/GCC/ARM_CM4F/portmacro.h **** 		"	dsb														\n" \
 218:Middlewares/Third_Party/FreeRTOS/Source/portable/GCC/ARM_CM4F/portmacro.h **** 		:"=r" (ulOriginalBASEPRI), "=r" (ulNewBASEPRI) : "i" ( configMAX_SYSCALL_INTERRUPT_PRIORITY ) : "
 219:Middlewares/Third_Party/FreeRTOS/Source/portable/GCC/ARM_CM4F/portmacro.h **** 	);
 220:Middlewares/Third_Party/FreeRTOS/Source/portable/GCC/ARM_CM4F/portmacro.h **** 
 221:Middlewares/Third_Party/FreeRTOS/Source/portable/GCC/ARM_CM4F/portmacro.h **** 	/* This return will not be reached but is necessary to prevent compiler
 222:Middlewares/Third_Party/FreeRTOS/Source/portable/GCC/ARM_CM4F/portmacro.h **** 	warnings. */
 223:Middlewares/Third_Party/FreeRTOS/Source/portable/GCC/ARM_CM4F/portmacro.h **** 	return ulOriginalBASEPRI;
 440              		.loc 2 223 2 view .LVU85
 441              		.loc 2 223 2 is_stmt 0 view .LVU86
 442              		.thumb
 443              		.syntax unified
 444              	.LBE19:
 445              	.LBE18:
ARM GAS  C:\Users\86133\AppData\Local\Temp\cc2w3FCw.s 			page 14


  81:Core/Src/dht11.c **** 
  82:Core/Src/dht11.c ****     /* Step 1: Send start signal - pull low for 18ms+ */
  83:Core/Src/dht11.c ****     DHT11_SetOutput();
 446              		.loc 1 83 5 is_stmt 1 view .LVU87
 447 0026 FFF7FEFF 		bl	DHT11_SetOutput
 448              	.LVL19:
  84:Core/Src/dht11.c ****     DHT11_WritePin(0);
 449              		.loc 1 84 5 view .LVU88
 450 002a 2046     		mov	r0, r4
 451 002c FFF7FEFF 		bl	DHT11_WritePin
 452              	.LVL20:
  85:Core/Src/dht11.c ****     delay_ms(18);  /* 18ms pull low */
 453              		.loc 1 85 5 view .LVU89
 454 0030 1220     		movs	r0, #18
 455 0032 FFF7FEFF 		bl	delay_ms
 456              	.LVL21:
  86:Core/Src/dht11.c ****     DHT11_WritePin(1);
 457              		.loc 1 86 5 view .LVU90
 458 0036 0120     		movs	r0, #1
 459 0038 FFF7FEFF 		bl	DHT11_WritePin
 460              	.LVL22:
  87:Core/Src/dht11.c ****     delay_us(40);  /* 20-40us pull high */
 461              		.loc 1 87 5 view .LVU91
 462 003c 2820     		movs	r0, #40
 463 003e FFF7FEFF 		bl	delay_us
 464              	.LVL23:
  88:Core/Src/dht11.c **** 
  89:Core/Src/dht11.c ****     /* Step 2: Switch to input and wait for DHT11 response */
  90:Core/Src/dht11.c ****     DHT11_SetInput();
 465              		.loc 1 90 5 view .LVU92
 466 0042 FFF7FEFF 		bl	DHT11_SetInput
 467              	.LVL24:
  91:Core/Src/dht11.c **** 
  92:Core/Src/dht11.c ****     /* Wait for DHT11 to pull low (response signal, ~80us) */
  93:Core/Src/dht11.c ****     timeout = 0;
 468              		.loc 1 93 5 view .LVU93
  94:Core/Src/dht11.c ****     while (DHT11_ReadPin() == GPIO_PIN_SET) {
 469              		.loc 1 94 5 view .LVU94
 470              	.L30:
 471              		.loc 1 94 11 view .LVU95
 472              		.loc 1 94 12 is_stmt 0 view .LVU96
 473 0046 FFF7FEFF 		bl	DHT11_ReadPin
 474              	.LVL25:
 475              		.loc 1 94 11 view .LVU97
 476 004a 0128     		cmp	r0, #1
 477 004c 0AD1     		bne	.L53
  95:Core/Src/dht11.c ****         if (++timeout > 1000) {
 478              		.loc 1 95 9 is_stmt 1 view .LVU98
 479              		.loc 1 95 12 is_stmt 0 view .LVU99
 480 004e 0134     		adds	r4, r4, #1
 481              	.LVL26:
 482              		.loc 1 95 12 view .LVU100
 483 0050 B4F57A7F 		cmp	r4, #1000
 484 0054 03D8     		bhi	.L54
  96:Core/Src/dht11.c ****             taskEXIT_CRITICAL_FROM_ISR(saved_irq_state);
  97:Core/Src/dht11.c ****             return HAL_ERROR;
  98:Core/Src/dht11.c ****         }
ARM GAS  C:\Users\86133\AppData\Local\Temp\cc2w3FCw.s 			page 15


  99:Core/Src/dht11.c ****         delay_us(1);
 485              		.loc 1 99 9 is_stmt 1 view .LVU101
 486 0056 0120     		movs	r0, #1
 487 0058 FFF7FEFF 		bl	delay_us
 488              	.LVL27:
 489 005c F3E7     		b	.L30
 490              	.L54:
  96:Core/Src/dht11.c ****             taskEXIT_CRITICAL_FROM_ISR(saved_irq_state);
 491              		.loc 1 96 13 view .LVU102
 492              	.LVL28:
 493              	.LBB20:
 494              	.LBI20:
 224:Middlewares/Third_Party/FreeRTOS/Source/portable/GCC/ARM_CM4F/portmacro.h **** }
 225:Middlewares/Third_Party/FreeRTOS/Source/portable/GCC/ARM_CM4F/portmacro.h **** /*-----------------------------------------------------------*/
 226:Middlewares/Third_Party/FreeRTOS/Source/portable/GCC/ARM_CM4F/portmacro.h **** 
 227:Middlewares/Third_Party/FreeRTOS/Source/portable/GCC/ARM_CM4F/portmacro.h **** portFORCE_INLINE static void vPortSetBASEPRI( uint32_t ulNewMaskValue )
 495              		.loc 2 227 30 view .LVU103
 496              	.LBB21:
 228:Middlewares/Third_Party/FreeRTOS/Source/portable/GCC/ARM_CM4F/portmacro.h **** {
 229:Middlewares/Third_Party/FreeRTOS/Source/portable/GCC/ARM_CM4F/portmacro.h **** 	__asm volatile
 497              		.loc 2 229 2 view .LVU104
 498              		.syntax unified
 499              	@ 229 "Middlewares/Third_Party/FreeRTOS/Source/portable/GCC/ARM_CM4F/portmacro.h" 1
 500 005e 87F31188 			msr basepri, r7	
 501              	@ 0 "" 2
 502              	.LVL29:
 503              		.loc 2 229 2 is_stmt 0 view .LVU105
 504              		.thumb
 505              		.syntax unified
 506              	.LBE21:
 507              	.LBE20:
  97:Core/Src/dht11.c ****         }
 508              		.loc 1 97 13 is_stmt 1 view .LVU106
  97:Core/Src/dht11.c ****         }
 509              		.loc 1 97 20 is_stmt 0 view .LVU107
 510 0062 2AE0     		b	.L32
 511              	.L53:
 100:Core/Src/dht11.c ****     }
 101:Core/Src/dht11.c **** 
 102:Core/Src/dht11.c ****     /* Wait for DHT11 low pulse (~80us) */
 103:Core/Src/dht11.c ****     timeout = 0;
 512              		.loc 1 103 13 view .LVU108
 513 0064 0024     		movs	r4, #0
 514              	.LVL30:
 515              	.L34:
 104:Core/Src/dht11.c ****     while (DHT11_ReadPin() == GPIO_PIN_RESET) {
 516              		.loc 1 104 11 is_stmt 1 view .LVU109
 517              		.loc 1 104 12 is_stmt 0 view .LVU110
 518 0066 FFF7FEFF 		bl	DHT11_ReadPin
 519              	.LVL31:
 520              		.loc 1 104 11 view .LVU111
 521 006a 58B9     		cbnz	r0, .L55
 105:Core/Src/dht11.c ****         if (++timeout > 1000) {
 522              		.loc 1 105 9 is_stmt 1 view .LVU112
 523              		.loc 1 105 12 is_stmt 0 view .LVU113
 524 006c 0134     		adds	r4, r4, #1
 525              	.LVL32:
ARM GAS  C:\Users\86133\AppData\Local\Temp\cc2w3FCw.s 			page 16


 526              		.loc 1 105 12 view .LVU114
 527 006e B4F57A7F 		cmp	r4, #1000
 528 0072 03D8     		bhi	.L56
 106:Core/Src/dht11.c ****             taskEXIT_CRITICAL_FROM_ISR(saved_irq_state);
 107:Core/Src/dht11.c ****             return HAL_ERROR;
 108:Core/Src/dht11.c ****         }
 109:Core/Src/dht11.c ****         delay_us(1);
 529              		.loc 1 109 9 is_stmt 1 view .LVU115
 530 0074 0120     		movs	r0, #1
 531 0076 FFF7FEFF 		bl	delay_us
 532              	.LVL33:
 533 007a F4E7     		b	.L34
 534              	.L56:
 106:Core/Src/dht11.c ****             taskEXIT_CRITICAL_FROM_ISR(saved_irq_state);
 535              		.loc 1 106 13 view .LVU116
 536              	.LVL34:
 537              	.LBB22:
 538              	.LBI22:
 227:Middlewares/Third_Party/FreeRTOS/Source/portable/GCC/ARM_CM4F/portmacro.h **** {
 539              		.loc 2 227 30 view .LVU117
 540              	.LBB23:
 541              		.loc 2 229 2 view .LVU118
 542              		.syntax unified
 543              	@ 229 "Middlewares/Third_Party/FreeRTOS/Source/portable/GCC/ARM_CM4F/portmacro.h" 1
 544 007c 87F31188 			msr basepri, r7	
 545              	@ 0 "" 2
 546              	.LVL35:
 547              		.loc 2 229 2 is_stmt 0 view .LVU119
 548              		.thumb
 549              		.syntax unified
 550              	.LBE23:
 551              	.LBE22:
 107:Core/Src/dht11.c ****         }
 552              		.loc 1 107 13 is_stmt 1 view .LVU120
 107:Core/Src/dht11.c ****         }
 553              		.loc 1 107 20 is_stmt 0 view .LVU121
 554 0080 0120     		movs	r0, #1
 555 0082 1AE0     		b	.L32
 556              	.L55:
 110:Core/Src/dht11.c ****     }
 111:Core/Src/dht11.c **** 
 112:Core/Src/dht11.c ****     /* Wait for DHT11 high pulse (~80us) */
 113:Core/Src/dht11.c ****     timeout = 0;
 557              		.loc 1 113 13 view .LVU122
 558 0084 0024     		movs	r4, #0
 559              	.LVL36:
 560              	.L37:
 114:Core/Src/dht11.c ****     while (DHT11_ReadPin() == GPIO_PIN_SET) {
 561              		.loc 1 114 11 is_stmt 1 view .LVU123
 562              		.loc 1 114 12 is_stmt 0 view .LVU124
 563 0086 FFF7FEFF 		bl	DHT11_ReadPin
 564              	.LVL37:
 565              		.loc 1 114 11 view .LVU125
 566 008a 0128     		cmp	r0, #1
 567 008c 0AD1     		bne	.L57
 115:Core/Src/dht11.c ****         if (++timeout > 1000) {
 568              		.loc 1 115 9 is_stmt 1 view .LVU126
ARM GAS  C:\Users\86133\AppData\Local\Temp\cc2w3FCw.s 			page 17


 569              		.loc 1 115 12 is_stmt 0 view .LVU127
 570 008e 0134     		adds	r4, r4, #1
 571              	.LVL38:
 572              		.loc 1 115 12 view .LVU128
 573 0090 B4F57A7F 		cmp	r4, #1000
 574 0094 03D8     		bhi	.L58
 116:Core/Src/dht11.c ****             taskEXIT_CRITICAL_FROM_ISR(saved_irq_state);
 117:Core/Src/dht11.c ****             return HAL_ERROR;
 118:Core/Src/dht11.c ****         }
 119:Core/Src/dht11.c ****         delay_us(1);
 575              		.loc 1 119 9 is_stmt 1 view .LVU129
 576 0096 0120     		movs	r0, #1
 577 0098 FFF7FEFF 		bl	delay_us
 578              	.LVL39:
 579 009c F3E7     		b	.L37
 580              	.L58:
 116:Core/Src/dht11.c ****             taskEXIT_CRITICAL_FROM_ISR(saved_irq_state);
 581              		.loc 1 116 13 view .LVU130
 582              	.LVL40:
 583              	.LBB24:
 584              	.LBI24:
 227:Middlewares/Third_Party/FreeRTOS/Source/portable/GCC/ARM_CM4F/portmacro.h **** {
 585              		.loc 2 227 30 view .LVU131
 586              	.LBB25:
 587              		.loc 2 229 2 view .LVU132
 588              		.syntax unified
 589              	@ 229 "Middlewares/Third_Party/FreeRTOS/Source/portable/GCC/ARM_CM4F/portmacro.h" 1
 590 009e 87F31188 			msr basepri, r7	
 591              	@ 0 "" 2
 592              	.LVL41:
 593              		.loc 2 229 2 is_stmt 0 view .LVU133
 594              		.thumb
 595              		.syntax unified
 596              	.LBE25:
 597              	.LBE24:
 117:Core/Src/dht11.c ****         }
 598              		.loc 1 117 13 is_stmt 1 view .LVU134
 117:Core/Src/dht11.c ****         }
 599              		.loc 1 117 20 is_stmt 0 view .LVU135
 600 00a2 0AE0     		b	.L32
 601              	.L57:
 120:Core/Src/dht11.c ****     }
 121:Core/Src/dht11.c **** 
 122:Core/Src/dht11.c ****     /* Step 3: Read 40 bits (5 bytes) */
 123:Core/Src/dht11.c ****     for (i = 0; i < 5; i++) {
 602              		.loc 1 123 12 view .LVU136
 603 00a4 4FF00009 		mov	r9, #0
 604              	.L40:
 605              	.LVL42:
 606              		.loc 1 123 17 is_stmt 1 discriminator 1 view .LVU137
 607              		.loc 1 123 5 is_stmt 0 discriminator 1 view .LVU138
 608 00a8 B9F1040F 		cmp	r9, #4
 609 00ac 46D8     		bhi	.L59
 124:Core/Src/dht11.c ****         for (j = 0; j < 8; j++) {
 610              		.loc 1 124 16 view .LVU139
 611 00ae 4FF00008 		mov	r8, #0
 612 00b2 10E0     		b	.L48
ARM GAS  C:\Users\86133\AppData\Local\Temp\cc2w3FCw.s 			page 18


 613              	.LVL43:
 614              	.L63:
 125:Core/Src/dht11.c ****             /* Wait for low period (~50us) */
 126:Core/Src/dht11.c ****             timeout = 0;
 127:Core/Src/dht11.c ****             while (DHT11_ReadPin() == GPIO_PIN_RESET) {
 128:Core/Src/dht11.c ****                 if (++timeout > 1000) {
 129:Core/Src/dht11.c ****                     taskEXIT_CRITICAL_FROM_ISR(saved_irq_state);
 615              		.loc 1 129 21 is_stmt 1 view .LVU140
 616              	.LBB26:
 617              	.LBI26:
 227:Middlewares/Third_Party/FreeRTOS/Source/portable/GCC/ARM_CM4F/portmacro.h **** {
 618              		.loc 2 227 30 view .LVU141
 619              	.LBB27:
 620              		.loc 2 229 2 view .LVU142
 621              		.syntax unified
 622              	@ 229 "Middlewares/Third_Party/FreeRTOS/Source/portable/GCC/ARM_CM4F/portmacro.h" 1
 623 00b4 87F31188 			msr basepri, r7	
 624              	@ 0 "" 2
 625              	.LVL44:
 626              		.loc 2 229 2 is_stmt 0 view .LVU143
 627              		.thumb
 628              		.syntax unified
 629              	.LBE27:
 630              	.LBE26:
 130:Core/Src/dht11.c ****                     return HAL_ERROR;
 631              		.loc 1 130 21 is_stmt 1 view .LVU144
 632              		.loc 1 130 28 is_stmt 0 view .LVU145
 633 00b8 0120     		movs	r0, #1
 634              	.LVL45:
 635              	.L32:
 131:Core/Src/dht11.c ****                 }
 132:Core/Src/dht11.c ****                 delay_us(1);
 133:Core/Src/dht11.c ****             }
 134:Core/Src/dht11.c **** 
 135:Core/Src/dht11.c ****             /* Wait 40us then check: if still high, it's a '1' bit */
 136:Core/Src/dht11.c ****             delay_us(40);
 137:Core/Src/dht11.c **** 
 138:Core/Src/dht11.c ****             if (DHT11_ReadPin() == GPIO_PIN_SET) {
 139:Core/Src/dht11.c ****                 data[i] |= (1 << (7 - j));
 140:Core/Src/dht11.c ****                 /* Wait for high pulse to end */
 141:Core/Src/dht11.c ****                 timeout = 0;
 142:Core/Src/dht11.c ****                 while (DHT11_ReadPin() == GPIO_PIN_SET) {
 143:Core/Src/dht11.c ****                     if (++timeout > 1000) {
 144:Core/Src/dht11.c ****                         taskEXIT_CRITICAL_FROM_ISR(saved_irq_state);
 145:Core/Src/dht11.c ****                         return HAL_ERROR;
 146:Core/Src/dht11.c ****                     }
 147:Core/Src/dht11.c ****                     delay_us(1);
 148:Core/Src/dht11.c ****                 }
 149:Core/Src/dht11.c ****             }
 150:Core/Src/dht11.c ****         }
 151:Core/Src/dht11.c ****     }
 152:Core/Src/dht11.c **** 
 153:Core/Src/dht11.c ****     /* Exit critical section */
 154:Core/Src/dht11.c ****     taskEXIT_CRITICAL_FROM_ISR(saved_irq_state);
 155:Core/Src/dht11.c **** 
 156:Core/Src/dht11.c ****     /* Step 4: Verify checksum */
 157:Core/Src/dht11.c ****     if (data[4] != ((data[0] + data[1] + data[2] + data[3]) & 0xFF)) {
ARM GAS  C:\Users\86133\AppData\Local\Temp\cc2w3FCw.s 			page 19


 158:Core/Src/dht11.c ****         return HAL_ERROR;
 159:Core/Src/dht11.c ****     }
 160:Core/Src/dht11.c **** 
 161:Core/Src/dht11.c ****     /* Step 5: Extract temperature and humidity */
 162:Core/Src/dht11.c ****     *humi = data[0];  /* Humidity integer part */
 163:Core/Src/dht11.c ****     *temp = data[2];  /* Temperature integer part */
 164:Core/Src/dht11.c **** 
 165:Core/Src/dht11.c ****     return HAL_OK;
 166:Core/Src/dht11.c **** }
 636              		.loc 1 166 1 view .LVU146
 637 00ba 03B0     		add	sp, sp, #12
 638              	.LCFI14:
 639              		.cfi_remember_state
 640              		.cfi_def_cfa_offset 28
 641              		@ sp needed
 642 00bc BDE8F083 		pop	{r4, r5, r6, r7, r8, r9, pc}
 643              	.LVL46:
 644              	.L62:
 645              	.LCFI15:
 646              		.cfi_restore_state
 136:Core/Src/dht11.c **** 
 647              		.loc 1 136 13 is_stmt 1 view .LVU147
 648 00c0 2820     		movs	r0, #40
 649 00c2 FFF7FEFF 		bl	delay_us
 650              	.LVL47:
 138:Core/Src/dht11.c ****                 data[i] |= (1 << (7 - j));
 651              		.loc 1 138 13 view .LVU148
 138:Core/Src/dht11.c ****                 data[i] |= (1 << (7 - j));
 652              		.loc 1 138 17 is_stmt 0 view .LVU149
 653 00c6 FFF7FEFF 		bl	DHT11_ReadPin
 654              	.LVL48:
 138:Core/Src/dht11.c ****                 data[i] |= (1 << (7 - j));
 655              		.loc 1 138 16 view .LVU150
 656 00ca 0128     		cmp	r0, #1
 657 00cc 13D0     		beq	.L60
 658              	.L43:
 124:Core/Src/dht11.c ****             /* Wait for low period (~50us) */
 659              		.loc 1 124 28 is_stmt 1 discriminator 2 view .LVU151
 124:Core/Src/dht11.c ****             /* Wait for low period (~50us) */
 660              		.loc 1 124 29 is_stmt 0 discriminator 2 view .LVU152
 661 00ce 08F10108 		add	r8, r8, #1
 662              	.LVL49:
 124:Core/Src/dht11.c ****             /* Wait for low period (~50us) */
 663              		.loc 1 124 29 discriminator 2 view .LVU153
 664 00d2 5FFA88F8 		uxtb	r8, r8
 665              	.LVL50:
 666              	.L48:
 124:Core/Src/dht11.c ****             /* Wait for low period (~50us) */
 667              		.loc 1 124 21 is_stmt 1 discriminator 1 view .LVU154
 124:Core/Src/dht11.c ****             /* Wait for low period (~50us) */
 668              		.loc 1 124 9 is_stmt 0 discriminator 1 view .LVU155
 669 00d6 B8F1070F 		cmp	r8, #7
 670 00da 2AD8     		bhi	.L61
 126:Core/Src/dht11.c ****             while (DHT11_ReadPin() == GPIO_PIN_RESET) {
 671              		.loc 1 126 21 view .LVU156
 672 00dc 0024     		movs	r4, #0
 673              	.LVL51:
ARM GAS  C:\Users\86133\AppData\Local\Temp\cc2w3FCw.s 			page 20


 674              	.L47:
 127:Core/Src/dht11.c ****                 if (++timeout > 1000) {
 675              		.loc 1 127 19 is_stmt 1 view .LVU157
 127:Core/Src/dht11.c ****                 if (++timeout > 1000) {
 676              		.loc 1 127 20 is_stmt 0 view .LVU158
 677 00de FFF7FEFF 		bl	DHT11_ReadPin
 678              	.LVL52:
 127:Core/Src/dht11.c ****                 if (++timeout > 1000) {
 679              		.loc 1 127 19 view .LVU159
 680 00e2 0028     		cmp	r0, #0
 681 00e4 ECD1     		bne	.L62
 128:Core/Src/dht11.c ****                     taskEXIT_CRITICAL_FROM_ISR(saved_irq_state);
 682              		.loc 1 128 17 is_stmt 1 view .LVU160
 128:Core/Src/dht11.c ****                     taskEXIT_CRITICAL_FROM_ISR(saved_irq_state);
 683              		.loc 1 128 20 is_stmt 0 view .LVU161
 684 00e6 0134     		adds	r4, r4, #1
 685              	.LVL53:
 128:Core/Src/dht11.c ****                     taskEXIT_CRITICAL_FROM_ISR(saved_irq_state);
 686              		.loc 1 128 20 view .LVU162
 687 00e8 B4F57A7F 		cmp	r4, #1000
 688 00ec E2D8     		bhi	.L63
 132:Core/Src/dht11.c ****             }
 689              		.loc 1 132 17 is_stmt 1 view .LVU163
 690 00ee 0120     		movs	r0, #1
 691 00f0 FFF7FEFF 		bl	delay_us
 692              	.LVL54:
 693 00f4 F3E7     		b	.L47
 694              	.L60:
 139:Core/Src/dht11.c ****                 /* Wait for high pulse to end */
 695              		.loc 1 139 17 view .LVU164
 139:Core/Src/dht11.c ****                 /* Wait for high pulse to end */
 696              		.loc 1 139 37 is_stmt 0 view .LVU165
 697 00f6 C8F10702 		rsb	r2, r8, #7
 139:Core/Src/dht11.c ****                 /* Wait for high pulse to end */
 698              		.loc 1 139 31 view .LVU166
 699 00fa 0123     		movs	r3, #1
 700 00fc 03FA02F2 		lsl	r2, r3, r2
 139:Core/Src/dht11.c ****                 /* Wait for high pulse to end */
 701              		.loc 1 139 25 view .LVU167
 702 0100 09F10803 		add	r3, r9, #8
 703 0104 0DEB0301 		add	r1, sp, r3
 704 0108 11F8083C 		ldrb	r3, [r1, #-8]	@ zero_extendqisi2
 705 010c 1343     		orrs	r3, r3, r2
 706 010e 01F8083C 		strb	r3, [r1, #-8]
 141:Core/Src/dht11.c ****                 while (DHT11_ReadPin() == GPIO_PIN_SET) {
 707              		.loc 1 141 17 is_stmt 1 view .LVU168
 708              	.LVL55:
 142:Core/Src/dht11.c ****                     if (++timeout > 1000) {
 709              		.loc 1 142 17 view .LVU169
 141:Core/Src/dht11.c ****                 while (DHT11_ReadPin() == GPIO_PIN_SET) {
 710              		.loc 1 141 25 is_stmt 0 view .LVU170
 711 0112 0024     		movs	r4, #0
 712              	.LVL56:
 713              	.L44:
 142:Core/Src/dht11.c ****                     if (++timeout > 1000) {
 714              		.loc 1 142 23 is_stmt 1 view .LVU171
 142:Core/Src/dht11.c ****                     if (++timeout > 1000) {
ARM GAS  C:\Users\86133\AppData\Local\Temp\cc2w3FCw.s 			page 21


 715              		.loc 1 142 24 is_stmt 0 view .LVU172
 716 0114 FFF7FEFF 		bl	DHT11_ReadPin
 717              	.LVL57:
 142:Core/Src/dht11.c ****                     if (++timeout > 1000) {
 718              		.loc 1 142 23 view .LVU173
 719 0118 0128     		cmp	r0, #1
 720 011a D8D1     		bne	.L43
 143:Core/Src/dht11.c ****                         taskEXIT_CRITICAL_FROM_ISR(saved_irq_state);
 721              		.loc 1 143 21 is_stmt 1 view .LVU174
 143:Core/Src/dht11.c ****                         taskEXIT_CRITICAL_FROM_ISR(saved_irq_state);
 722              		.loc 1 143 24 is_stmt 0 view .LVU175
 723 011c 0134     		adds	r4, r4, #1
 724              	.LVL58:
 143:Core/Src/dht11.c ****                         taskEXIT_CRITICAL_FROM_ISR(saved_irq_state);
 725              		.loc 1 143 24 view .LVU176
 726 011e B4F57A7F 		cmp	r4, #1000
 727 0122 03D8     		bhi	.L64
 147:Core/Src/dht11.c ****                 }
 728              		.loc 1 147 21 is_stmt 1 view .LVU177
 729 0124 0120     		movs	r0, #1
 730 0126 FFF7FEFF 		bl	delay_us
 731              	.LVL59:
 732 012a F3E7     		b	.L44
 733              	.L64:
 144:Core/Src/dht11.c ****                         return HAL_ERROR;
 734              		.loc 1 144 25 view .LVU178
 735              	.LVL60:
 736              	.LBB28:
 737              	.LBI28:
 227:Middlewares/Third_Party/FreeRTOS/Source/portable/GCC/ARM_CM4F/portmacro.h **** {
 738              		.loc 2 227 30 view .LVU179
 739              	.LBB29:
 740              		.loc 2 229 2 view .LVU180
 741              		.syntax unified
 742              	@ 229 "Middlewares/Third_Party/FreeRTOS/Source/portable/GCC/ARM_CM4F/portmacro.h" 1
 743 012c 87F31188 			msr basepri, r7	
 744              	@ 0 "" 2
 745              	.LVL61:
 746              		.loc 2 229 2 is_stmt 0 view .LVU181
 747              		.thumb
 748              		.syntax unified
 749              	.LBE29:
 750              	.LBE28:
 145:Core/Src/dht11.c ****                     }
 751              		.loc 1 145 25 is_stmt 1 view .LVU182
 145:Core/Src/dht11.c ****                     }
 752              		.loc 1 145 32 is_stmt 0 view .LVU183
 753 0130 C3E7     		b	.L32
 754              	.L61:
 123:Core/Src/dht11.c ****         for (j = 0; j < 8; j++) {
 755              		.loc 1 123 24 is_stmt 1 discriminator 2 view .LVU184
 123:Core/Src/dht11.c ****         for (j = 0; j < 8; j++) {
 756              		.loc 1 123 25 is_stmt 0 discriminator 2 view .LVU185
 757 0132 09F10109 		add	r9, r9, #1
 758              	.LVL62:
 123:Core/Src/dht11.c ****         for (j = 0; j < 8; j++) {
 759              		.loc 1 123 25 discriminator 2 view .LVU186
ARM GAS  C:\Users\86133\AppData\Local\Temp\cc2w3FCw.s 			page 22


 760 0136 5FFA89F9 		uxtb	r9, r9
 761              	.LVL63:
 123:Core/Src/dht11.c ****         for (j = 0; j < 8; j++) {
 762              		.loc 1 123 25 discriminator 2 view .LVU187
 763 013a B5E7     		b	.L40
 764              	.LVL64:
 765              	.L59:
 154:Core/Src/dht11.c **** 
 766              		.loc 1 154 5 is_stmt 1 view .LVU188
 767              	.LBB30:
 768              	.LBI30:
 227:Middlewares/Third_Party/FreeRTOS/Source/portable/GCC/ARM_CM4F/portmacro.h **** {
 769              		.loc 2 227 30 view .LVU189
 770              	.LBB31:
 771              		.loc 2 229 2 view .LVU190
 772              		.syntax unified
 773              	@ 229 "Middlewares/Third_Party/FreeRTOS/Source/portable/GCC/ARM_CM4F/portmacro.h" 1
 774 013c 87F31188 			msr basepri, r7	
 775              	@ 0 "" 2
 776              	.LVL65:
 777              		.loc 2 229 2 is_stmt 0 view .LVU191
 778              		.thumb
 779              		.syntax unified
 780              	.LBE31:
 781              	.LBE30:
 157:Core/Src/dht11.c ****         return HAL_ERROR;
 782              		.loc 1 157 5 is_stmt 1 view .LVU192
 157:Core/Src/dht11.c ****         return HAL_ERROR;
 783              		.loc 1 157 13 is_stmt 0 view .LVU193
 784 0140 9DF80400 		ldrb	r0, [sp, #4]	@ zero_extendqisi2
 157:Core/Src/dht11.c ****         return HAL_ERROR;
 785              		.loc 1 157 26 view .LVU194
 786 0144 9DF80010 		ldrb	r1, [sp]	@ zero_extendqisi2
 157:Core/Src/dht11.c ****         return HAL_ERROR;
 787              		.loc 1 157 36 view .LVU195
 788 0148 9DF80130 		ldrb	r3, [sp, #1]	@ zero_extendqisi2
 157:Core/Src/dht11.c ****         return HAL_ERROR;
 789              		.loc 1 157 30 view .LVU196
 790 014c 0B44     		add	r3, r3, r1
 157:Core/Src/dht11.c ****         return HAL_ERROR;
 791              		.loc 1 157 46 view .LVU197
 792 014e 9DF80220 		ldrb	r2, [sp, #2]	@ zero_extendqisi2
 157:Core/Src/dht11.c ****         return HAL_ERROR;
 793              		.loc 1 157 40 view .LVU198
 794 0152 1344     		add	r3, r3, r2
 157:Core/Src/dht11.c ****         return HAL_ERROR;
 795              		.loc 1 157 56 view .LVU199
 796 0154 9DF80340 		ldrb	r4, [sp, #3]	@ zero_extendqisi2
 797              	.LVL66:
 157:Core/Src/dht11.c ****         return HAL_ERROR;
 798              		.loc 1 157 50 view .LVU200
 799 0158 2344     		add	r3, r3, r4
 157:Core/Src/dht11.c ****         return HAL_ERROR;
 800              		.loc 1 157 61 view .LVU201
 801 015a DBB2     		uxtb	r3, r3
 157:Core/Src/dht11.c ****         return HAL_ERROR;
 802              		.loc 1 157 8 view .LVU202
ARM GAS  C:\Users\86133\AppData\Local\Temp\cc2w3FCw.s 			page 23


 803 015c 9842     		cmp	r0, r3
 804 015e 03D1     		bne	.L51
 162:Core/Src/dht11.c ****     *temp = data[2];  /* Temperature integer part */
 805              		.loc 1 162 5 is_stmt 1 view .LVU203
 162:Core/Src/dht11.c ****     *temp = data[2];  /* Temperature integer part */
 806              		.loc 1 162 11 is_stmt 0 view .LVU204
 807 0160 3170     		strb	r1, [r6]
 163:Core/Src/dht11.c **** 
 808              		.loc 1 163 5 is_stmt 1 view .LVU205
 163:Core/Src/dht11.c **** 
 809              		.loc 1 163 11 is_stmt 0 view .LVU206
 810 0162 2A70     		strb	r2, [r5]
 165:Core/Src/dht11.c **** }
 811              		.loc 1 165 5 is_stmt 1 view .LVU207
 165:Core/Src/dht11.c **** }
 812              		.loc 1 165 12 is_stmt 0 view .LVU208
 813 0164 0020     		movs	r0, #0
 814 0166 A8E7     		b	.L32
 815              	.L51:
 158:Core/Src/dht11.c ****     }
 816              		.loc 1 158 16 view .LVU209
 817 0168 0120     		movs	r0, #1
 818 016a A6E7     		b	.L32
 819              		.cfi_endproc
 820              	.LFE340:
 822              		.text
 823              	.Letext0:
 824              		.file 3 "c:\\arm\\gcc-arm-none-eabi\\10_2021.10\\arm-none-eabi\\include\\machine\\_default_types.h
 825              		.file 4 "c:\\arm\\gcc-arm-none-eabi\\10_2021.10\\arm-none-eabi\\include\\sys\\_stdint.h"
 826              		.file 5 "Drivers/CMSIS/Include/core_cm4.h"
 827              		.file 6 "Drivers/CMSIS/Device/ST/STM32G4xx/Include/stm32g431xx.h"
 828              		.file 7 "Drivers/STM32G4xx_HAL_Driver/Inc/stm32g4xx_hal_def.h"
 829              		.file 8 "Drivers/STM32G4xx_HAL_Driver/Inc/stm32g4xx_hal_gpio.h"
 830              		.file 9 "Drivers/CMSIS/Device/ST/STM32G4xx/Include/system_stm32g4xx.h"
ARM GAS  C:\Users\86133\AppData\Local\Temp\cc2w3FCw.s 			page 24


DEFINED SYMBOLS
                            *ABS*:00000000 dht11.c
C:\Users\86133\AppData\Local\Temp\cc2w3FCw.s:20     .text.delay_us:00000000 $t
C:\Users\86133\AppData\Local\Temp\cc2w3FCw.s:25     .text.delay_us:00000000 delay_us
C:\Users\86133\AppData\Local\Temp\cc2w3FCw.s:66     .text.delay_us:00000020 $d
C:\Users\86133\AppData\Local\Temp\cc2w3FCw.s:73     .text.delay_ms:00000000 $t
C:\Users\86133\AppData\Local\Temp\cc2w3FCw.s:78     .text.delay_ms:00000000 delay_ms
C:\Users\86133\AppData\Local\Temp\cc2w3FCw.s:125    .text.DHT11_SetOutput:00000000 $t
C:\Users\86133\AppData\Local\Temp\cc2w3FCw.s:130    .text.DHT11_SetOutput:00000000 DHT11_SetOutput
C:\Users\86133\AppData\Local\Temp\cc2w3FCw.s:178    .text.DHT11_SetOutput:0000002c $d
C:\Users\86133\AppData\Local\Temp\cc2w3FCw.s:183    .text.DHT11_SetInput:00000000 $t
C:\Users\86133\AppData\Local\Temp\cc2w3FCw.s:188    .text.DHT11_SetInput:00000000 DHT11_SetInput
C:\Users\86133\AppData\Local\Temp\cc2w3FCw.s:232    .text.DHT11_SetInput:00000028 $d
C:\Users\86133\AppData\Local\Temp\cc2w3FCw.s:237    .text.DHT11_WritePin:00000000 $t
C:\Users\86133\AppData\Local\Temp\cc2w3FCw.s:242    .text.DHT11_WritePin:00000000 DHT11_WritePin
C:\Users\86133\AppData\Local\Temp\cc2w3FCw.s:270    .text.DHT11_WritePin:00000014 $d
C:\Users\86133\AppData\Local\Temp\cc2w3FCw.s:275    .text.DHT11_ReadPin:00000000 $t
C:\Users\86133\AppData\Local\Temp\cc2w3FCw.s:280    .text.DHT11_ReadPin:00000000 DHT11_ReadPin
C:\Users\86133\AppData\Local\Temp\cc2w3FCw.s:302    .text.DHT11_ReadPin:00000010 $d
C:\Users\86133\AppData\Local\Temp\cc2w3FCw.s:307    .text.DHT11_Init:00000000 $t
C:\Users\86133\AppData\Local\Temp\cc2w3FCw.s:313    .text.DHT11_Init:00000000 DHT11_Init
C:\Users\86133\AppData\Local\Temp\cc2w3FCw.s:379    .text.DHT11_Init:00000054 $d
C:\Users\86133\AppData\Local\Temp\cc2w3FCw.s:385    .text.DHT11_ReadData:00000000 $t
C:\Users\86133\AppData\Local\Temp\cc2w3FCw.s:391    .text.DHT11_ReadData:00000000 DHT11_ReadData

UNDEFINED SYMBOLS
SystemCoreClock
HAL_GPIO_Init
HAL_GPIO_WritePin
HAL_GPIO_ReadPin
