ARM GAS  C:\Users\86133\AppData\Local\Temp\ccTB9qSh.s 			page 1


   1              		.cpu cortex-m4
   2              		.arch armv7e-m
   3              		.fpu fpv4-sp-d16
   4              		.eabi_attribute 27, 1
   5              		.eabi_attribute 28, 1
   6              		.eabi_attribute 20, 1
   7              		.eabi_attribute 21, 1
   8              		.eabi_attribute 23, 3
   9              		.eabi_attribute 24, 1
  10              		.eabi_attribute 25, 1
  11              		.eabi_attribute 26, 1
  12              		.eabi_attribute 30, 1
  13              		.eabi_attribute 34, 1
  14              		.eabi_attribute 18, 4
  15              		.file	"gpio.c"
  16              		.text
  17              	.Ltext0:
  18              		.cfi_sections	.debug_frame
  19              		.section	.text.MX_GPIO_Init,"ax",%progbits
  20              		.align	1
  21              		.global	MX_GPIO_Init
  22              		.syntax unified
  23              		.thumb
  24              		.thumb_func
  26              	MX_GPIO_Init:
  27              	.LFB329:
  28              		.file 1 "Core/Src/gpio.c"
   1:Core/Src/gpio.c **** /* USER CODE BEGIN Header */
   2:Core/Src/gpio.c **** /**
   3:Core/Src/gpio.c ****   ******************************************************************************
   4:Core/Src/gpio.c ****   * @file    gpio.c
   5:Core/Src/gpio.c ****   * @brief   This file provides code for the configuration
   6:Core/Src/gpio.c ****   *          of all used GPIO pins.
   7:Core/Src/gpio.c ****   ******************************************************************************
   8:Core/Src/gpio.c ****   * @attention
   9:Core/Src/gpio.c ****   *
  10:Core/Src/gpio.c ****   * Copyright (c) 2026 STMicroelectronics.
  11:Core/Src/gpio.c ****   * All rights reserved.
  12:Core/Src/gpio.c ****   *
  13:Core/Src/gpio.c ****   * This software is licensed under terms that can be found in the LICENSE file
  14:Core/Src/gpio.c ****   * in the root directory of this software component.
  15:Core/Src/gpio.c ****   * If no LICENSE file comes with this software, it is provided AS-IS.
  16:Core/Src/gpio.c ****   *
  17:Core/Src/gpio.c ****   ******************************************************************************
  18:Core/Src/gpio.c ****   */
  19:Core/Src/gpio.c **** /* USER CODE END Header */
  20:Core/Src/gpio.c **** 
  21:Core/Src/gpio.c **** /* Includes ------------------------------------------------------------------*/
  22:Core/Src/gpio.c **** #include "gpio.h"
  23:Core/Src/gpio.c **** 
  24:Core/Src/gpio.c **** /* USER CODE BEGIN 0 */
  25:Core/Src/gpio.c **** 
  26:Core/Src/gpio.c **** /* USER CODE END 0 */
  27:Core/Src/gpio.c **** 
  28:Core/Src/gpio.c **** /*----------------------------------------------------------------------------*/
  29:Core/Src/gpio.c **** /* Configure GPIO                                                             */
  30:Core/Src/gpio.c **** /*----------------------------------------------------------------------------*/
ARM GAS  C:\Users\86133\AppData\Local\Temp\ccTB9qSh.s 			page 2


  31:Core/Src/gpio.c **** /* USER CODE BEGIN 1 */
  32:Core/Src/gpio.c **** 
  33:Core/Src/gpio.c **** /* USER CODE END 1 */
  34:Core/Src/gpio.c **** 
  35:Core/Src/gpio.c **** /** Configure pins as
  36:Core/Src/gpio.c ****         * Analog
  37:Core/Src/gpio.c ****         * Input
  38:Core/Src/gpio.c ****         * Output
  39:Core/Src/gpio.c ****         * EVENT_OUT
  40:Core/Src/gpio.c ****         * EXTI
  41:Core/Src/gpio.c **** */
  42:Core/Src/gpio.c **** void MX_GPIO_Init(void)
  43:Core/Src/gpio.c **** {
  29              		.loc 1 43 1 view -0
  30              		.cfi_startproc
  31              		@ args = 0, pretend = 0, frame = 40
  32              		@ frame_needed = 0, uses_anonymous_args = 0
  33 0000 2DE9F041 		push	{r4, r5, r6, r7, r8, lr}
  34              	.LCFI0:
  35              		.cfi_def_cfa_offset 24
  36              		.cfi_offset 4, -24
  37              		.cfi_offset 5, -20
  38              		.cfi_offset 6, -16
  39              		.cfi_offset 7, -12
  40              		.cfi_offset 8, -8
  41              		.cfi_offset 14, -4
  42 0004 8AB0     		sub	sp, sp, #40
  43              	.LCFI1:
  44              		.cfi_def_cfa_offset 64
  44:Core/Src/gpio.c **** 
  45:Core/Src/gpio.c ****   GPIO_InitTypeDef GPIO_InitStruct = {0};
  45              		.loc 1 45 3 view .LVU1
  46              		.loc 1 45 20 is_stmt 0 view .LVU2
  47 0006 0024     		movs	r4, #0
  48 0008 0594     		str	r4, [sp, #20]
  49 000a 0694     		str	r4, [sp, #24]
  50 000c 0794     		str	r4, [sp, #28]
  51 000e 0894     		str	r4, [sp, #32]
  52 0010 0994     		str	r4, [sp, #36]
  46:Core/Src/gpio.c **** 
  47:Core/Src/gpio.c ****   /* GPIO Ports Clock Enable */
  48:Core/Src/gpio.c ****   __HAL_RCC_GPIOC_CLK_ENABLE();
  53              		.loc 1 48 3 is_stmt 1 view .LVU3
  54              	.LBB2:
  55              		.loc 1 48 3 view .LVU4
  56              		.loc 1 48 3 view .LVU5
  57 0012 3E4B     		ldr	r3, .L3
  58 0014 DA6C     		ldr	r2, [r3, #76]
  59 0016 42F00402 		orr	r2, r2, #4
  60 001a DA64     		str	r2, [r3, #76]
  61              		.loc 1 48 3 view .LVU6
  62 001c DA6C     		ldr	r2, [r3, #76]
  63 001e 02F00402 		and	r2, r2, #4
  64 0022 0092     		str	r2, [sp]
  65              		.loc 1 48 3 view .LVU7
  66 0024 009A     		ldr	r2, [sp]
  67              	.LBE2:
ARM GAS  C:\Users\86133\AppData\Local\Temp\ccTB9qSh.s 			page 3


  68              		.loc 1 48 3 view .LVU8
  49:Core/Src/gpio.c ****   __HAL_RCC_GPIOF_CLK_ENABLE();
  69              		.loc 1 49 3 view .LVU9
  70              	.LBB3:
  71              		.loc 1 49 3 view .LVU10
  72              		.loc 1 49 3 view .LVU11
  73 0026 DA6C     		ldr	r2, [r3, #76]
  74 0028 42F02002 		orr	r2, r2, #32
  75 002c DA64     		str	r2, [r3, #76]
  76              		.loc 1 49 3 view .LVU12
  77 002e DA6C     		ldr	r2, [r3, #76]
  78 0030 02F02002 		and	r2, r2, #32
  79 0034 0192     		str	r2, [sp, #4]
  80              		.loc 1 49 3 view .LVU13
  81 0036 019A     		ldr	r2, [sp, #4]
  82              	.LBE3:
  83              		.loc 1 49 3 view .LVU14
  50:Core/Src/gpio.c ****   __HAL_RCC_GPIOA_CLK_ENABLE();
  84              		.loc 1 50 3 view .LVU15
  85              	.LBB4:
  86              		.loc 1 50 3 view .LVU16
  87              		.loc 1 50 3 view .LVU17
  88 0038 DA6C     		ldr	r2, [r3, #76]
  89 003a 42F00102 		orr	r2, r2, #1
  90 003e DA64     		str	r2, [r3, #76]
  91              		.loc 1 50 3 view .LVU18
  92 0040 DA6C     		ldr	r2, [r3, #76]
  93 0042 02F00102 		and	r2, r2, #1
  94 0046 0292     		str	r2, [sp, #8]
  95              		.loc 1 50 3 view .LVU19
  96 0048 029A     		ldr	r2, [sp, #8]
  97              	.LBE4:
  98              		.loc 1 50 3 view .LVU20
  51:Core/Src/gpio.c ****   __HAL_RCC_GPIOB_CLK_ENABLE();
  99              		.loc 1 51 3 view .LVU21
 100              	.LBB5:
 101              		.loc 1 51 3 view .LVU22
 102              		.loc 1 51 3 view .LVU23
 103 004a DA6C     		ldr	r2, [r3, #76]
 104 004c 42F00202 		orr	r2, r2, #2
 105 0050 DA64     		str	r2, [r3, #76]
 106              		.loc 1 51 3 view .LVU24
 107 0052 DA6C     		ldr	r2, [r3, #76]
 108 0054 02F00202 		and	r2, r2, #2
 109 0058 0392     		str	r2, [sp, #12]
 110              		.loc 1 51 3 view .LVU25
 111 005a 039A     		ldr	r2, [sp, #12]
 112              	.LBE5:
 113              		.loc 1 51 3 view .LVU26
  52:Core/Src/gpio.c ****   __HAL_RCC_GPIOD_CLK_ENABLE();
 114              		.loc 1 52 3 view .LVU27
 115              	.LBB6:
 116              		.loc 1 52 3 view .LVU28
 117              		.loc 1 52 3 view .LVU29
 118 005c DA6C     		ldr	r2, [r3, #76]
 119 005e 42F00802 		orr	r2, r2, #8
 120 0062 DA64     		str	r2, [r3, #76]
ARM GAS  C:\Users\86133\AppData\Local\Temp\ccTB9qSh.s 			page 4


 121              		.loc 1 52 3 view .LVU30
 122 0064 DB6C     		ldr	r3, [r3, #76]
 123 0066 03F00803 		and	r3, r3, #8
 124 006a 0493     		str	r3, [sp, #16]
 125              		.loc 1 52 3 view .LVU31
 126 006c 049B     		ldr	r3, [sp, #16]
 127              	.LBE6:
 128              		.loc 1 52 3 view .LVU32
  53:Core/Src/gpio.c **** 
  54:Core/Src/gpio.c ****   /*Configure GPIO pin Output Level */
  55:Core/Src/gpio.c ****   HAL_GPIO_WritePin(GPIOC, GPIO_PIN_13|GPIO_PIN_14|GPIO_PIN_15|GPIO_PIN_0
 129              		.loc 1 55 3 view .LVU33
 130 006e DFF8A880 		ldr	r8, .L3+12
 131 0072 2246     		mov	r2, r4
 132 0074 4FF6FF71 		movw	r1, #65535
 133 0078 4046     		mov	r0, r8
 134 007a FFF7FEFF 		bl	HAL_GPIO_WritePin
 135              	.LVL0:
  56:Core/Src/gpio.c ****                           |GPIO_PIN_1|GPIO_PIN_2|GPIO_PIN_3|GPIO_PIN_4
  57:Core/Src/gpio.c ****                           |GPIO_PIN_5|GPIO_PIN_6|GPIO_PIN_7|GPIO_PIN_8
  58:Core/Src/gpio.c ****                           |GPIO_PIN_9|GPIO_PIN_10|GPIO_PIN_11|GPIO_PIN_12, GPIO_PIN_RESET);
  59:Core/Src/gpio.c **** 
  60:Core/Src/gpio.c ****   /*Configure GPIO pin Output Level */
  61:Core/Src/gpio.c ****   HAL_GPIO_WritePin(GPIOB, GPIO_PIN_0|GPIO_PIN_5|GPIO_PIN_8|GPIO_PIN_9, GPIO_PIN_RESET);
 136              		.loc 1 61 3 view .LVU34
 137 007e 244E     		ldr	r6, .L3+4
 138 0080 2246     		mov	r2, r4
 139 0082 40F22131 		movw	r1, #801
 140 0086 3046     		mov	r0, r6
 141 0088 FFF7FEFF 		bl	HAL_GPIO_WritePin
 142              	.LVL1:
  62:Core/Src/gpio.c **** 
  63:Core/Src/gpio.c ****   /*Configure GPIO pin Output Level */
  64:Core/Src/gpio.c ****   HAL_GPIO_WritePin(GPIOB, GPIO_PIN_10, GPIO_PIN_SET);
 143              		.loc 1 64 3 view .LVU35
 144 008c 0122     		movs	r2, #1
 145 008e 4FF48061 		mov	r1, #1024
 146 0092 3046     		mov	r0, r6
 147 0094 FFF7FEFF 		bl	HAL_GPIO_WritePin
 148              	.LVL2:
  65:Core/Src/gpio.c **** 
  66:Core/Src/gpio.c ****   /*Configure GPIO pin Output Level */
  67:Core/Src/gpio.c ****   HAL_GPIO_WritePin(GPIOA, GPIO_PIN_8, GPIO_PIN_RESET);
 149              		.loc 1 67 3 view .LVU36
 150 0098 2246     		mov	r2, r4
 151 009a 4FF48071 		mov	r1, #256
 152 009e 4FF09040 		mov	r0, #1207959552
 153 00a2 FFF7FEFF 		bl	HAL_GPIO_WritePin
 154              	.LVL3:
  68:Core/Src/gpio.c **** 
  69:Core/Src/gpio.c ****   /*Configure GPIO pin Output Level */
  70:Core/Src/gpio.c ****   HAL_GPIO_WritePin(GPIOD, GPIO_PIN_2, GPIO_PIN_RESET);
 155              		.loc 1 70 3 view .LVU37
 156 00a6 1B4F     		ldr	r7, .L3+8
 157 00a8 2246     		mov	r2, r4
 158 00aa 0421     		movs	r1, #4
 159 00ac 3846     		mov	r0, r7
ARM GAS  C:\Users\86133\AppData\Local\Temp\ccTB9qSh.s 			page 5


 160 00ae FFF7FEFF 		bl	HAL_GPIO_WritePin
 161              	.LVL4:
  71:Core/Src/gpio.c **** 
  72:Core/Src/gpio.c ****   /*Configure GPIO pins : PC13 PC14 PC15 PC0
  73:Core/Src/gpio.c ****                            PC1 PC2 PC3 PC4
  74:Core/Src/gpio.c ****                            PC5 PC6 PC7 PC8
  75:Core/Src/gpio.c ****                            PC9 PC10 PC11 PC12 */
  76:Core/Src/gpio.c ****   GPIO_InitStruct.Pin = GPIO_PIN_13|GPIO_PIN_14|GPIO_PIN_15|GPIO_PIN_0
 162              		.loc 1 76 3 view .LVU38
 163              		.loc 1 76 23 is_stmt 0 view .LVU39
 164 00b2 4FF6FF73 		movw	r3, #65535
 165 00b6 0593     		str	r3, [sp, #20]
  77:Core/Src/gpio.c ****                           |GPIO_PIN_1|GPIO_PIN_2|GPIO_PIN_3|GPIO_PIN_4
  78:Core/Src/gpio.c ****                           |GPIO_PIN_5|GPIO_PIN_6|GPIO_PIN_7|GPIO_PIN_8
  79:Core/Src/gpio.c ****                           |GPIO_PIN_9|GPIO_PIN_10|GPIO_PIN_11|GPIO_PIN_12;
  80:Core/Src/gpio.c ****   GPIO_InitStruct.Mode = GPIO_MODE_OUTPUT_PP;
 166              		.loc 1 80 3 is_stmt 1 view .LVU40
 167              		.loc 1 80 24 is_stmt 0 view .LVU41
 168 00b8 0125     		movs	r5, #1
 169 00ba 0695     		str	r5, [sp, #24]
  81:Core/Src/gpio.c ****   GPIO_InitStruct.Pull = GPIO_NOPULL;
 170              		.loc 1 81 3 is_stmt 1 view .LVU42
 171              		.loc 1 81 24 is_stmt 0 view .LVU43
 172 00bc 0794     		str	r4, [sp, #28]
  82:Core/Src/gpio.c ****   GPIO_InitStruct.Speed = GPIO_SPEED_FREQ_LOW;
 173              		.loc 1 82 3 is_stmt 1 view .LVU44
 174              		.loc 1 82 25 is_stmt 0 view .LVU45
 175 00be 0894     		str	r4, [sp, #32]
  83:Core/Src/gpio.c ****   HAL_GPIO_Init(GPIOC, &GPIO_InitStruct);
 176              		.loc 1 83 3 is_stmt 1 view .LVU46
 177 00c0 05A9     		add	r1, sp, #20
 178 00c2 4046     		mov	r0, r8
 179 00c4 FFF7FEFF 		bl	HAL_GPIO_Init
 180              	.LVL5:
  84:Core/Src/gpio.c **** 
  85:Core/Src/gpio.c ****   /*Configure GPIO pins : PB0 PB10 PB5 PB8
  86:Core/Src/gpio.c ****                            PB9 */
  87:Core/Src/gpio.c ****   GPIO_InitStruct.Pin = GPIO_PIN_0|GPIO_PIN_10|GPIO_PIN_5|GPIO_PIN_8
 181              		.loc 1 87 3 view .LVU47
 182              		.loc 1 87 23 is_stmt 0 view .LVU48
 183 00c8 40F22173 		movw	r3, #1825
 184 00cc 0593     		str	r3, [sp, #20]
  88:Core/Src/gpio.c ****                           |GPIO_PIN_9;
  89:Core/Src/gpio.c ****   GPIO_InitStruct.Mode = GPIO_MODE_OUTPUT_PP;
 185              		.loc 1 89 3 is_stmt 1 view .LVU49
 186              		.loc 1 89 24 is_stmt 0 view .LVU50
 187 00ce 0695     		str	r5, [sp, #24]
  90:Core/Src/gpio.c ****   GPIO_InitStruct.Pull = GPIO_NOPULL;
 188              		.loc 1 90 3 is_stmt 1 view .LVU51
 189              		.loc 1 90 24 is_stmt 0 view .LVU52
 190 00d0 0794     		str	r4, [sp, #28]
  91:Core/Src/gpio.c ****   GPIO_InitStruct.Speed = GPIO_SPEED_FREQ_LOW;
 191              		.loc 1 91 3 is_stmt 1 view .LVU53
 192              		.loc 1 91 25 is_stmt 0 view .LVU54
 193 00d2 0894     		str	r4, [sp, #32]
  92:Core/Src/gpio.c ****   HAL_GPIO_Init(GPIOB, &GPIO_InitStruct);
 194              		.loc 1 92 3 is_stmt 1 view .LVU55
ARM GAS  C:\Users\86133\AppData\Local\Temp\ccTB9qSh.s 			page 6


 195 00d4 05A9     		add	r1, sp, #20
 196 00d6 3046     		mov	r0, r6
 197 00d8 FFF7FEFF 		bl	HAL_GPIO_Init
 198              	.LVL6:
  93:Core/Src/gpio.c **** 
  94:Core/Src/gpio.c ****   /*Configure GPIO pin : PA8 */
  95:Core/Src/gpio.c ****   GPIO_InitStruct.Pin = GPIO_PIN_8;
 199              		.loc 1 95 3 view .LVU56
 200              		.loc 1 95 23 is_stmt 0 view .LVU57
 201 00dc 4FF48073 		mov	r3, #256
 202 00e0 0593     		str	r3, [sp, #20]
  96:Core/Src/gpio.c ****   GPIO_InitStruct.Mode = GPIO_MODE_OUTPUT_PP;
 203              		.loc 1 96 3 is_stmt 1 view .LVU58
 204              		.loc 1 96 24 is_stmt 0 view .LVU59
 205 00e2 0695     		str	r5, [sp, #24]
  97:Core/Src/gpio.c ****   GPIO_InitStruct.Pull = GPIO_NOPULL;
 206              		.loc 1 97 3 is_stmt 1 view .LVU60
 207              		.loc 1 97 24 is_stmt 0 view .LVU61
 208 00e4 0794     		str	r4, [sp, #28]
  98:Core/Src/gpio.c ****   GPIO_InitStruct.Speed = GPIO_SPEED_FREQ_LOW;
 209              		.loc 1 98 3 is_stmt 1 view .LVU62
 210              		.loc 1 98 25 is_stmt 0 view .LVU63
 211 00e6 0894     		str	r4, [sp, #32]
  99:Core/Src/gpio.c ****   HAL_GPIO_Init(GPIOA, &GPIO_InitStruct);
 212              		.loc 1 99 3 is_stmt 1 view .LVU64
 213 00e8 05A9     		add	r1, sp, #20
 214 00ea 4FF09040 		mov	r0, #1207959552
 215 00ee FFF7FEFF 		bl	HAL_GPIO_Init
 216              	.LVL7:
 100:Core/Src/gpio.c **** 
 101:Core/Src/gpio.c ****   /*Configure GPIO pin : PD2 */
 102:Core/Src/gpio.c ****   GPIO_InitStruct.Pin = GPIO_PIN_2;
 217              		.loc 1 102 3 view .LVU65
 218              		.loc 1 102 23 is_stmt 0 view .LVU66
 219 00f2 0423     		movs	r3, #4
 220 00f4 0593     		str	r3, [sp, #20]
 103:Core/Src/gpio.c ****   GPIO_InitStruct.Mode = GPIO_MODE_OUTPUT_PP;
 221              		.loc 1 103 3 is_stmt 1 view .LVU67
 222              		.loc 1 103 24 is_stmt 0 view .LVU68
 223 00f6 0695     		str	r5, [sp, #24]
 104:Core/Src/gpio.c ****   GPIO_InitStruct.Pull = GPIO_NOPULL;
 224              		.loc 1 104 3 is_stmt 1 view .LVU69
 225              		.loc 1 104 24 is_stmt 0 view .LVU70
 226 00f8 0794     		str	r4, [sp, #28]
 105:Core/Src/gpio.c ****   GPIO_InitStruct.Speed = GPIO_SPEED_FREQ_LOW;
 227              		.loc 1 105 3 is_stmt 1 view .LVU71
 228              		.loc 1 105 25 is_stmt 0 view .LVU72
 229 00fa 0894     		str	r4, [sp, #32]
 106:Core/Src/gpio.c ****   HAL_GPIO_Init(GPIOD, &GPIO_InitStruct);
 230              		.loc 1 106 3 is_stmt 1 view .LVU73
 231 00fc 05A9     		add	r1, sp, #20
 232 00fe 3846     		mov	r0, r7
 233 0100 FFF7FEFF 		bl	HAL_GPIO_Init
 234              	.LVL8:
 107:Core/Src/gpio.c **** 
 108:Core/Src/gpio.c **** }
 235              		.loc 1 108 1 is_stmt 0 view .LVU74
ARM GAS  C:\Users\86133\AppData\Local\Temp\ccTB9qSh.s 			page 7


 236 0104 0AB0     		add	sp, sp, #40
 237              	.LCFI2:
 238              		.cfi_def_cfa_offset 24
 239              		@ sp needed
 240 0106 BDE8F081 		pop	{r4, r5, r6, r7, r8, pc}
 241              	.L4:
 242 010a 00BF     		.align	2
 243              	.L3:
 244 010c 00100240 		.word	1073876992
 245 0110 00040048 		.word	1207960576
 246 0114 000C0048 		.word	1207962624
 247 0118 00080048 		.word	1207961600
 248              		.cfi_endproc
 249              	.LFE329:
 251              		.text
 252              	.Letext0:
 253              		.file 2 "c:\\arm\\gcc-arm-none-eabi\\10_2021.10\\arm-none-eabi\\include\\machine\\_default_types.h
 254              		.file 3 "c:\\arm\\gcc-arm-none-eabi\\10_2021.10\\arm-none-eabi\\include\\sys\\_stdint.h"
 255              		.file 4 "Drivers/CMSIS/Device/ST/STM32G4xx/Include/stm32g431xx.h"
 256              		.file 5 "Drivers/STM32G4xx_HAL_Driver/Inc/stm32g4xx_hal_gpio.h"
ARM GAS  C:\Users\86133\AppData\Local\Temp\ccTB9qSh.s 			page 8


DEFINED SYMBOLS
                            *ABS*:00000000 gpio.c
C:\Users\86133\AppData\Local\Temp\ccTB9qSh.s:20     .text.MX_GPIO_Init:00000000 $t
C:\Users\86133\AppData\Local\Temp\ccTB9qSh.s:26     .text.MX_GPIO_Init:00000000 MX_GPIO_Init
C:\Users\86133\AppData\Local\Temp\ccTB9qSh.s:244    .text.MX_GPIO_Init:0000010c $d

UNDEFINED SYMBOLS
HAL_GPIO_WritePin
HAL_GPIO_Init
