Archive member included to satisfy reference by file (symbol)

c:/arm/gcc-arm-none-eabi/10_2021.10/bin/../lib/gcc/arm-none-eabi/10.3.1/../../../../arm-none-eabi/lib/thumb/v7e-m+fp/hard\libc_nano.a(lib_a-exit.o)
                              c:/arm/gcc-arm-none-eabi/10_2021.10/bin/../lib/gcc/arm-none-eabi/10.3.1/../../../../arm-none-eabi/lib/thumb/v7e-m+fp/hard/crt0.o (exit)
c:/arm/gcc-arm-none-eabi/10_2021.10/bin/../lib/gcc/arm-none-eabi/10.3.1/../../../../arm-none-eabi/lib/thumb/v7e-m+fp/hard\libc_nano.a(lib_a-impure.o)
                              c:/arm/gcc-arm-none-eabi/10_2021.10/bin/../lib/gcc/arm-none-eabi/10.3.1/../../../../arm-none-eabi/lib/thumb/v7e-m+fp/hard\libc_nano.a(lib_a-exit.o) (_global_impure_ptr)
c:/arm/gcc-arm-none-eabi/10_2021.10/bin/../lib/gcc/arm-none-eabi/10.3.1/../../../../arm-none-eabi/lib/thumb/v7e-m+fp/hard\libc_nano.a(lib_a-init.o)
                              c:/arm/gcc-arm-none-eabi/10_2021.10/bin/../lib/gcc/arm-none-eabi/10.3.1/../../../../arm-none-eabi/lib/thumb/v7e-m+fp/hard/crt0.o (__libc_init_array)
c:/arm/gcc-arm-none-eabi/10_2021.10/bin/../lib/gcc/arm-none-eabi/10.3.1/../../../../arm-none-eabi/lib/thumb/v7e-m+fp/hard\libc_nano.a(lib_a-memcpy-stub.o)
                              build/queue.o (memcpy)
c:/arm/gcc-arm-none-eabi/10_2021.10/bin/../lib/gcc/arm-none-eabi/10.3.1/../../../../arm-none-eabi/lib/thumb/v7e-m+fp/hard\libc_nano.a(lib_a-memset.o)
                              c:/arm/gcc-arm-none-eabi/10_2021.10/bin/../lib/gcc/arm-none-eabi/10.3.1/../../../../arm-none-eabi/lib/thumb/v7e-m+fp/hard/crt0.o (memset)
c:/arm/gcc-arm-none-eabi/10_2021.10/bin/../lib/gcc/arm-none-eabi/10.3.1/../../../../arm-none-eabi/lib/thumb/v7e-m+fp/hard\libc_nano.a(lib_a-printf.o)
                              build/cmd.o (printf)
c:/arm/gcc-arm-none-eabi/10_2021.10/bin/../lib/gcc/arm-none-eabi/10.3.1/../../../../arm-none-eabi/lib/thumb/v7e-m+fp/hard\libc_nano.a(lib_a-puts.o)
                              build/main.o (puts)
c:/arm/gcc-arm-none-eabi/10_2021.10/bin/../lib/gcc/arm-none-eabi/10.3.1/../../../../arm-none-eabi/lib/thumb/v7e-m+fp/hard\libc_nano.a(lib_a-sprintf.o)
                              build/app_freertos.o (sprintf)
c:/arm/gcc-arm-none-eabi/10_2021.10/bin/../lib/gcc/arm-none-eabi/10.3.1/../../../../arm-none-eabi/lib/thumb/v7e-m+fp/hard\libc_nano.a(lib_a-strncmp.o)
                              build/cmd.o (strncmp)
c:/arm/gcc-arm-none-eabi/10_2021.10/bin/../lib/gcc/arm-none-eabi/10.3.1/../../../../arm-none-eabi/lib/thumb/v7e-m+fp/hard\libc_nano.a(lib_a-wbuf.o)
                              c:/arm/gcc-arm-none-eabi/10_2021.10/bin/../lib/gcc/arm-none-eabi/10.3.1/../../../../arm-none-eabi/lib/thumb/v7e-m+fp/hard\libc_nano.a(lib_a-puts.o) (__swbuf_r)
c:/arm/gcc-arm-none-eabi/10_2021.10/bin/../lib/gcc/arm-none-eabi/10.3.1/../../../../arm-none-eabi/lib/thumb/v7e-m+fp/hard\libc_nano.a(lib_a-wsetup.o)
                              c:/arm/gcc-arm-none-eabi/10_2021.10/bin/../lib/gcc/arm-none-eabi/10.3.1/../../../../arm-none-eabi/lib/thumb/v7e-m+fp/hard\libc_nano.a(lib_a-puts.o) (__swsetup_r)
c:/arm/gcc-arm-none-eabi/10_2021.10/bin/../lib/gcc/arm-none-eabi/10.3.1/../../../../arm-none-eabi/lib/thumb/v7e-m+fp/hard\libc_nano.a(lib_a-fflush.o)
                              c:/arm/gcc-arm-none-eabi/10_2021.10/bin/../lib/gcc/arm-none-eabi/10.3.1/../../../../arm-none-eabi/lib/thumb/v7e-m+fp/hard\libc_nano.a(lib_a-wbuf.o) (_fflush_r)
c:/arm/gcc-arm-none-eabi/10_2021.10/bin/../lib/gcc/arm-none-eabi/10.3.1/../../../../arm-none-eabi/lib/thumb/v7e-m+fp/hard\libc_nano.a(lib_a-findfp.o)
                              c:/arm/gcc-arm-none-eabi/10_2021.10/bin/../lib/gcc/arm-none-eabi/10.3.1/../../../../arm-none-eabi/lib/thumb/v7e-m+fp/hard\libc_nano.a(lib_a-printf.o) (__sinit)
c:/arm/gcc-arm-none-eabi/10_2021.10/bin/../lib/gcc/arm-none-eabi/10.3.1/../../../../arm-none-eabi/lib/thumb/v7e-m+fp/hard\libc_nano.a(lib_a-fwalk.o)
                              c:/arm/gcc-arm-none-eabi/10_2021.10/bin/../lib/gcc/arm-none-eabi/10.3.1/../../../../arm-none-eabi/lib/thumb/v7e-m+fp/hard\libc_nano.a(lib_a-findfp.o) (_fwalk)
c:/arm/gcc-arm-none-eabi/10_2021.10/bin/../lib/gcc/arm-none-eabi/10.3.1/../../../../arm-none-eabi/lib/thumb/v7e-m+fp/hard\libc_nano.a(lib_a-lock.o)
                              c:/arm/gcc-arm-none-eabi/10_2021.10/bin/../lib/gcc/arm-none-eabi/10.3.1/../../../../arm-none-eabi/lib/thumb/v7e-m+fp/hard\libc_nano.a(lib_a-findfp.o) (__retarget_lock_init_recursive)
c:/arm/gcc-arm-none-eabi/10_2021.10/bin/../lib/gcc/arm-none-eabi/10.3.1/../../../../arm-none-eabi/lib/thumb/v7e-m+fp/hard\libc_nano.a(lib_a-makebuf.o)
                              c:/arm/gcc-arm-none-eabi/10_2021.10/bin/../lib/gcc/arm-none-eabi/10.3.1/../../../../arm-none-eabi/lib/thumb/v7e-m+fp/hard\libc_nano.a(lib_a-wsetup.o) (__smakebuf_r)
c:/arm/gcc-arm-none-eabi/10_2021.10/bin/../lib/gcc/arm-none-eabi/10.3.1/../../../../arm-none-eabi/lib/thumb/v7e-m+fp/hard\libc_nano.a(lib_a-nano-freer.o)
[...]
Memory Configuration

Name             Origin             Length             Attributes
RAM              0x20000000         0x00008000         xrw
FLASH            0x08000000         0x00020000         xr
*default*        0x00000000         0xffffffff

Linker script and memory map

LOAD c:/arm/gcc-arm-none-eabi/10_2021.10/bin/../lib/gcc/arm-none-eabi/10.3.1/thumb/v7e-m+fp/hard/crti.o
LOAD c:/arm/gcc-arm-none-eabi/10_2021.10/bin/../lib/gcc/arm-none-eabi/10.3.1/thumb/v7e-m+fp/hard/crtbegin.o
LOAD c:/arm/gcc-arm-none-eabi/10_2021.10/bin/../lib/gcc/arm-none-eabi/10.3.1/../../../../arm-none-eabi/lib/thumb/v7e-m+fp/hard/crt0.o
LOAD build/main.o
LOAD build/gpio.o
LOAD build/usart.o
LOAD build/stm32g4xx_it.o
LOAD build/stm32g4xx_hal_msp.o
LOAD build/led.o
LOAD build/cmd.o
LOAD build/lcd.o
LOAD build/stm32g4xx_hal_tim.o
LOAD build/stm32g4xx_hal_tim_ex.o
LOAD build/stm32g4xx_hal_pwr_ex.o
LOAD build/stm32g4xx_hal_uart.o
LOAD build/stm32g4xx_hal_uart_ex.o
LOAD build/stm32g4xx_hal.o
LOAD build/stm32g4xx_hal_rcc.o
LOAD build/stm32g4xx_hal_rcc_ex.o
LOAD build/stm32g4xx_hal_flash.o
LOAD build/stm32g4xx_hal_flash_ex.o
LOAD build/stm32g4xx_hal_flash_ramfunc.o
LOAD build/stm32g4xx_hal_gpio.o
LOAD build/stm32g4xx_hal_exti.o
LOAD build/stm32g4xx_hal_dma.o
LOAD build/stm32g4xx_hal_dma_ex.o
LOAD build/stm32g4xx_hal_pwr.o
LOAD build/stm32g4xx_hal_cortex.o
LOAD build/system_stm32g4xx.o
LOAD build/adc.o
LOAD build/stm32g4xx_hal_adc.o
LOAD build/stm32g4xx_hal_adc_ex.o
LOAD build/stm32g4xx_ll_adc.o
LOAD build/dht11.o
LOAD build/app_freertos.o
LOAD build/stm32g4xx_hal_timebase_tim.o
LOAD build/croutine.o
LOAD build/event_groups.o
LOAD build/list.o
LOAD build/queue.o
LOAD build/stream_buffer.o
LOAD build/tasks.o
LOAD build/timers.o
LOAD build/cmsis_os2.o
LOAD build/heap_4.o
LOAD build/port.o
LOAD build/startup_stm32g431xx.o
LOAD c:/arm/gcc-arm-none-eabi/10_2021.10/bin/../lib/gcc/arm-none-eabi/10.3.1/../../../../arm-none-eabi/lib/thumb/v7e-m+fp/hard\libc_nano.a
LOAD c:/arm/gcc-arm-none-eabi/10_2021.10/bin/../lib/gcc/arm-none-eabi/10.3.1/../../../../arm-none-eabi/lib/thumb/v7e-m+fp/hard\libm.a
LOAD c:/arm/gcc-arm-none-eabi/10_2021.10/bin/../lib/gcc/arm-none-eabi/10.3.1/../../../../arm-none-eabi/lib/thumb/v7e-m+fp/hard\libnosys.a
START GROUP
LOAD c:/arm/gcc-arm-none-eabi/10_2021.10/bin/../lib/gcc/arm-none-eabi/10.3.1/thumb/v7e-m+fp/hard\libgcc.a
LOAD c:/arm/gcc-arm-none-eabi/10_2021.10/bin/../lib/gcc/arm-none-eabi/10.3.1/../../../../arm-none-eabi/lib/thumb/v7e-m+fp/hard\libc_nano.a
END GROUP
START GROUP
LOAD c:/arm/gcc-arm-none-eabi/10_2021.10/bin/../lib/gcc/arm-none-eabi/10.3.1/thumb/v7e-m+fp/hard\libgcc.a
LOAD c:/arm/gcc-arm-none-eabi/10_2021.10/bin/../lib/gcc/arm-none-eabi/10.3.1/../../../../arm-none-eabi/lib/thumb/v7e-m+fp/hard\libc_nano.a
END GROUP
LOAD c:/arm/gcc-arm-none-eabi/10_2021.10/bin/../lib/gcc/arm-none-eabi/10.3.1/thumb/v7e-m+fp/hard/crtend.o
LOAD c:/arm/gcc-arm-none-eabi/10_2021.10/bin/../lib/gcc/arm-none-eabi/10.3.1/thumb/v7e-m+fp/hard/crtn.o
                0x20008000                _estack = (ORIGIN (RAM) + LENGTH (RAM))
                0x00000200                _Min_Heap_Size = 0x200
                0x00000400                _Min_Stack_Size = 0x400

.isr_vector     0x08000000      0x1d8
                0x08000000                . = ALIGN (0x4)
 *(.isr_vector)
 .isr_vector    0x08000000      0x1d8 build/startup_stm32g431xx.o
                0x08000000                g_pfnVectors
                0x080001d8                . = ALIGN (0x4)

.text           0x080001e0     0x7b74
                0x080001e0                . = ALIGN (0x4)
 *(.text)
 .text          0x080001e0       0x40 c:/arm/gcc-arm-none-eabi/10_2021.10/bin/../lib/gcc/arm-none-eabi/10.3.1/thumb/v7e-m+fp/hard/crtbegin.o
 .text          0x08000220       0xa0 c:/arm/gcc-arm-none-eabi/10_2021.10/bin/../lib/gcc/arm-none-eabi/10.3.1/../../../../arm-none-eabi/lib/thumb/v7e-m+fp/hard\libc_nano.a(lib_a-memchr.o)
                0x08000220                memchr
 .text          0x080002c0       0x30 c:/arm/gcc-arm-none-eabi/10_2021.10/bin/../lib/gcc/arm-none-eabi/10.3.1/thumb/v7e-m+fp/hard\libgcc.a(_aeabi_uldivmod.o)
                0x080002c0                __aeabi_uldivmod
 .text          0x080002f0      0x2d0 c:/arm/gcc-arm-none-eabi/10_2021.10/bin/../lib/gcc/arm-none-eabi/10.3.1/thumb/v7e-m+fp/hard\libgcc.a(_udivmoddi4.o)
                0x080002f0                __udivmoddi4
 .text          0x080005c0        0x4 c:/arm/gcc-arm-none-eabi/10_2021.10/bin/../lib/gcc/arm-none-eabi/10.3.1/thumb/v7e-m+fp/hard\libgcc.a(_dvmd_tls.o)
                0x080005c0                __aeabi_idiv0
                0x080005c0                __aeabi_ldiv0
 *(.text*)
 .text.main     0x080005c4       0x84 build/main.o
                0x080005c4                main
 .text.HAL_TIM_PeriodElapsedCallback
                0x08000648       0x18 build/main.o
                0x08000648                HAL_TIM_PeriodElapsedCallback
 .text.Error_Handler
                0x08000660        0x4 build/main.o
                0x08000660                Error_Handler
 .text.MX_GPIO_Init
                0x08000664      0x11c build/gpio.o
                0x08000664                MX_GPIO_Init
 .text.MX_USART1_UART_Init
                0x08000780       0x68 build/usart.o
                0x08000780                MX_USART1_UART_Init
 .text.HAL_UART_MspInit
                0x080007e8       0x68 build/usart.o
                0x080007e8                HAL_UART_MspInit
 .text.USART_StartReceiveIT
                0x08000850       0x18 build/usart.o
                0x08000850                USART_StartReceiveIT
 .text.HAL_UART_RxCpltCallback
                0x08000868       0x88 build/usart.o
                0x08000868                HAL_UART_RxCpltCallback
 .text._write   0x080008f0       0x18 build/usart.o
                0x080008f0                _write
 .text.NMI_Handler
                0x08000908        0x2 build/stm32g4xx_it.o
                0x08000908                NMI_Handler
 .text.HardFault_Handler
                0x0800090a        0x2 build/stm32g4xx_it.o
                0x0800090a                HardFault_Handler
 .text.MemManage_Handler
                0x0800090c        0x2 build/stm32g4xx_it.o
                0x0800090c                MemManage_Handler
 .text.BusFault_Handler
                0x0800090e        0x2 build/stm32g4xx_it.o
                0x0800090e                BusFault_Handler
 .text.UsageFault_Handler
                0x08000910        0x2 build/stm32g4xx_it.o
                0x08000910                UsageFault_Handler
 .text.DebugMon_Handler
                0x08000912        0x2 build/stm32g4xx_it.o
                0x08000912                DebugMon_Handler
 .text.TIM4_IRQHandler
                0x08000914       0x10 build/stm32g4xx_it.o
                0x08000914                TIM4_IRQHandler
 .text.USART1_IRQHandler
                0x08000924       0x10 build/stm32g4xx_it.o
                0x08000924                USART1_IRQHandler
 .text.HAL_MspInit
                0x08000934       0x44 build/stm32g4xx_hal_msp.o
                0x08000934                HAL_MspInit
 .text.LED_UpdateLatch
                0x08000978       0x20 build/led.o
                0x08000978                LED_UpdateLatch
 .text.LED_AllOff
                0x08000998       0x18 build/led.o
                0x08000998                LED_AllOff
 .text.LED_On   0x080009b0       0x24 build/led.o
                0x080009b0                LED_On
 .text.LED_Off  0x080009d4       0x24 build/led.o
                0x080009d4                LED_Off
 .text.LCD_WriteReg
                0x080009f8       0x6c build/lcd.o
                0x080009f8                LCD_WriteReg
 .text.REG_8230_Init
                0x08000a64      0x118 build/lcd.o
                0x08000a64                REG_8230_Init
 .text.REG_932X_Init
                0x08000b7c      0x200 build/lcd.o
                0x08000b7c                REG_932X_Init
 .text.LCD_SetCursor
                0x08000d7c       0x16 build/lcd.o
                0x08000d7c                LCD_SetCursor
 *fill*         0x08000d92        0x2 
 .text.LCD_WriteRAM_Prepare
                0x08000d94       0x58 build/lcd.o
                0x08000d94                LCD_WriteRAM_Prepare
 .text.LCD_WriteRAM
                0x08000dec       0x54 build/lcd.o
                0x08000dec                LCD_WriteRAM
 .text.LCD_Clear
                0x08000e40       0x24 build/lcd.o
                0x08000e40                LCD_Clear
 .text.LCD_DrawChar
                0x08000e64       0x60 build/lcd.o
                0x08000e64                LCD_DrawChar
 .text.LCD_DisplayChar
                0x08000ec4       0x1c build/lcd.o
                0x08000ec4                LCD_DisplayChar
 .text.LCD_DisplayStringLine
                0x08000ee0       0x28 build/lcd.o
                0x08000ee0                LCD_DisplayStringLine
 .text.LCD_ClearLine
                0x08000f08       0x10 build/lcd.o
                0x08000f08                LCD_ClearLine
 .text.LCD_BusIn
                0x08000f18       0x2c build/lcd.o
                0x08000f18                LCD_BusIn
 .text.LCD_BusOut
                0x08000f44       0x30 build/lcd.o
                0x08000f44                LCD_BusOut
 .text.LCD_ReadReg
                0x08000f74       0x78 build/lcd.o
                0x08000f74                LCD_ReadReg
 .text.LCD_CtrlLinesConfig
                0x08000fec       0x98 build/lcd.o
                0x08000fec                LCD_CtrlLinesConfig
 .text.LCD_Init
                0x08001084       0x38 build/lcd.o
                0x08001084                LCD_Init
 .text.LCD_ShowString
                0x080010bc        0xe build/lcd.o
                0x080010bc                LCD_ShowString
 .text.HAL_TIM_Base_MspInit
                0x080010ca        0x2 build/stm32g4xx_hal_tim.o
                0x080010ca                HAL_TIM_Base_MspInit
 .text.HAL_TIM_Base_Start_IT
                0x080010cc       0x84 build/stm32g4xx_hal_tim.o
                0x080010cc                HAL_TIM_Base_Start_IT
 .text.HAL_TIM_OC_DelayElapsedCallback
                0x08001150        0x2 build/stm32g4xx_hal_tim.o
                0x08001150                HAL_TIM_OC_DelayElapsedCallback
 .text.HAL_TIM_IC_CaptureCallback
                0x08001152        0x2 build/stm32g4xx_hal_tim.o
                0x08001152                HAL_TIM_IC_CaptureCallback
 .text.HAL_TIM_PWM_PulseFinishedCallback
                0x08001154        0x2 build/stm32g4xx_hal_tim.o
                0x08001154                HAL_TIM_PWM_PulseFinishedCallback
 .text.HAL_TIM_TriggerCallback
                0x08001156        0x2 build/stm32g4xx_hal_tim.o
                0x08001156                HAL_TIM_TriggerCallback
 .text.HAL_TIM_IRQHandler
                0x08001158      0x1ea build/stm32g4xx_hal_tim.o
                0x08001158                HAL_TIM_IRQHandler
 *fill*         0x08001342        0x2 
 .text.TIM_Base_SetConfig
                0x08001344       0xc8 build/stm32g4xx_hal_tim.o
                0x08001344                TIM_Base_SetConfig
 .text.HAL_TIM_Base_Init
                0x0800140c       0x60 build/stm32g4xx_hal_tim.o
                0x0800140c                HAL_TIM_Base_Init
 .text.HAL_TIMEx_CommutCallback
                0x0800146c        0x2 build/stm32g4xx_hal_tim_ex.o
                0x0800146c                HAL_TIMEx_CommutCallback
 .text.HAL_TIMEx_BreakCallback
                0x0800146e        0x2 build/stm32g4xx_hal_tim_ex.o
                0x0800146e                HAL_TIMEx_BreakCallback
 .text.HAL_TIMEx_Break2Callback
                0x08001470        0x2 build/stm32g4xx_hal_tim_ex.o
                0x08001470                HAL_TIMEx_Break2Callback
 .text.HAL_TIMEx_EncoderIndexCallback
                0x08001472        0x2 build/stm32g4xx_hal_tim_ex.o
                0x08001472                HAL_TIMEx_EncoderIndexCallback
 .text.HAL_TIMEx_DirectionChangeCallback
                0x08001474        0x2 build/stm32g4xx_hal_tim_ex.o
                0x08001474                HAL_TIMEx_DirectionChangeCallback
 .text.HAL_TIMEx_IndexErrorCallback
                0x08001476        0x2 build/stm32g4xx_hal_tim_ex.o
                0x08001476                HAL_TIMEx_IndexErrorCallback
 .text.HAL_TIMEx_TransitionErrorCallback
                0x08001478        0x2 build/stm32g4xx_hal_tim_ex.o
                0x08001478                HAL_TIMEx_TransitionErrorCallback
 *fill*         0x0800147a        0x2 
 .text.HAL_PWREx_DisableUCPDDeadBattery
                0x0800147c       0x10 build/stm32g4xx_hal_pwr_ex.o
                0x0800147c                HAL_PWREx_DisableUCPDDeadBattery
 .text.UART_EndRxTransfer
                0x0800148c       0x56 build/stm32g4xx_hal_uart.o
 .text.HAL_UART_TxCpltCallback
                0x080014e2        0x2 build/stm32g4xx_hal_uart.o
                0x080014e2                HAL_UART_TxCpltCallback
 .text.UART_EndTransmit_IT
                0x080014e4       0x24 build/stm32g4xx_hal_uart.o
 .text.HAL_UART_ErrorCallback
                0x08001508        0x2 build/stm32g4xx_hal_uart.o
                0x08001508                HAL_UART_ErrorCallback
 .text.UART_DMAAbortOnError
                0x0800150a       0x14 build/stm32g4xx_hal_uart.o
 .text.HAL_UARTEx_RxEventCallback
                0x0800151e        0x2 build/stm32g4xx_hal_uart.o
                0x0800151e                HAL_UARTEx_RxEventCallback
 .text.HAL_UART_IRQHandler
                0x08001520      0x348 build/stm32g4xx_hal_uart.o
                0x08001520                HAL_UART_IRQHandler
 .text.UART_RxISR_8BIT
                0x08001868       0xdc build/stm32g4xx_hal_uart.o
 .text.UART_RxISR_16BIT
                0x08001944       0xd8 build/stm32g4xx_hal_uart.o
 .text.UART_RxISR_8BIT_FIFOEN
                0x08001a1c      0x1cc build/stm32g4xx_hal_uart.o
 .text.UART_RxISR_16BIT_FIFOEN
                0x08001be8      0x1c8 build/stm32g4xx_hal_uart.o
 .text.UART_SetConfig
                0x08001db0      0x344 build/stm32g4xx_hal_uart.o
                0x08001db0                UART_SetConfig
 .text.UART_AdvFeatureConfig
                0x080020f4       0xca build/stm32g4xx_hal_uart.o
                0x080020f4                UART_AdvFeatureConfig
 .text.UART_WaitOnFlagUntilTimeout
                0x080021be       0xa2 build/stm32g4xx_hal_uart.o
                0x080021be                UART_WaitOnFlagUntilTimeout
 .text.HAL_UART_Transmit
                0x08002260       0xd2 build/stm32g4xx_hal_uart.o
                0x08002260                HAL_UART_Transmit
 .text.UART_CheckIdleState
                0x08002332       0xca build/stm32g4xx_hal_uart.o
                0x08002332                UART_CheckIdleState
 .text.HAL_UART_Init
                0x080023fc       0x66 build/stm32g4xx_hal_uart.o
                0x080023fc                HAL_UART_Init
 *fill*         0x08002462        0x2 
 .text.UART_Start_Receive_IT
                0x08002464      0x13c build/stm32g4xx_hal_uart.o
                0x08002464                UART_Start_Receive_IT
 .text.HAL_UART_Receive_IT
                0x080025a0       0x4c build/stm32g4xx_hal_uart.o
                0x080025a0                HAL_UART_Receive_IT
 .text.UARTEx_SetNbDataToProcess
                0x080025ec       0x4c build/stm32g4xx_hal_uart_ex.o
 .text.HAL_UARTEx_WakeupCallback
                0x08002638        0x2 build/stm32g4xx_hal_uart_ex.o
                0x08002638                HAL_UARTEx_WakeupCallback
 .text.HAL_UARTEx_RxFifoFullCallback
                0x0800263a        0x2 build/stm32g4xx_hal_uart_ex.o
                0x0800263a                HAL_UARTEx_RxFifoFullCallback
 .text.HAL_UARTEx_TxFifoEmptyCallback
                0x0800263c        0x2 build/stm32g4xx_hal_uart_ex.o
                0x0800263c                HAL_UARTEx_TxFifoEmptyCallback
 .text.HAL_UARTEx_DisableFifoMode
                0x0800263e       0x3e build/stm32g4xx_hal_uart_ex.o
                0x0800263e                HAL_UARTEx_DisableFifoMode
 .text.HAL_UARTEx_SetTxFifoThreshold
                0x0800267c       0x4a build/stm32g4xx_hal_uart_ex.o
                0x0800267c                HAL_UARTEx_SetTxFifoThreshold
 .text.HAL_UARTEx_SetRxFifoThreshold
                0x080026c6       0x4a build/stm32g4xx_hal_uart_ex.o
                0x080026c6                HAL_UARTEx_SetRxFifoThreshold
 .text.HAL_Init
                0x08002710       0x1e build/stm32g4xx_hal.o
                0x08002710                HAL_Init
 *fill*         0x0800272e        0x2 
 .text.HAL_IncTick
                0x08002730       0x18 build/stm32g4xx_hal.o
                0x08002730                HAL_IncTick
 .text.HAL_GetTick
                0x08002748        0xc build/stm32g4xx_hal.o
                0x08002748                HAL_GetTick
 .text.HAL_Delay
                0x08002754       0x28 build/stm32g4xx_hal.o
                0x08002754                HAL_Delay
 .text.HAL_RCC_GetSysClockFreq
                0x0800277c       0x88 build/stm32g4xx_hal_rcc.o
                0x0800277c                HAL_RCC_GetSysClockFreq
 .text.HAL_RCC_GetHCLKFreq
                0x08002804        0xc build/stm32g4xx_hal_rcc.o
                0x08002804                HAL_RCC_GetHCLKFreq
 .text.HAL_RCC_GetPCLK1Freq
                0x08002810       0x24 build/stm32g4xx_hal_rcc.o
                0x08002810                HAL_RCC_GetPCLK1Freq
 .text.HAL_RCC_GetPCLK2Freq
                0x08002834       0x24 build/stm32g4xx_hal_rcc.o
                0x08002834                HAL_RCC_GetPCLK2Freq
 .text.HAL_RCC_GetClockConfig
                0x08002858       0x3c build/stm32g4xx_hal_rcc.o
                0x08002858                HAL_RCC_GetClockConfig
 .text.HAL_RCCEx_PeriphCLKConfig
                0x08002894      0x2e4 build/stm32g4xx_hal_rcc_ex.o
                0x08002894                HAL_RCCEx_PeriphCLKConfig
 .text.HAL_GPIO_Init
                0x08002b78      0x1d4 build/stm32g4xx_hal_gpio.o
                0x08002b78                HAL_GPIO_Init
 .text.HAL_GPIO_ReadPin
                0x08002d4c        0xe build/stm32g4xx_hal_gpio.o
                0x08002d4c                HAL_GPIO_ReadPin
 .text.HAL_GPIO_WritePin
                0x08002d5a        0xa build/stm32g4xx_hal_gpio.o
                0x08002d5a                HAL_GPIO_WritePin
 .text.HAL_DMA_Abort
                0x08002d64       0x6c build/stm32g4xx_hal_dma.o
                0x08002d64                HAL_DMA_Abort
 .text.HAL_DMA_Abort_IT
                0x08002dd0       0x7e build/stm32g4xx_hal_dma.o
                0x08002dd0                HAL_DMA_Abort_IT
 *fill*         0x08002e4e        0x2 
 .text.HAL_NVIC_SetPriorityGrouping
                0x08002e50       0x24 build/stm32g4xx_hal_cortex.o
                0x08002e50                HAL_NVIC_SetPriorityGrouping
 .text.HAL_NVIC_SetPriority
                0x08002e74       0x70 build/stm32g4xx_hal_cortex.o
                0x08002e74                HAL_NVIC_SetPriority
 .text.HAL_NVIC_EnableIRQ
                0x08002ee4       0x1c build/stm32g4xx_hal_cortex.o
                0x08002ee4                HAL_NVIC_EnableIRQ
 .text.SystemInit
                0x08002f00       0x14 build/system_stm32g4xx.o
                0x08002f00                SystemInit
 .text.MX_ADC1_Init
                0x08002f14       0x9c build/adc.o
                0x08002f14                MX_ADC1_Init
 .text.HAL_ADC_MspInit
                0x08002fb0       0x84 build/adc.o
                0x08002fb0                HAL_ADC_MspInit
 .text.Get_ADC_POT
                0x08003034       0x48 build/adc.o
                0x08003034                Get_ADC_POT
 .text.HAL_ADC_Init
                0x0800307c      0x234 build/stm32g4xx_hal_adc.o
                0x0800307c                HAL_ADC_Init
 .text.HAL_ADC_PollForConversion
                0x080032b0      0x110 build/stm32g4xx_hal_adc.o
                0x080032b0                HAL_ADC_PollForConversion
 .text.HAL_ADC_GetValue
                0x080033c0        0x6 build/stm32g4xx_hal_adc.o
                0x080033c0                HAL_ADC_GetValue
 *fill*         0x080033c6        0x2 
 .text.HAL_ADC_ConfigChannel
                0x080033c8      0x4e4 build/stm32g4xx_hal_adc.o
                0x080033c8                HAL_ADC_ConfigChannel
 .text.ADC_ConversionStop
                0x080038ac      0x100 build/stm32g4xx_hal_adc.o
                0x080038ac                ADC_ConversionStop
 .text.ADC_Enable
                0x080039ac       0xdc build/stm32g4xx_hal_adc.o
                0x080039ac                ADC_Enable
 .text.HAL_ADC_Start
                0x08003a88       0xf4 build/stm32g4xx_hal_adc.o
                0x08003a88                HAL_ADC_Start
 .text.ADC_Disable
                0x08003b7c       0x94 build/stm32g4xx_hal_adc.o
                0x08003b7c                ADC_Disable
 .text.HAL_ADC_Stop
                0x08003c10       0x42 build/stm32g4xx_hal_adc.o
                0x08003c10                HAL_ADC_Stop
 *fill*         0x08003c52        0x2 
 .text.HAL_ADCEx_MultiModeConfigChannel
                0x08003c54      0x114 build/stm32g4xx_hal_adc_ex.o
                0x08003c54                HAL_ADCEx_MultiModeConfigChannel
 .text.delay_us
                0x08003d68       0x2c build/dht11.o
 .text.delay_ms
                0x08003d94       0x18 build/dht11.o
 .text.DHT11_SetOutput
                0x08003dac       0x30 build/dht11.o
 .text.DHT11_SetInput
                0x08003ddc       0x2c build/dht11.o
 .text.DHT11_WritePin
                0x08003e08       0x18 build/dht11.o
 .text.DHT11_ReadPin
                0x08003e20       0x14 build/dht11.o
 .text.DHT11_Init
                0x08003e34       0x5c build/dht11.o
                0x08003e34                DHT11_Init
 .text.DHT11_ReadData
                0x08003e90      0x16c build/dht11.o
                0x08003e90                DHT11_ReadData
 .text.StartDefaultTask
                0x08003ffc        0xa build/app_freertos.o
                0x08003ffc                StartDefaultTask
 *fill*         0x08004006        0x2 
 .text.StartTask_UART_Cmd
                0x08004008       0xe4 build/app_freertos.o
                0x08004008                StartTask_UART_Cmd
 .text.StartTask_Sensor_Sample
                0x080040ec       0xa0 build/app_freertos.o
                0x080040ec                StartTask_Sensor_Sample
 .text.StartTask_LED_Ctrl
                0x0800418c       0x64 build/app_freertos.o
                0x0800418c                StartTask_LED_Ctrl
 .text.StartTask_LCD_Refresh
                0x080041f0       0x90 build/app_freertos.o
                0x080041f0                StartTask_LCD_Refresh
 .text.MX_FREERTOS_Init
                0x08004280       0xd8 build/app_freertos.o
                0x08004280                MX_FREERTOS_Init
 .text.HAL_InitTick
                0x08004358       0x94 build/stm32g4xx_hal_timebase_tim.o
                0x08004358                HAL_InitTick
 .text.vListInitialise
                0x080043ec       0x16 build/list.o
                0x080043ec                vListInitialise
 .text.vListInitialiseItem
                0x08004402        0x6 build/list.o
                0x08004402                vListInitialiseItem
 .text.vListInsertEnd
                0x08004408       0x16 build/list.o
                0x08004408                vListInsertEnd
 .text.vListInsert
                0x0800441e       0x32 build/list.o
                0x0800441e                vListInsert
 .text.uxListRemove
                0x08004450       0x26 build/list.o
                0x08004450                uxListRemove
 .text.prvGetDisinheritPriorityAfterTimeout
                0x08004476       0x10 build/queue.o
 .text.prvIsQueueFull
                0x08004486       0x1e build/queue.o
 .text.prvIsQueueEmpty
                0x080044a4       0x1a build/queue.o
 .text.prvCopyDataToQueue
                0x080044be       0x76 build/queue.o
 .text.prvCopyDataFromQueue
                0x08004534       0x24 build/queue.o
 .text.prvUnlockQueue
                0x08004558       0x6e build/queue.o
 .text.xQueueGenericReset
                0x080045c6       0x84 build/queue.o
                0x080045c6                xQueueGenericReset
 .text.prvInitialiseNewQueue
                0x0800464a       0x22 build/queue.o
 .text.xQueueGenericCreateStatic
                0x0800466c       0x94 build/queue.o
                0x0800466c                xQueueGenericCreateStatic
 .text.xQueueGenericCreate
                0x08004700       0x48 build/queue.o
                0x08004700                xQueueGenericCreate
 .text.xQueueGenericSend
                0x08004748      0x188 build/queue.o
                0x08004748                xQueueGenericSend
 .text.prvInitialiseMutex
                0x080048d0       0x18 build/queue.o
 .text.xQueueCreateMutex
                0x080048e8       0x16 build/queue.o
                0x080048e8                xQueueCreateMutex
 .text.xQueueCreateMutexStatic
                0x080048fe       0x1e build/queue.o
                0x080048fe                xQueueCreateMutexStatic
 .text.xQueueGiveMutexRecursive
                0x0800491c       0x40 build/queue.o
                0x0800491c                xQueueGiveMutexRecursive
 .text.xQueueGenericSendFromISR
                0x0800495c       0xce build/queue.o
                0x0800495c                xQueueGenericSendFromISR
 .text.xQueueReceive
                0x08004a2a      0x15e build/queue.o
                0x08004a2a                xQueueReceive
 .text.xQueueSemaphoreTake
                0x08004b88      0x1a6 build/queue.o
                0x08004b88                xQueueSemaphoreTake
 .text.xQueueTakeMutexRecursive
                0x08004d2e       0x40 build/queue.o
                0x08004d2e                xQueueTakeMutexRecursive
 .text.xQueueReceiveFromISR
                0x08004d6e       0xa8 build/queue.o
                0x08004d6e                xQueueReceiveFromISR
 *fill*         0x08004e16        0x2 
 .text.vQueueAddToRegistry
                0x08004e18       0x28 build/queue.o
                0x08004e18                vQueueAddToRegistry
 .text.vQueueWaitForMessageRestricted
                0x08004e40       0x52 build/queue.o
                0x08004e40                vQueueWaitForMessageRestricted
 *fill*         0x08004e92        0x2 
 .text.prvResetNextTaskUnblockTime
                0x08004e94       0x2c build/tasks.o
 .text.prvInitialiseNewTask
                0x08004ec0       0xa6 build/tasks.o
 *fill*         0x08004f66        0x2 
 .text.prvInitialiseTaskLists
                0x08004f68       0x68 build/tasks.o
 .text.prvAddNewTaskToReadyList
                0x08004fd0       0xac build/tasks.o
 .text.prvDeleteTCB
                0x0800507c       0x38 build/tasks.o
 .text.prvCheckTasksWaitingTermination
                0x080050b4       0x4c build/tasks.o
 .text.prvIdleTask
                0x08005100       0x28 build/tasks.o
 .text.prvAddCurrentTaskToDelayedList
                0x08005128       0x7c build/tasks.o
 .text.xTaskCreateStatic
                0x080051a4       0x76 build/tasks.o
                0x080051a4                xTaskCreateStatic
 .text.xTaskCreate
                0x0800521a       0x68 build/tasks.o
                0x0800521a                xTaskCreate
 *fill*         0x08005282        0x2 
 .text.vTaskStartScheduler
                0x08005284       0x9c build/tasks.o
                0x08005284                vTaskStartScheduler
 .text.vTaskSuspendAll
                0x08005320       0x10 build/tasks.o
                0x08005320                vTaskSuspendAll
 .text.xTaskGetTickCount
                0x08005330        0xc build/tasks.o
                0x08005330                xTaskGetTickCount
 .text.xTaskIncrementTick
                0x0800533c      0x118 build/tasks.o
                0x0800533c                xTaskIncrementTick
 .text.xTaskResumeAll
                0x08005454       0xf8 build/tasks.o
                0x08005454                xTaskResumeAll
 .text.vTaskDelay
                0x0800554c       0x4c build/tasks.o
                0x0800554c                vTaskDelay
 .text.vTaskSwitchContext
                0x08005598       0x94 build/tasks.o
                0x08005598                vTaskSwitchContext
 .text.vTaskPlaceOnEventList
                0x0800562c       0x30 build/tasks.o
                0x0800562c                vTaskPlaceOnEventList
 .text.vTaskPlaceOnEventListRestricted
                0x0800565c       0x38 build/tasks.o
                0x0800565c                vTaskPlaceOnEventListRestricted
 .text.xTaskRemoveFromEventList
                0x08005694       0x8c build/tasks.o
                0x08005694                xTaskRemoveFromEventList
 .text.vTaskInternalSetTimeOutState
                0x08005720       0x18 build/tasks.o
                0x08005720                vTaskInternalSetTimeOutState
 .text.xTaskCheckForTimeOut
                0x08005738       0x84 build/tasks.o
                0x08005738                xTaskCheckForTimeOut
 .text.vTaskMissedYield
                0x080057bc        0xc build/tasks.o
                0x080057bc                vTaskMissedYield
 .text.xTaskGetCurrentTaskHandle
                0x080057c8        0xc build/tasks.o
                0x080057c8                xTaskGetCurrentTaskHandle
 .text.xTaskGetSchedulerState
                0x080057d4       0x20 build/tasks.o
                0x080057d4                xTaskGetSchedulerState
 .text.xTaskPriorityInherit
                0x080057f4       0x98 build/tasks.o
                0x080057f4                xTaskPriorityInherit
 .text.xTaskPriorityDisinherit
                0x0800588c       0x90 build/tasks.o
                0x0800588c                xTaskPriorityDisinherit
 .text.vTaskPriorityDisinheritAfterTimeout
                0x0800591c       0xa0 build/tasks.o
                0x0800591c                vTaskPriorityDisinheritAfterTimeout
 .text.pvTaskIncrementMutexHeldCount
                0x080059bc       0x1c build/tasks.o
                0x080059bc                pvTaskIncrementMutexHeldCount
 .text.prvGetNextExpireTime
                0x080059d8       0x20 build/timers.o
 .text.prvInsertTimerInActiveList
                0x080059f8       0x48 build/timers.o
 .text.prvCheckForValidListAndQueue
                0x08005a40       0x70 build/timers.o
 .text.xTimerCreateTimerTask
                0x08005ab0       0x64 build/timers.o
                0x08005ab0                xTimerCreateTimerTask
 .text.xTimerGenericCommand
                0x08005b14       0x6c build/timers.o
                0x08005b14                xTimerGenericCommand
 .text.prvSwitchTimerLists
                0x08005b80       0x7c build/timers.o
 .text.prvSampleTimeNow
                0x08005bfc       0x2c build/timers.o
 .text.prvProcessExpiredTimer
                0x08005c28       0x6c build/timers.o
 .text.prvProcessTimerOrBlockTask
                0x08005c94       0x74 build/timers.o
 .text.prvProcessReceivedCommands
                0x08005d08      0x10c build/timers.o
 .text.prvTimerTask
                0x08005e14       0x16 build/timers.o
 .text.SysTick_Handler
                0x08005e2a       0x18 build/cmsis_os2.o
                0x08005e2a                SysTick_Handler
 *fill*         0x08005e42        0x2 
 .text.osKernelInitialize
                0x08005e44       0x24 build/cmsis_os2.o
                0x08005e44                osKernelInitialize
 .text.osKernelStart
                0x08005e68       0x38 build/cmsis_os2.o
                0x08005e68                osKernelStart
 .text.osThreadNew
                0x08005ea0       0xbc build/cmsis_os2.o
                0x08005ea0                osThreadNew
 .text.osDelay  0x08005f5c       0x1c build/cmsis_os2.o
                0x08005f5c                osDelay
 .text.osMutexNew
                0x08005f78       0x94 build/cmsis_os2.o
                0x08005f78                osMutexNew
 .text.osMutexAcquire
                0x0800600c       0x58 build/cmsis_os2.o
                0x0800600c                osMutexAcquire
 .text.osMutexRelease
                0x08006064       0x4c build/cmsis_os2.o
                0x08006064                osMutexRelease
 .text.osMessageQueueNew
                0x080060b0       0x96 build/cmsis_os2.o
                0x080060b0                osMessageQueueNew
 .text.osMessageQueuePut
                0x08006146       0x84 build/cmsis_os2.o
                0x08006146                osMessageQueuePut
 .text.osMessageQueueGet
                0x080061ca       0x82 build/cmsis_os2.o
                0x080061ca                osMessageQueueGet
 .text.vApplicationGetIdleTaskMemory
                0x0800624c       0x18 build/cmsis_os2.o
                0x0800624c                vApplicationGetIdleTaskMemory
 .text.vApplicationGetTimerTaskMemory
                0x08006264       0x18 build/cmsis_os2.o
                0x08006264                vApplicationGetTimerTaskMemory
 .text.prvHeapInit
                0x0800627c       0x64 build/heap_4.o
 .text.prvInsertBlockIntoFreeList
                0x080062e0       0x64 build/heap_4.o
 .text.pvPortMalloc
                0x08006344       0xfc build/heap_4.o
                0x08006344                pvPortMalloc
 .text.vPortFree
                0x08006440       0x7c build/heap_4.o
                0x08006440                vPortFree
 .text.prvTaskExitError
                0x080064bc       0x40 build/port.o
 .text.prvPortStartFirstTask
                0x080064fc       0x28 build/port.o
 .text.vPortEnableVFP
                0x08006524       0x14 build/port.o
 .text.pxPortInitialiseStack
                0x08006538       0x2c build/port.o
                0x08006538                pxPortInitialiseStack
 *fill*         0x08006564        0xc 
 .text.SVC_Handler
                0x08006570       0x24 build/port.o
                0x08006570                SVC_Handler
 .text.vPortEnterCritical
                0x08006594       0x44 build/port.o
                0x08006594                vPortEnterCritical
 .text.vPortExitCritical
                0x080065d8       0x2c build/port.o
                0x080065d8                vPortExitCritical
 *fill*         0x08006604        0xc 
 .text.PendSV_Handler
                0x08006610       0x64 build/port.o
                0x08006610                PendSV_Handler
 .text.xPortSysTickHandler
                0x08006674       0x2c build/port.o
                0x08006674                xPortSysTickHandler
 .text.vPortSetupTimerInterrupt
                0x080066a0       0x28 build/port.o
                0x080066a0                vPortSetupTimerInterrupt
 .text.xPortStartScheduler
                0x080066c8      0x118 build/port.o
                0x080066c8                xPortStartScheduler
 .text.vPortValidateInterruptPriority
                0x080067e0       0x5c build/port.o
                0x080067e0                vPortValidateInterruptPriority
 .text.Reset_Handler
                0x0800683c       0x50 build/startup_stm32g431xx.o
                0x0800683c                Reset_Handler
 .text.Default_Handler
                0x0800688c        0x2 build/startup_stm32g431xx.o
                0x0800688c                RTC_Alarm_IRQHandler
                0x0800688c                EXTI2_IRQHandler
                0x0800688c                TIM8_TRG_COM_IRQHandler
                0x0800688c                TIM8_CC_IRQHandler
                0x0800688c                TIM1_CC_IRQHandler
                0x0800688c                USB_HP_IRQHandler
                0x0800688c                CORDIC_IRQHandler
                0x0800688c                EXTI3_IRQHandler
                0x0800688c                I2C3_ER_IRQHandler
                0x0800688c                EXTI0_IRQHandler
                0x0800688c                I2C2_EV_IRQHandler
                0x0800688c                FPU_IRQHandler
                0x0800688c                FDCAN1_IT1_IRQHandler
                0x0800688c                TIM1_UP_TIM16_IRQHandler
                0x0800688c                ADC1_2_IRQHandler
                0x0800688c                SPI1_IRQHandler
                0x0800688c                TIM6_DAC_IRQHandler
                0x0800688c                TIM8_UP_IRQHandler
                0x0800688c                DMA2_Channel2_IRQHandler
                0x0800688c                DMA1_Channel4_IRQHandler
                0x0800688c                USART3_IRQHandler
                0x0800688c                DMA2_Channel1_IRQHandler
                0x0800688c                I2C1_EV_IRQHandler
                0x0800688c                DMA1_Channel6_IRQHandler
                0x0800688c                UART4_IRQHandler
                0x0800688c                DMA2_Channel4_IRQHandler
                0x0800688c                TIM3_IRQHandler
                0x0800688c                RCC_IRQHandler
                0x0800688c                DMA1_Channel1_IRQHandler
                0x0800688c                Default_Handler
                0x0800688c                RTC_TAMP_LSECSS_IRQHandler
                0x0800688c                FMAC_IRQHandler
                0x0800688c                EXTI15_10_IRQHandler
                0x0800688c                TIM7_IRQHandler
                0x0800688c                UCPD1_IRQHandler
                0x0800688c                I2C3_EV_IRQHandler
                0x0800688c                EXTI9_5_IRQHandler
                0x0800688c                RTC_WKUP_IRQHandler
                0x0800688c                PVD_PVM_IRQHandler
                0x0800688c                SPI2_IRQHandler
                0x0800688c                DMA2_Channel5_IRQHandler
                0x0800688c                CRS_IRQHandler
                0x0800688c                DMA1_Channel5_IRQHandler
                0x0800688c                USB_LP_IRQHandler
                0x0800688c                EXTI4_IRQHandler
                0x0800688c                RNG_IRQHandler
                0x0800688c                TIM1_TRG_COM_TIM17_IRQHandler
                0x0800688c                DMA1_Channel3_IRQHandler
                0x0800688c                WWDG_IRQHandler
                0x0800688c                LPUART1_IRQHandler
                0x0800688c                DMA2_Channel6_IRQHandler
                0x0800688c                FDCAN1_IT0_IRQHandler
                0x0800688c                TIM2_IRQHandler
                0x0800688c                COMP1_2_3_IRQHandler
                0x0800688c                EXTI1_IRQHandler
                0x0800688c                USART2_IRQHandler
                0x0800688c                I2C2_ER_IRQHandler
                0x0800688c                DMA1_Channel2_IRQHandler
                0x0800688c                TIM8_BRK_IRQHandler
                0x0800688c                FLASH_IRQHandler
                0x0800688c                SPI3_IRQHandler
                0x0800688c                I2C1_ER_IRQHandler
                0x0800688c                LPTIM1_IRQHandler
                0x0800688c                DMAMUX_OVR_IRQHandler
                0x0800688c                USBWakeUp_IRQHandler
                0x0800688c                SAI1_IRQHandler
                0x0800688c                DMA2_Channel3_IRQHandler
                0x0800688c                COMP4_IRQHandler
                0x0800688c                TIM1_BRK_TIM15_IRQHandler
 *fill*         0x0800688e        0x2 
 .text.__libc_init_array
                0x08006890       0x48 c:/arm/gcc-arm-none-eabi/10_2021.10/bin/../lib/gcc/arm-none-eabi/10.3.1/../../../../arm-none-eabi/lib/thumb/v7e-m+fp/hard\libc_nano.a(lib_a-init.o)
                0x08006890                __libc_init_array
 .text.memcpy   0x080068d8       0x1c c:/arm/gcc-arm-none-eabi/10_2021.10/bin/../lib/gcc/arm-none-eabi/10.3.1/../../../../arm-none-eabi/lib/thumb/v7e-m+fp/hard\libc_nano.a(lib_a-memcpy-stub.o)
                0x080068d8                memcpy
 .text.memset   0x080068f4       0x10 c:/arm/gcc-arm-none-eabi/10_2021.10/bin/../lib/gcc/arm-none-eabi/10.3.1/../../../../arm-none-eabi/lib/thumb/v7e-m+fp/hard\libc_nano.a(lib_a-memset.o)
                0x080068f4                memset
 .text.printf   0x08006904       0x30 c:/arm/gcc-arm-none-eabi/10_2021.10/bin/../lib/gcc/arm-none-eabi/10.3.1/../../../../arm-none-eabi/lib/thumb/v7e-m+fp/hard\libc_nano.a(lib_a-printf.o)
                0x08006904                iprintf
                0x08006904                printf
 .text._puts_r  0x08006934       0xdc c:/arm/gcc-arm-none-eabi/10_2021.10/bin/../lib/gcc/arm-none-eabi/10.3.1/../../../../arm-none-eabi/lib/thumb/v7e-m+fp/hard\libc_nano.a(lib_a-puts.o)
                0x08006934                _puts_r
 .text.puts     0x08006a10       0x10 c:/arm/gcc-arm-none-eabi/10_2021.10/bin/../lib/gcc/arm-none-eabi/10.3.1/../../../../arm-none-eabi/lib/thumb/v7e-m+fp/hard\libc_nano.a(lib_a-puts.o)
                0x08006a10                puts
 .text.sprintf  0x08006a20       0x40 c:/arm/gcc-arm-none-eabi/10_2021.10/bin/../lib/gcc/arm-none-eabi/10.3.1/../../../../arm-none-eabi/lib/thumb/v7e-m+fp/hard\libc_nano.a(lib_a-sprintf.o)
                0x08006a20                siprintf
                0x08006a20                sprintf
 .text.strncmp  0x08006a60       0x28 c:/arm/gcc-arm-none-eabi/10_2021.10/bin/../lib/gcc/arm-none-eabi/10.3.1/../../../../arm-none-eabi/lib/thumb/v7e-m+fp/hard\libc_nano.a(lib_a-strncmp.o)
                0x08006a60                strncmp
 .text.__swbuf_r
                0x08006a88       0xa4 c:/arm/gcc-arm-none-eabi/10_2021.10/bin/../lib/gcc/arm-none-eabi/10.3.1/../../../../arm-none-eabi/lib/thumb/v7e-m+fp/hard\libc_nano.a(lib_a-wbuf.o)
                0x08006a88                __swbuf_r
 .text.__swsetup_r
                0x08006b2c       0xdc c:/arm/gcc-arm-none-eabi/10_2021.10/bin/../lib/gcc/arm-none-eabi/10.3.1/../../../../arm-none-eabi/lib/thumb/v7e-m+fp/hard\libc_nano.a(lib_a-wsetup.o)
                0x08006b2c                __swsetup_r
 .text.__sflush_r
                0x08006c08      0x10c c:/arm/gcc-arm-none-eabi/10_2021.10/bin/../lib/gcc/arm-none-eabi/10.3.1/../../../../arm-none-eabi/lib/thumb/v7e-m+fp/hard\libc_nano.a(lib_a-fflush.o)
                0x08006c08                __sflush_r
 .text._fflush_r
                0x08006d14       0x78 c:/arm/gcc-arm-none-eabi/10_2021.10/bin/../lib/gcc/arm-none-eabi/10.3.1/../../../../arm-none-eabi/lib/thumb/v7e-m+fp/hard\libc_nano.a(lib_a-fflush.o)
                0x08006d14                _fflush_r
 .text.std      0x08006d8c       0x48 c:/arm/gcc-arm-none-eabi/10_2021.10/bin/../lib/gcc/arm-none-eabi/10.3.1/../../../../arm-none-eabi/lib/thumb/v7e-m+fp/hard\libc_nano.a(lib_a-findfp.o)
 .text._cleanup_r
                0x08006dd4        0xc c:/arm/gcc-arm-none-eabi/10_2021.10/bin/../lib/gcc/arm-none-eabi/10.3.1/../../../../arm-none-eabi/lib/thumb/v7e-m+fp/hard\libc_nano.a(lib_a-findfp.o)
                0x08006dd4                _cleanup_r
 .text.__sfmoreglue
                0x08006de0       0x2c c:/arm/gcc-arm-none-eabi/10_2021.10/bin/../lib/gcc/arm-none-eabi/10.3.1/../../../../arm-none-eabi/lib/thumb/v7e-m+fp/hard\libc_nano.a(lib_a-findfp.o)
                0x08006de0                __sfmoreglue
 .text.__sfp_lock_acquire
                0x08006e0c        0xc c:/arm/gcc-arm-none-eabi/10_2021.10/bin/../lib/gcc/arm-none-eabi/10.3.1/../../../../arm-none-eabi/lib/thumb/v7e-m+fp/hard\libc_nano.a(lib_a-findfp.o)
                0x08006e0c                __sfp_lock_acquire
 .text.__sfp_lock_release
                0x08006e18        0xc c:/arm/gcc-arm-none-eabi/10_2021.10/bin/../lib/gcc/arm-none-eabi/10.3.1/../../../../arm-none-eabi/lib/thumb/v7e-m+fp/hard\libc_nano.a(lib_a-findfp.o)
                0x08006e18                __sfp_lock_release
 .text.__sinit_lock_acquire
                0x08006e24        0xc c:/arm/gcc-arm-none-eabi/10_2021.10/bin/../lib/gcc/arm-none-eabi/10.3.1/../../../../arm-none-eabi/lib/thumb/v7e-m+fp/hard\libc_nano.a(lib_a-findfp.o)
                0x08006e24                __sinit_lock_acquire
 .text.__sinit_lock_release
                0x08006e30        0xc c:/arm/gcc-arm-none-eabi/10_2021.10/bin/../lib/gcc/arm-none-eabi/10.3.1/../../../../arm-none-eabi/lib/thumb/v7e-m+fp/hard\libc_nano.a(lib_a-findfp.o)
                0x08006e30                __sinit_lock_release
 .text.__sinit  0x08006e3c       0x70 c:/arm/gcc-arm-none-eabi/10_2021.10/bin/../lib/gcc/arm-none-eabi/10.3.1/../../../../arm-none-eabi/lib/thumb/v7e-m+fp/hard\libc_nano.a(lib_a-findfp.o)
                0x08006e3c                __sinit
 .text.__sfp    0x08006eac       0x8c c:/arm/gcc-arm-none-eabi/10_2021.10/bin/../lib/gcc/arm-none-eabi/10.3.1/../../../../arm-none-eabi/lib/thumb/v7e-m+fp/hard\libc_nano.a(lib_a-findfp.o)
                0x08006eac                __sfp
 .text._fwalk_reent
                0x08006f38       0x3e c:/arm/gcc-arm-none-eabi/10_2021.10/bin/../lib/gcc/arm-none-eabi/10.3.1/../../../../arm-none-eabi/lib/thumb/v7e-m+fp/hard\libc_nano.a(lib_a-fwalk.o)
                0x08006f38                _fwalk_reent
 .text.__retarget_lock_init_recursive
                0x08006f76        0x2 c:/arm/gcc-arm-none-eabi/10_2021.10/bin/../lib/gcc/arm-none-eabi/10.3.1/../../../../arm-none-eabi/lib/thumb/v7e-m+fp/hard\libc_nano.a(lib_a-lock.o)
                0x08006f76                __retarget_lock_init_recursive
 .text.__retarget_lock_acquire_recursive
                0x08006f78        0x2 c:/arm/gcc-arm-none-eabi/10_2021.10/bin/../lib/gcc/arm-none-eabi/10.3.1/../../../../arm-none-eabi/lib/thumb/v7e-m+fp/hard\libc_nano.a(lib_a-lock.o)
                0x08006f78                __retarget_lock_acquire_recursive
 .text.__retarget_lock_release_recursive
                0x08006f7a        0x2 c:/arm/gcc-arm-none-eabi/10_2021.10/bin/../lib/gcc/arm-none-eabi/10.3.1/../../../../arm-none-eabi/lib/thumb/v7e-m+fp/hard\libc_nano.a(lib_a-lock.o)
                0x08006f7a                __retarget_lock_release_recursive
 .text.__swhatbuf_r
                0x08006f7c       0x4a c:/arm/gcc-arm-none-eabi/10_2021.10/bin/../lib/gcc/arm-none-eabi/10.3.1/../../../../arm-none-eabi/lib/thumb/v7e-m+fp/hard\libc_nano.a(lib_a-makebuf.o)
                0x08006f7c                __swhatbuf_r
 *fill*         0x08006fc6        0x2 
 .text.__smakebuf_r
                0x08006fc8       0x80 c:/arm/gcc-arm-none-eabi/10_2021.10/bin/../lib/gcc/arm-none-eabi/10.3.1/../../../../arm-none-eabi/lib/thumb/v7e-m+fp/hard\libc_nano.a(lib_a-makebuf.o)
                0x08006fc8                __smakebuf_r
 .text._free_r  0x08007048       0x98 c:/arm/gcc-arm-none-eabi/10_2021.10/bin/../lib/gcc/arm-none-eabi/10.3.1/../../../../arm-none-eabi/lib/thumb/v7e-m+fp/hard\libc_nano.a(lib_a-nano-freer.o)
                0x08007048                _free_r
 .text.sbrk_aligned
                0x080070e0       0x40 c:/arm/gcc-arm-none-eabi/10_2021.10/bin/../lib/gcc/arm-none-eabi/10.3.1/../../../../arm-none-eabi/lib/thumb/v7e-m+fp/hard\libc_nano.a(lib_a-nano-mallocr.o)
 .text._malloc_r
                0x08007120       0xe8 c:/arm/gcc-arm-none-eabi/10_2021.10/bin/../lib/gcc/arm-none-eabi/10.3.1/../../../../arm-none-eabi/lib/thumb/v7e-m+fp/hard\libc_nano.a(lib_a-nano-mallocr.o)
                0x08007120                _malloc_r
 .text.__ssputs_r
                0x08007208       0xb6 c:/arm/gcc-arm-none-eabi/10_2021.10/bin/../lib/gcc/arm-none-eabi/10.3.1/../../../../arm-none-eabi/lib/thumb/v7e-m+fp/hard\libc_nano.a(lib_a-nano-svfprintf.o)
                0x08007208                __ssputs_r
 *fill*         0x080072be        0x2 
 .text._svfprintf_r
                0x080072c0      0x200 c:/arm/gcc-arm-none-eabi/10_2021.10/bin/../lib/gcc/arm-none-eabi/10.3.1/../../../../arm-none-eabi/lib/thumb/v7e-m+fp/hard\libc_nano.a(lib_a-nano-svfprintf.o)
                0x080072c0                _svfiprintf_r
                0x080072c0                _svfprintf_r
 .text.__sfputc_r
                0x080074c0       0x2e c:/arm/gcc-arm-none-eabi/10_2021.10/bin/../lib/gcc/arm-none-eabi/10.3.1/../../../../arm-none-eabi/lib/thumb/v7e-m+fp/hard\libc_nano.a(lib_a-nano-vfprintf.o)
 .text.__sfputs_r
                0x080074ee       0x24 c:/arm/gcc-arm-none-eabi/10_2021.10/bin/../lib/gcc/arm-none-eabi/10.3.1/../../../../arm-none-eabi/lib/thumb/v7e-m+fp/hard\libc_nano.a(lib_a-nano-vfprintf.o)
                0x080074ee                __sfputs_r
 *fill*         0x08007512        0x2 
 .text._vfprintf_r
                0x08007514      0x260 c:/arm/gcc-arm-none-eabi/10_2021.10/bin/../lib/gcc/arm-none-eabi/10.3.1/../../../../arm-none-eabi/lib/thumb/v7e-m+fp/hard\libc_nano.a(lib_a-nano-vfprintf.o)
                0x08007514                _vfprintf_r
                0x08007514                _vfiprintf_r
 .text._printf_common
                0x08007774       0xda c:/arm/gcc-arm-none-eabi/10_2021.10/bin/../lib/gcc/arm-none-eabi/10.3.1/../../../../arm-none-eabi/lib/thumb/v7e-m+fp/hard\libc_nano.a(lib_a-nano-vfprintf_i.o)
                0x08007774                _printf_common
 *fill*         0x0800784e        0x2 
 .text._printf_i
                0x08007850      0x24c c:/arm/gcc-arm-none-eabi/10_2021.10/bin/../lib/gcc/arm-none-eabi/10.3.1/../../../../arm-none-eabi/lib/thumb/v7e-m+fp/hard\libc_nano.a(lib_a-nano-vfprintf_i.o)
                0x08007850                _printf_i
 .text._sbrk_r  0x08007a9c       0x20 c:/arm/gcc-arm-none-eabi/10_2021.10/bin/../lib/gcc/arm-none-eabi/10.3.1/../../../../arm-none-eabi/lib/thumb/v7e-m+fp/hard\libc_nano.a(lib_a-sbrkr.o)
                0x08007a9c                _sbrk_r
 .text.__sread  0x08007abc       0x22 c:/arm/gcc-arm-none-eabi/10_2021.10/bin/../lib/gcc/arm-none-eabi/10.3.1/../../../../arm-none-eabi/lib/thumb/v7e-m+fp/hard\libc_nano.a(lib_a-stdio.o)
                0x08007abc                __sread
 .text.__swrite
                0x08007ade       0x38 c:/arm/gcc-arm-none-eabi/10_2021.10/bin/../lib/gcc/arm-none-eabi/10.3.1/../../../../arm-none-eabi/lib/thumb/v7e-m+fp/hard\libc_nano.a(lib_a-stdio.o)
                0x08007ade                __swrite
 .text.__sseek  0x08007b16       0x24 c:/arm/gcc-arm-none-eabi/10_2021.10/bin/../lib/gcc/arm-none-eabi/10.3.1/../../../../arm-none-eabi/lib/thumb/v7e-m+fp/hard\libc_nano.a(lib_a-stdio.o)
                0x08007b16                __sseek
 .text.__sclose
                0x08007b3a        0x8 c:/arm/gcc-arm-none-eabi/10_2021.10/bin/../lib/gcc/arm-none-eabi/10.3.1/../../../../arm-none-eabi/lib/thumb/v7e-m+fp/hard\libc_nano.a(lib_a-stdio.o)
                0x08007b3a                __sclose
 *fill*         0x08007b42        0x2 
 .text._write_r
                0x08007b44       0x24 c:/arm/gcc-arm-none-eabi/10_2021.10/bin/../lib/gcc/arm-none-eabi/10.3.1/../../../../arm-none-eabi/lib/thumb/v7e-m+fp/hard\libc_nano.a(lib_a-writer.o)
                0x08007b44                _write_r
 .text._close_r
                0x08007b68       0x20 c:/arm/gcc-arm-none-eabi/10_2021.10/bin/../lib/gcc/arm-none-eabi/10.3.1/../../../../arm-none-eabi/lib/thumb/v7e-m+fp/hard\libc_nano.a(lib_a-closer.o)
                0x08007b68                _close_r
 .text._fstat_r
                0x08007b88       0x24 c:/arm/gcc-arm-none-eabi/10_2021.10/bin/../lib/gcc/arm-none-eabi/10.3.1/../../../../arm-none-eabi/lib/thumb/v7e-m+fp/hard\libc_nano.a(lib_a-fstatr.o)
                0x08007b88                _fstat_r
 .text._isatty_r
                0x08007bac       0x20 c:/arm/gcc-arm-none-eabi/10_2021.10/bin/../lib/gcc/arm-none-eabi/10.3.1/../../../../arm-none-eabi/lib/thumb/v7e-m+fp/hard\libc_nano.a(lib_a-isattyr.o)
                0x08007bac                _isatty_r
 .text._lseek_r
                0x08007bcc       0x24 c:/arm/gcc-arm-none-eabi/10_2021.10/bin/../lib/gcc/arm-none-eabi/10.3.1/../../../../arm-none-eabi/lib/thumb/v7e-m+fp/hard\libc_nano.a(lib_a-lseekr.o)
                0x08007bcc                _lseek_r
 .text.memmove  0x08007bf0       0x34 c:/arm/gcc-arm-none-eabi/10_2021.10/bin/../lib/gcc/arm-none-eabi/10.3.1/../../../../arm-none-eabi/lib/thumb/v7e-m+fp/hard\libc_nano.a(lib_a-memmove.o)
                0x08007bf0                memmove
 .text.__malloc_lock
                0x08007c24        0xc c:/arm/gcc-arm-none-eabi/10_2021.10/bin/../lib/gcc/arm-none-eabi/10.3.1/../../../../arm-none-eabi/lib/thumb/v7e-m+fp/hard\libc_nano.a(lib_a-mlock.o)
                0x08007c24                __malloc_lock
 .text.__malloc_unlock
                0x08007c30        0xc c:/arm/gcc-arm-none-eabi/10_2021.10/bin/../lib/gcc/arm-none-eabi/10.3.1/../../../../arm-none-eabi/lib/thumb/v7e-m+fp/hard\libc_nano.a(lib_a-mlock.o)
                0x08007c30                __malloc_unlock
 .text._realloc_r
                0x08007c3c       0x5e c:/arm/gcc-arm-none-eabi/10_2021.10/bin/../lib/gcc/arm-none-eabi/10.3.1/../../../../arm-none-eabi/lib/thumb/v7e-m+fp/hard\libc_nano.a(lib_a-nano-reallocr.o)
                0x08007c3c                _realloc_r
 *fill*         0x08007c9a        0x2 
 .text._read_r  0x08007c9c       0x24 c:/arm/gcc-arm-none-eabi/10_2021.10/bin/../lib/gcc/arm-none-eabi/10.3.1/../../../../arm-none-eabi/lib/thumb/v7e-m+fp/hard\libc_nano.a(lib_a-readr.o)
                0x08007c9c                _read_r
 .text._malloc_usable_size_r
                0x08007cc0       0x10 c:/arm/gcc-arm-none-eabi/10_2021.10/bin/../lib/gcc/arm-none-eabi/10.3.1/../../../../arm-none-eabi/lib/thumb/v7e-m+fp/hard\libc_nano.a(lib_a-nano-msizer.o)
                0x08007cc0                _malloc_usable_size_r
 .text._close   0x08007cd0       0x10 c:/arm/gcc-arm-none-eabi/10_2021.10/bin/../lib/gcc/arm-none-eabi/10.3.1/../../../../arm-none-eabi/lib/thumb/v7e-m+fp/hard\libnosys.a(close.o)
                0x08007cd0                _close
 .text._fstat   0x08007ce0       0x10 c:/arm/gcc-arm-none-eabi/10_2021.10/bin/../lib/gcc/arm-none-eabi/10.3.1/../../../../arm-none-eabi/lib/thumb/v7e-m+fp/hard\libnosys.a(fstat.o)
                0x08007ce0                _fstat
 .text._isatty  0x08007cf0       0x10 c:/arm/gcc-arm-none-eabi/10_2021.10/bin/../lib/gcc/arm-none-eabi/10.3.1/../../../../arm-none-eabi/lib/thumb/v7e-m+fp/hard\libnosys.a(isatty.o)
                0x08007cf0                _isatty
 .text._lseek   0x08007d00       0x10 c:/arm/gcc-arm-none-eabi/10_2021.10/bin/../lib/gcc/arm-none-eabi/10.3.1/../../../../arm-none-eabi/lib/thumb/v7e-m+fp/hard\libnosys.a(lseek.o)
                0x08007d00                _lseek
 .text._read    0x08007d10       0x10 c:/arm/gcc-arm-none-eabi/10_2021.10/bin/../lib/gcc/arm-none-eabi/10.3.1/../../../../arm-none-eabi/lib/thumb/v7e-m+fp/hard\libnosys.a(read.o)
                0x08007d10                _read
 .text._sbrk    0x08007d20       0x1c c:/arm/gcc-arm-none-eabi/10_2021.10/bin/../lib/gcc/arm-none-eabi/10.3.1/../../../../arm-none-eabi/lib/thumb/v7e-m+fp/hard\libnosys.a(sbrk.o)
                0x08007d20                _sbrk
 *(.glue_7)
 .glue_7        0x08007d3c        0x0 linker stubs
 *(.glue_7t)
 .glue_7t       0x08007d3c        0x0 linker stubs
 *(.eh_frame)
 .eh_frame      0x08007d3c        0x0 c:/arm/gcc-arm-none-eabi/10_2021.10/bin/../lib/gcc/arm-none-eabi/10.3.1/thumb/v7e-m+fp/hard/crtbegin.o
 *(.init)
 .init          0x08007d3c        0x4 c:/arm/gcc-arm-none-eabi/10_2021.10/bin/../lib/gcc/arm-none-eabi/10.3.1/thumb/v7e-m+fp/hard/crti.o
                0x08007d3c                _init
 .init          0x08007d40        0x8 c:/arm/gcc-arm-none-eabi/10_2021.10/bin/../lib/gcc/arm-none-eabi/10.3.1/thumb/v7e-m+fp/hard/crtn.o
 *(.fini)
 .fini          0x08007d48        0x4 c:/arm/gcc-arm-none-eabi/10_2021.10/bin/../lib/gcc/arm-none-eabi/10.3.1/thumb/v7e-m+fp/hard/crti.o
                0x08007d48                _fini
 .fini          0x08007d4c        0x8 c:/arm/gcc-arm-none-eabi/10_2021.10/bin/../lib/gcc/arm-none-eabi/10.3.1/thumb/v7e-m+fp/hard/crtn.o
                0x08007d54                . = ALIGN (0x4)
                0x08007d54                _etext = .

.vfp11_veneer   0x08007d54        0x0
 .vfp11_veneer  0x08007d54        0x0 linker stubs

.v4_bx          0x08007d54        0x0
 .v4_bx         0x08007d54        0x0 linker stubs

.iplt           0x08007d54        0x0
 .iplt          0x08007d54        0x0 c:/arm/gcc-arm-none-eabi/10_2021.10/bin/../lib/gcc/arm-none-eabi/10.3.1/thumb/v7e-m+fp/hard/crtbegin.o

.rodata         0x08007d54     0x15c8
                0x08007d54                . = ALIGN (0x4)
 *(.rodata)
 *(.rodata*)
 .rodata.main.str1.4
                0x08007d54       0xac build/main.o
 .rodata.led_pins
                0x08007e00       0x10 build/led.o
 .rodata.LCD_ClearLine.str1.4
                0x08007e10       0x15 build/lcd.o
 *fill*         0x08007e25        0x3 
 .rodata.ASCII_Table
                0x08007e28     0x11d0 build/lcd.o
                0x08007e28                ASCII_Table
 .rodata.UARTPrescTable
                0x08008ff8       0x18 build/stm32g4xx_hal_uart.o
                0x08008ff8                UARTPrescTable
 .rodata.denominator.0
                0x08009010        0x8 build/stm32g4xx_hal_uart_ex.o
 .rodata.numerator.1
                0x08009018        0x8 build/stm32g4xx_hal_uart_ex.o
 .rodata.APBPrescTable
                0x08009020        0x8 build/system_stm32g4xx.o
                0x08009020                APBPrescTable
 .rodata.StartTask_UART_Cmd.str1.4
                0x08009028       0x5d build/app_freertos.o
 *fill*         0x08009085        0x3 
 .rodata.StartTask_Sensor_Sample.str1.4
                0x08009088       0x1d build/app_freertos.o
 *fill*         0x080090a5        0x3 
 .rodata.StartTask_LED_Ctrl.str1.4
                0x080090a8       0x1f build/app_freertos.o
 *fill*         0x080090c7        0x1 
 .rodata.StartTask_LCD_Refresh.str1.4
                0x080090c8       0x1a build/app_freertos.o
 *fill*         0x080090e2        0x2 
 .rodata.str1.4
                0x080090e4       0x84 build/app_freertos.o
 .rodata.Queue_LED_Cmd_attributes
                0x08009168       0x18 build/app_freertos.o
                0x08009168                Queue_LED_Cmd_attributes
 .rodata.Queue_UART_RX_attributes
                0x08009180       0x18 build/app_freertos.o
                0x08009180                Queue_UART_RX_attributes
 .rodata.Task_LCD_Refres_attributes
                0x08009198       0x24 build/app_freertos.o
                0x08009198                Task_LCD_Refres_attributes
 .rodata.Task_LED_Ctrl_attributes
                0x080091bc       0x24 build/app_freertos.o
                0x080091bc                Task_LED_Ctrl_attributes
 .rodata.Task_Sensor_Sam_attributes
                0x080091e0       0x24 build/app_freertos.o
                0x080091e0                Task_Sensor_Sam_attributes
 .rodata.Task_UART_Cmd_attributes
                0x08009204       0x24 build/app_freertos.o
                0x08009204                Task_UART_Cmd_attributes
 .rodata.defaultTask_attributes
                0x08009228       0x24 build/app_freertos.o
                0x08009228                defaultTask_attributes
 .rodata.mutex_dht_attributes
                0x0800924c       0x10 build/app_freertos.o
                0x0800924c                mutex_dht_attributes
 .rodata.mutex_lcd_attributes
                0x0800925c       0x10 build/app_freertos.o
                0x0800925c                mutex_lcd_attributes
 .rodata.vTaskStartScheduler.str1.4
                0x0800926c        0x5 build/tasks.o
 *fill*         0x08009271        0x3 
 .rodata.prvCheckForValidListAndQueue.str1.4
                0x08009274        0x5 build/timers.o
 *fill*         0x08009279        0x3 
 .rodata.xTimerCreateTimerTask.str1.4
                0x0800927c        0x8 build/timers.o
 .rodata._global_impure_ptr
                0x08009284        0x4 c:/arm/gcc-arm-none-eabi/10_2021.10/bin/../lib/gcc/arm-none-eabi/10.3.1/../../../../arm-none-eabi/lib/thumb/v7e-m+fp/hard\libc_nano.a(lib_a-impure.o)
                0x08009284                _global_impure_ptr
 .rodata.__sf_fake_stderr
                0x08009288       0x20 c:/arm/gcc-arm-none-eabi/10_2021.10/bin/../lib/gcc/arm-none-eabi/10.3.1/../../../../arm-none-eabi/lib/thumb/v7e-m+fp/hard\libc_nano.a(lib_a-findfp.o)
                0x08009288                __sf_fake_stderr
 .rodata.__sf_fake_stdin
                0x080092a8       0x20 c:/arm/gcc-arm-none-eabi/10_2021.10/bin/../lib/gcc/arm-none-eabi/10.3.1/../../../../arm-none-eabi/lib/thumb/v7e-m+fp/hard\libc_nano.a(lib_a-findfp.o)
                0x080092a8                __sf_fake_stdin
 .rodata.__sf_fake_stdout
                0x080092c8       0x20 c:/arm/gcc-arm-none-eabi/10_2021.10/bin/../lib/gcc/arm-none-eabi/10.3.1/../../../../arm-none-eabi/lib/thumb/v7e-m+fp/hard\libc_nano.a(lib_a-findfp.o)
                0x080092c8                __sf_fake_stdout
 .rodata._svfprintf_r.str1.1
                0x080092e8       0x11 c:/arm/gcc-arm-none-eabi/10_2021.10/bin/../lib/gcc/arm-none-eabi/10.3.1/../../../../arm-none-eabi/lib/thumb/v7e-m+fp/hard\libc_nano.a(lib_a-nano-svfprintf.o)
 .rodata._vfprintf_r.str1.1
                0x080092f9       0x11 c:/arm/gcc-arm-none-eabi/10_2021.10/bin/../lib/gcc/arm-none-eabi/10.3.1/../../../../arm-none-eabi/lib/thumb/v7e-m+fp/hard\libc_nano.a(lib_a-nano-vfprintf.o)
 .rodata._printf_i.str1.1
                0x080092f9       0x22 c:/arm/gcc-arm-none-eabi/10_2021.10/bin/../lib/gcc/arm-none-eabi/10.3.1/../../../../arm-none-eabi/lib/thumb/v7e-m+fp/hard\libc_nano.a(lib_a-nano-vfprintf_i.o)
                0x0800931c                . = ALIGN (0x4)
 *fill*         0x0800931b        0x1 

.ARM.extab
 *(.ARM.extab* .gnu.linkonce.armextab.*)

.ARM            0x0800931c        0x8
                0x0800931c                __exidx_start = .
 *(.ARM.exidx*)
 .ARM.exidx     0x0800931c        0x8 c:/arm/gcc-arm-none-eabi/10_2021.10/bin/../lib/gcc/arm-none-eabi/10.3.1/thumb/v7e-m+fp/hard\libgcc.a(_udivmoddi4.o)
                0x08009324                __exidx_end = .

.rel.dyn        0x08009324        0x0
 .rel.iplt      0x08009324        0x0 c:/arm/gcc-arm-none-eabi/10_2021.10/bin/../lib/gcc/arm-none-eabi/10.3.1/thumb/v7e-m+fp/hard/crtbegin.o

.preinit_array  0x08009324        0x0
                0x08009324                PROVIDE (__preinit_array_start = .)
 *(.preinit_array*)
                0x08009324                PROVIDE (__preinit_array_end = .)

.init_array     0x08009324        0x4
                0x08009324                PROVIDE (__init_array_start = .)
 *(SORT_BY_NAME(.init_array.*))
 *(.init_array*)
 .init_array    0x08009324        0x4 c:/arm/gcc-arm-none-eabi/10_2021.10/bin/../lib/gcc/arm-none-eabi/10.3.1/thumb/v7e-m+fp/hard/crtbegin.o
                0x08009328                PROVIDE (__init_array_end = .)

.fini_array     0x08009328        0x4
                [!provide]                PROVIDE (__fini_array_start = .)
 *(SORT_BY_NAME(.fini_array.*))
 *(.fini_array*)
 .fini_array    0x08009328        0x4 c:/arm/gcc-arm-none-eabi/10_2021.10/bin/../lib/gcc/arm-none-eabi/10.3.1/thumb/v7e-m+fp/hard/crtbegin.o
                [!provide]                PROVIDE (__fini_array_end = .)
                0x0800932c                _sidata = LOADADDR (.data)

.data           0x20000000       0x78 load address 0x0800932c
                0x20000000                . = ALIGN (0x4)
                0x20000000                _sdata = .
 *(.data)
 *(.data*)
 .data.BackColor
                0x20000000        0x2 build/lcd.o
 *fill*         0x20000002        0x2 
 .data.uwTickFreq
                0x20000004        0x4 build/stm32g4xx_hal.o
                0x20000004                uwTickFreq
 .data.uwTickPrio
                0x20000008        0x4 build/stm32g4xx_hal.o
                0x20000008                uwTickPrio
 .data.SystemCoreClock
                0x2000000c        0x4 build/system_stm32g4xx.o
                0x2000000c                SystemCoreClock
 .data.uxCriticalNesting
                0x20000010        0x4 build/port.o
 .data._impure_ptr
                0x20000014        0x4 c:/arm/gcc-arm-none-eabi/10_2021.10/bin/../lib/gcc/arm-none-eabi/10.3.1/../../../../arm-none-eabi/lib/thumb/v7e-m+fp/hard\libc_nano.a(lib_a-impure.o)
                0x20000014                _impure_ptr
 .data.impure_data
                0x20000018       0x60 c:/arm/gcc-arm-none-eabi/10_2021.10/bin/../lib/gcc/arm-none-eabi/10.3.1/../../../../arm-none-eabi/lib/thumb/v7e-m+fp/hard\libc_nano.a(lib_a-impure.o)
                0x20000078                . = ALIGN (0x4)
                0x20000078                _edata = .

.igot.plt       0x20000078        0x0 load address 0x080093a4
 .igot.plt      0x20000078        0x0 c:/arm/gcc-arm-none-eabi/10_2021.10/bin/../lib/gcc/arm-none-eabi/10.3.1/thumb/v7e-m+fp/hard/crtbegin.o
                0x20000078                . = ALIGN (0x4)

.bss            0x20000078     0x3728 load address 0x080093a4
                0x20000078                _sbss = .
                0x20000078                __bss_start__ = _sbss
 *(.bss)
 .bss           0x20000078       0x1c c:/arm/gcc-arm-none-eabi/10_2021.10/bin/../lib/gcc/arm-none-eabi/10.3.1/thumb/v7e-m+fp/hard/crtbegin.o
 *(.bss*)
 .bss.g_adc_val
                0x20000094        0x4 build/main.o
                0x20000094                g_adc_val
 .bss.g_humi    0x20000098        0x1 build/main.o
                0x20000098                g_humi
 .bss.g_led_cmd
                0x20000099        0x1 build/main.o
                0x20000099                g_led_cmd
 .bss.g_temp    0x2000009a        0x1 build/main.o
                0x2000009a                g_temp
 *fill*         0x2000009b        0x1 
 .bss.cmd_buf   0x2000009c       0x20 build/usart.o
 .bss.cmd_idx   0x200000bc        0x1 build/usart.o
 *fill*         0x200000bd        0x3 
 .bss.huart1    0x200000c0       0x94 build/usart.o
                0x200000c0                huart1
 .bss.uart_rx_byte
                0x20000154        0x1 build/usart.o
 *fill*         0x20000155        0x1 
 .bss.TextColor
                0x20000156        0x2 build/lcd.o
 .bss.dummy     0x20000158        0x2 build/lcd.o
                0x20000158                dummy
 *fill*         0x2000015a        0x2 
 .bss.uwTick    0x2000015c        0x4 build/stm32g4xx_hal.o
                0x2000015c                uwTick
 .bss.hadc1     0x20000160       0x6c build/adc.o
                0x20000160                hadc1
 .bss.Queue_LED_CmdHandle
                0x200001cc        0x4 build/app_freertos.o
                0x200001cc                Queue_LED_CmdHandle
 .bss.Queue_UART_RXHandle
                0x200001d0        0x4 build/app_freertos.o
                0x200001d0                Queue_UART_RXHandle
 .bss.Task_LCD_RefresHandle
                0x200001d4        0x4 build/app_freertos.o
                0x200001d4                Task_LCD_RefresHandle
 .bss.Task_LED_CtrlHandle
                0x200001d8        0x4 build/app_freertos.o
                0x200001d8                Task_LED_CtrlHandle
 .bss.Task_Sensor_SamHandle
                0x200001dc        0x4 build/app_freertos.o
                0x200001dc                Task_Sensor_SamHandle
 .bss.Task_UART_CmdHandle
                0x200001e0        0x4 build/app_freertos.o
                0x200001e0                Task_UART_CmdHandle
 .bss.defaultTaskHandle
                0x200001e4        0x4 build/app_freertos.o
                0x200001e4                defaultTaskHandle
 .bss.mutex_dhtHandle
                0x200001e8        0x4 build/app_freertos.o
                0x200001e8                mutex_dhtHandle
 .bss.mutex_lcdHandle
                0x200001ec        0x4 build/app_freertos.o
                0x200001ec                mutex_lcdHandle
 .bss.htim4     0x200001f0       0x4c build/stm32g4xx_hal_timebase_tim.o
                0x200001f0                htim4
 .bss.xQueueRegistry
                0x2000023c       0x40 build/queue.o
                0x2000023c                xQueueRegistry
 .bss.pxCurrentTCB
                0x2000027c        0x4 build/tasks.o
                0x2000027c                pxCurrentTCB
 .bss.pxDelayedTaskList
                0x20000280        0x4 build/tasks.o
 .bss.pxOverflowDelayedTaskList
                0x20000284        0x4 build/tasks.o
 .bss.pxReadyTasksLists
                0x20000288      0x460 build/tasks.o
 .bss.uxCurrentNumberOfTasks
                0x200006e8        0x4 build/tasks.o
 .bss.uxDeletedTasksWaitingCleanUp
                0x200006ec        0x4 build/tasks.o
 .bss.uxSchedulerSuspended
                0x200006f0        0x4 build/tasks.o
 .bss.uxTaskNumber
                0x200006f4        0x4 build/tasks.o
 .bss.uxTopReadyPriority
                0x200006f8        0x4 build/tasks.o
 .bss.xDelayedTaskList1
                0x200006fc       0x14 build/tasks.o
 .bss.xDelayedTaskList2
                0x20000710       0x14 build/tasks.o
 .bss.xIdleTaskHandle
                0x20000724        0x4 build/tasks.o
 .bss.xNextTaskUnblockTime
                0x20000728        0x4 build/tasks.o
 .bss.xNumOfOverflows
                0x2000072c        0x4 build/tasks.o
 .bss.xPendedTicks
                0x20000730        0x4 build/tasks.o
 .bss.xPendingReadyList
                0x20000734       0x14 build/tasks.o
 .bss.xSchedulerRunning
                0x20000748        0x4 build/tasks.o
 .bss.xSuspendedTaskList
                0x2000074c       0x14 build/tasks.o
 .bss.xTasksWaitingTermination
                0x20000760       0x14 build/tasks.o
 .bss.xTickCount
                0x20000774        0x4 build/tasks.o
 .bss.xYieldPending
                0x20000778        0x4 build/tasks.o
 .bss.pxCurrentTimerList
                0x2000077c        0x4 build/timers.o
 .bss.pxOverflowTimerList
                0x20000780        0x4 build/timers.o
 .bss.ucStaticTimerQueueStorage.1
                0x20000784       0xa0 build/timers.o
 .bss.xActiveTimerList1
                0x20000824       0x14 build/timers.o
 .bss.xActiveTimerList2
                0x20000838       0x14 build/timers.o
 .bss.xLastTime.2
                0x2000084c        0x4 build/timers.o
 .bss.xStaticTimerQueue.0
                0x20000850       0x50 build/timers.o
 .bss.xTimerQueue
                0x200008a0        0x4 build/timers.o
 .bss.xTimerTaskHandle
                0x200008a4        0x4 build/timers.o
 .bss.Idle_Stack.2
                0x200008a8      0x200 build/cmsis_os2.o
 .bss.Idle_TCB.3
                0x20000aa8       0x5c build/cmsis_os2.o
 .bss.KernelState
                0x20000b04        0x4 build/cmsis_os2.o
 .bss.Timer_Stack.0
                0x20000b08      0x400 build/cmsis_os2.o
 .bss.Timer_TCB.1
                0x20000f08       0x5c build/cmsis_os2.o
 .bss.pxEnd     0x20000f64        0x4 build/heap_4.o
 .bss.ucHeap    0x20000f68     0x2800 build/heap_4.o
 .bss.xBlockAllocatedBit
                0x20003768        0x4 build/heap_4.o
 .bss.xFreeBytesRemaining
                0x2000376c        0x4 build/heap_4.o
 .bss.xMinimumEverFreeBytesRemaining
                0x20003770        0x4 build/heap_4.o
 .bss.xNumberOfSuccessfulAllocations
                0x20003774        0x4 build/heap_4.o
 .bss.xNumberOfSuccessfulFrees
                0x20003778        0x4 build/heap_4.o
 .bss.xStart    0x2000377c        0x8 build/heap_4.o
 .bss.ucMaxSysCallPriority
                0x20003784        0x1 build/port.o
 *fill*         0x20003785        0x3 
 .bss.ulMaxPRIGROUPValue
                0x20003788        0x4 build/port.o
 .bss.__lock___malloc_recursive_mutex
                0x2000378c        0x1 c:/arm/gcc-arm-none-eabi/10_2021.10/bin/../lib/gcc/arm-none-eabi/10.3.1/../../../../arm-none-eabi/lib/thumb/v7e-m+fp/hard\libc_nano.a(lib_a-lock.o)
                0x2000378c                __lock___malloc_recursive_mutex
 .bss.__lock___sfp_recursive_mutex
                0x2000378d        0x1 c:/arm/gcc-arm-none-eabi/10_2021.10/bin/../lib/gcc/arm-none-eabi/10.3.1/../../../../arm-none-eabi/lib/thumb/v7e-m+fp/hard\libc_nano.a(lib_a-lock.o)
                0x2000378d                __lock___sfp_recursive_mutex
 .bss.__lock___sinit_recursive_mutex
                0x2000378e        0x1 c:/arm/gcc-arm-none-eabi/10_2021.10/bin/../lib/gcc/arm-none-eabi/10.3.1/../../../../arm-none-eabi/lib/thumb/v7e-m+fp/hard\libc_nano.a(lib_a-lock.o)
                0x2000378e                __lock___sinit_recursive_mutex
 *fill*         0x2000378f        0x1 
 .bss.__malloc_free_list
                0x20003790        0x4 c:/arm/gcc-arm-none-eabi/10_2021.10/bin/../lib/gcc/arm-none-eabi/10.3.1/../../../../arm-none-eabi/lib/thumb/v7e-m+fp/hard\libc_nano.a(lib_a-nano-mallocr.o)
                0x20003790                __malloc_free_list
 .bss.__malloc_sbrk_start
                0x20003794        0x4 c:/arm/gcc-arm-none-eabi/10_2021.10/bin/../lib/gcc/arm-none-eabi/10.3.1/../../../../arm-none-eabi/lib/thumb/v7e-m+fp/hard\libc_nano.a(lib_a-nano-mallocr.o)
                0x20003794                __malloc_sbrk_start
 .bss.errno     0x20003798        0x4 c:/arm/gcc-arm-none-eabi/10_2021.10/bin/../lib/gcc/arm-none-eabi/10.3.1/../../../../arm-none-eabi/lib/thumb/v7e-m+fp/hard\libc_nano.a(lib_a-reent.o)
                0x20003798                errno
 .bss.heap_end.0
                0x2000379c        0x4 c:/arm/gcc-arm-none-eabi/10_2021.10/bin/../lib/gcc/arm-none-eabi/10.3.1/../../../../arm-none-eabi/lib/thumb/v7e-m+fp/hard\libnosys.a(sbrk.o)
 *(COMMON)
                0x200037a0                . = ALIGN (0x4)
                0x200037a0                _ebss = .
                0x200037a0                __bss_end__ = _ebss

._user_heap_stack
                0x200037a0      0x600 load address 0x080093a4
                0x200037a0                . = ALIGN (0x8)
                0x200037a0                PROVIDE (end = .)
                [!provide]                PROVIDE (_end = .)
                0x200039a0                . = (. + _Min_Heap_Size)
 *fill*         0x200037a0      0x200 
                0x20003da0                . = (. + _Min_Stack_Size)
 *fill*         0x200039a0      0x400 
                0x20003da0                . = ALIGN (0x8)

/DISCARD/
 libc.a(*)
 libm.a(*)
 libgcc.a(*)

.ARM.attributes
                0x00000000       0x30
 *(.ARM.attributes)
 .ARM.attributes
                0x00000000       0x1e c:/arm/gcc-arm-none-eabi/10_2021.10/bin/../lib/gcc/arm-none-eabi/10.3.1/thumb/v7e-m+fp/hard/crti.o
 .ARM.attributes
                0x0000001e       0x34 c:/arm/gcc-arm-none-eabi/10_2021.10/bin/../lib/gcc/arm-none-eabi/10.3.1/thumb/v7e-m+fp/hard/crtbegin.o
 .ARM.attributes
                0x00000052       0x34 build/main.o
 .ARM.attributes
                0x00000086       0x34 build/gpio.o
 .ARM.attributes
                0x000000ba       0x34 build/usart.o
 .ARM.attributes
                0x000000ee       0x34 build/stm32g4xx_it.o
 .ARM.attributes
                0x00000122       0x34 build/stm32g4xx_hal_msp.o
 .ARM.attributes
                0x00000156       0x34 build/led.o
 .ARM.attributes
                0x0000018a       0x34 build/lcd.o
 .ARM.attributes
                0x000001be       0x34 build/stm32g4xx_hal_tim.o
 .ARM.attributes
                0x000001f2       0x34 build/stm32g4xx_hal_tim_ex.o
 .ARM.attributes
                0x00000226       0x34 build/stm32g4xx_hal_pwr_ex.o
 .ARM.attributes
                0x0000025a       0x34 build/stm32g4xx_hal_uart.o
 .ARM.attributes
                0x0000028e       0x34 build/stm32g4xx_hal_uart_ex.o
 .ARM.attributes
                0x000002c2       0x34 build/stm32g4xx_hal.o
 .ARM.attributes
                0x000002f6       0x34 build/stm32g4xx_hal_rcc.o
 .ARM.attributes
                0x0000032a       0x34 build/stm32g4xx_hal_rcc_ex.o
 .ARM.attributes
                0x0000035e       0x34 build/stm32g4xx_hal_gpio.o
 .ARM.attributes
                0x00000392       0x34 build/stm32g4xx_hal_dma.o
 .ARM.attributes
                0x000003c6       0x34 build/stm32g4xx_hal_cortex.o
 .ARM.attributes
                0x000003fa       0x34 build/system_stm32g4xx.o
 .ARM.attributes
                0x0000042e       0x34 build/adc.o
 .ARM.attributes
                0x00000462       0x34 build/stm32g4xx_hal_adc.o
 .ARM.attributes
                0x00000496       0x34 build/stm32g4xx_hal_adc_ex.o
 .ARM.attributes
                0x000004ca       0x34 build/dht11.o
 .ARM.attributes
                0x000004fe       0x34 build/app_freertos.o
 .ARM.attributes
                0x00000532       0x34 build/stm32g4xx_hal_timebase_tim.o
 .ARM.attributes
                0x00000566       0x34 build/list.o
 .ARM.attributes
                0x0000059a       0x34 build/queue.o
 .ARM.attributes
                0x000005ce       0x34 build/tasks.o
 .ARM.attributes
                0x00000602       0x34 build/timers.o
 .ARM.attributes
                0x00000636       0x34 build/cmsis_os2.o
 .ARM.attributes
                0x0000066a       0x34 build/heap_4.o
 .ARM.attributes
                0x0000069e       0x34 build/port.o
 .ARM.attributes
                0x000006d2       0x21 build/startup_stm32g431xx.o
 .ARM.attributes
                0x000006f3       0x34 c:/arm/gcc-arm-none-eabi/10_2021.10/bin/../lib/gcc/arm-none-eabi/10.3.1/../../../../arm-none-eabi/lib/thumb/v7e-m+fp/hard\libc_nano.a(lib_a-impure.o)
 .ARM.attributes
                0x00000727       0x34 c:/arm/gcc-arm-none-eabi/10_2021.10/bin/../lib/gcc/arm-none-eabi/10.3.1/../../../../arm-none-eabi/lib/thumb/v7e-m+fp/hard\libc_nano.a(lib_a-init.o)
 .ARM.attributes
                0x0000075b       0x34 c:/arm/gcc-arm-none-eabi/10_2021.10/bin/../lib/gcc/arm-none-eabi/10.3.1/../../../../arm-none-eabi/lib/thumb/v7e-m+fp/hard\libc_nano.a(lib_a-memcpy-stub.o)
 .ARM.attributes
                0x0000078f       0x34 c:/arm/gcc-arm-none-eabi/10_2021.10/bin/../lib/gcc/arm-none-eabi/10.3.1/../../../../arm-none-eabi/lib/thumb/v7e-m+fp/hard\libc_nano.a(lib_a-memset.o)
 .ARM.attributes
                0x000007c3       0x34 c:/arm/gcc-arm-none-eabi/10_2021.10/bin/../lib/gcc/arm-none-eabi/10.3.1/../../../../arm-none-eabi/lib/thumb/v7e-m+fp/hard\libc_nano.a(lib_a-printf.o)
 .ARM.attributes
                0x000007f7       0x34 c:/arm/gcc-arm-none-eabi/10_2021.10/bin/../lib/gcc/arm-none-eabi/10.3.1/../../../../arm-none-eabi/lib/thumb/v7e-m+fp/hard\libc_nano.a(lib_a-puts.o)
 .ARM.attributes
                0x0000082b       0x34 c:/arm/gcc-arm-none-eabi/10_2021.10/bin/../lib/gcc/arm-none-eabi/10.3.1/../../../../arm-none-eabi/lib/thumb/v7e-m+fp/hard\libc_nano.a(lib_a-sprintf.o)
 .ARM.attributes
                0x0000085f       0x34 c:/arm/gcc-arm-none-eabi/10_2021.10/bin/../lib/gcc/arm-none-eabi/10.3.1/../../../../arm-none-eabi/lib/thumb/v7e-m+fp/hard\libc_nano.a(lib_a-strncmp.o)
 .ARM.attributes
                0x00000893       0x34 c:/arm/gcc-arm-none-eabi/10_2021.10/bin/../lib/gcc/arm-none-eabi/10.3.1/../../../../arm-none-eabi/lib/thumb/v7e-m+fp/hard\libc_nano.a(lib_a-wbuf.o)
 .ARM.attributes
                0x000008c7       0x34 c:/arm/gcc-arm-none-eabi/10_2021.10/bin/../lib/gcc/arm-none-eabi/10.3.1/../../../../arm-none-eabi/lib/thumb/v7e-m+fp/hard\libc_nano.a(lib_a-wsetup.o)
 .ARM.attributes
                0x000008fb       0x34 c:/arm/gcc-arm-none-eabi/10_2021.10/bin/../lib/gcc/arm-none-eabi/10.3.1/../../../../arm-none-eabi/lib/thumb/v7e-m+fp/hard\libc_nano.a(lib_a-fflush.o)
 .ARM.attributes
                0x0000092f       0x34 c:/arm/gcc-arm-none-eabi/10_2021.10/bin/../lib/gcc/arm-none-eabi/10.3.1/../../../../arm-none-eabi/lib/thumb/v7e-m+fp/hard\libc_nano.a(lib_a-findfp.o)
 .ARM.attributes
                0x00000963       0x34 c:/arm/gcc-arm-none-eabi/10_2021.10/bin/../lib/gcc/arm-none-eabi/10.3.1/../../../../arm-none-eabi/lib/thumb/v7e-m+fp/hard\libc_nano.a(lib_a-fwalk.o)
 .ARM.attributes
                0x00000997       0x34 c:/arm/gcc-arm-none-eabi/10_2021.10/bin/../lib/gcc/arm-none-eabi/10.3.1/../../../../arm-none-eabi/lib/thumb/v7e-m+fp/hard\libc_nano.a(lib_a-lock.o)
 .ARM.attributes
                0x000009cb       0x34 c:/arm/gcc-arm-none-eabi/10_2021.10/bin/../lib/gcc/arm-none-eabi/10.3.1/../../../../arm-none-eabi/lib/thumb/v7e-m+fp/hard\libc_nano.a(lib_a-makebuf.o)
 .ARM.attributes
                0x000009ff       0x34 c:/arm/gcc-arm-none-eabi/10_2021.10/bin/../lib/gcc/arm-none-eabi/10.3.1/../../../../arm-none-eabi/lib/thumb/v7e-m+fp/hard\libc_nano.a(lib_a-nano-freer.o)
 .ARM.attributes
                0x00000a33       0x34 c:/arm/gcc-arm-none-eabi/10_2021.10/bin/../lib/gcc/arm-none-eabi/10.3.1/../../../../arm-none-eabi/lib/thumb/v7e-m+fp/hard\libc_nano.a(lib_a-nano-mallocr.o)
 .ARM.attributes
                0x00000a67       0x34 c:/arm/gcc-arm-none-eabi/10_2021.10/bin/../lib/gcc/arm-none-eabi/10.3.1/../../../../arm-none-eabi/lib/thumb/v7e-m+fp/hard\libc_nano.a(lib_a-nano-svfprintf.o)
 .ARM.attributes
                0x00000a9b       0x34 c:/arm/gcc-arm-none-eabi/10_2021.10/bin/../lib/gcc/arm-none-eabi/10.3.1/../../../../arm-none-eabi/lib/thumb/v7e-m+fp/hard\libc_nano.a(lib_a-nano-vfprintf.o)
 .ARM.attributes
                0x00000acf       0x34 c:/arm/gcc-arm-none-eabi/10_2021.10/bin/../lib/gcc/arm-none-eabi/10.3.1/../../../../arm-none-eabi/lib/thumb/v7e-m+fp/hard\libc_nano.a(lib_a-nano-vfprintf_i.o)
 .ARM.attributes
                0x00000b03       0x34 c:/arm/gcc-arm-none-eabi/10_2021.10/bin/../lib/gcc/arm-none-eabi/10.3.1/../../../../arm-none-eabi/lib/thumb/v7e-m+fp/hard\libc_nano.a(lib_a-sbrkr.o)
 .ARM.attributes
                0x00000b37       0x34 c:/arm/gcc-arm-none-eabi/10_2021.10/bin/../lib/gcc/arm-none-eabi/10.3.1/../../../../arm-none-eabi/lib/thumb/v7e-m+fp/hard\libc_nano.a(lib_a-stdio.o)
 .ARM.attributes
                0x00000b6b       0x34 c:/arm/gcc-arm-none-eabi/10_2021.10/bin/../lib/gcc/arm-none-eabi/10.3.1/../../../../arm-none-eabi/lib/thumb/v7e-m+fp/hard\libc_nano.a(lib_a-writer.o)
 .ARM.attributes
                0x00000b9f       0x34 c:/arm/gcc-arm-none-eabi/10_2021.10/bin/../lib/gcc/arm-none-eabi/10.3.1/../../../../arm-none-eabi/lib/thumb/v7e-m+fp/hard\libc_nano.a(lib_a-closer.o)
 .ARM.attributes
                0x00000bd3       0x34 c:/arm/gcc-arm-none-eabi/10_2021.10/bin/../lib/gcc/arm-none-eabi/10.3.1/../../../../arm-none-eabi/lib/thumb/v7e-m+fp/hard\libc_nano.a(lib_a-fstatr.o)
 .ARM.attributes
                0x00000c07       0x34 c:/arm/gcc-arm-none-eabi/10_2021.10/bin/../lib/gcc/arm-none-eabi/10.3.1/../../../../arm-none-eabi/lib/thumb/v7e-m+fp/hard\libc_nano.a(lib_a-isattyr.o)
 .ARM.attributes
                0x00000c3b       0x34 c:/arm/gcc-arm-none-eabi/10_2021.10/bin/../lib/gcc/arm-none-eabi/10.3.1/../../../../arm-none-eabi/lib/thumb/v7e-m+fp/hard\libc_nano.a(lib_a-lseekr.o)
 .ARM.attributes
                0x00000c6f       0x1c c:/arm/gcc-arm-none-eabi/10_2021.10/bin/../lib/gcc/arm-none-eabi/10.3.1/../../../../arm-none-eabi/lib/thumb/v7e-m+fp/hard\libc_nano.a(lib_a-memchr.o)
 .ARM.attributes
                0x00000c8b       0x34 c:/arm/gcc-arm-none-eabi/10_2021.10/bin/../lib/gcc/arm-none-eabi/10.3.1/../../../../arm-none-eabi/lib/thumb/v7e-m+fp/hard\libc_nano.a(lib_a-memmove.o)
 .ARM.attributes
                0x00000cbf       0x34 c:/arm/gcc-arm-none-eabi/10_2021.10/bin/../lib/gcc/arm-none-eabi/10.3.1/../../../../arm-none-eabi/lib/thumb/v7e-m+fp/hard\libc_nano.a(lib_a-mlock.o)
 .ARM.attributes
                0x00000cf3       0x34 c:/arm/gcc-arm-none-eabi/10_2021.10/bin/../lib/gcc/arm-none-eabi/10.3.1/../../../../arm-none-eabi/lib/thumb/v7e-m+fp/hard\libc_nano.a(lib_a-nano-reallocr.o)
 .ARM.attributes
                0x00000d27       0x34 c:/arm/gcc-arm-none-eabi/10_2021.10/bin/../lib/gcc/arm-none-eabi/10.3.1/../../../../arm-none-eabi/lib/thumb/v7e-m+fp/hard\libc_nano.a(lib_a-readr.o)
 .ARM.attributes
                0x00000d5b       0x34 c:/arm/gcc-arm-none-eabi/10_2021.10/bin/../lib/gcc/arm-none-eabi/10.3.1/../../../../arm-none-eabi/lib/thumb/v7e-m+fp/hard\libc_nano.a(lib_a-reent.o)
 .ARM.attributes
                0x00000d8f       0x34 c:/arm/gcc-arm-none-eabi/10_2021.10/bin/../lib/gcc/arm-none-eabi/10.3.1/../../../../arm-none-eabi/lib/thumb/v7e-m+fp/hard\libc_nano.a(lib_a-nano-msizer.o)
 .ARM.attributes
                0x00000dc3       0x34 c:/arm/gcc-arm-none-eabi/10_2021.10/bin/../lib/gcc/arm-none-eabi/10.3.1/../../../../arm-none-eabi/lib/thumb/v7e-m+fp/hard\libnosys.a(close.o)
 .ARM.attributes
                0x00000df7       0x34 c:/arm/gcc-arm-none-eabi/10_2021.10/bin/../lib/gcc/arm-none-eabi/10.3.1/../../../../arm-none-eabi/lib/thumb/v7e-m+fp/hard\libnosys.a(fstat.o)
 .ARM.attributes
                0x00000e2b       0x34 c:/arm/gcc-arm-none-eabi/10_2021.10/bin/../lib/gcc/arm-none-eabi/10.3.1/../../../../arm-none-eabi/lib/thumb/v7e-m+fp/hard\libnosys.a(isatty.o)
 .ARM.attributes
                0x00000e5f       0x34 c:/arm/gcc-arm-none-eabi/10_2021.10/bin/../lib/gcc/arm-none-eabi/10.3.1/../../../../arm-none-eabi/lib/thumb/v7e-m+fp/hard\libnosys.a(lseek.o)
 .ARM.attributes
                0x00000e93       0x34 c:/arm/gcc-arm-none-eabi/10_2021.10/bin/../lib/gcc/arm-none-eabi/10.3.1/../../../../arm-none-eabi/lib/thumb/v7e-m+fp/hard\libnosys.a(read.o)
 .ARM.attributes
                0x00000ec7       0x34 c:/arm/gcc-arm-none-eabi/10_2021.10/bin/../lib/gcc/arm-none-eabi/10.3.1/../../../../arm-none-eabi/lib/thumb/v7e-m+fp/hard\libnosys.a(sbrk.o)
 .ARM.attributes
                0x00000efb       0x1e c:/arm/gcc-arm-none-eabi/10_2021.10/bin/../lib/gcc/arm-none-eabi/10.3.1/thumb/v7e-m+fp/hard\libgcc.a(_aeabi_uldivmod.o)
 .ARM.attributes
                0x00000f19       0x34 c:/arm/gcc-arm-none-eabi/10_2021.10/bin/../lib/gcc/arm-none-eabi/10.3.1/thumb/v7e-m+fp/hard\libgcc.a(_udivmoddi4.o)
 .ARM.attributes
                0x00000f4d       0x1e c:/arm/gcc-arm-none-eabi/10_2021.10/bin/../lib/gcc/arm-none-eabi/10.3.1/thumb/v7e-m+fp/hard\libgcc.a(_dvmd_tls.o)
 .ARM.attributes
                0x00000f6b       0x1e c:/arm/gcc-arm-none-eabi/10_2021.10/bin/../lib/gcc/arm-none-eabi/10.3.1/thumb/v7e-m+fp/hard/crtn.o
OUTPUT(build/test2.elf elf32-littlearm)
LOAD linker stubs
LOAD c:/arm/gcc-arm-none-eabi/10_2021.10/bin/../lib/gcc/arm-none-eabi/10.3.1/../../../../arm-none-eabi/lib/thumb/v7e-m+fp/hard\libc.a
LOAD c:/arm/gcc-arm-none-eabi/10_2021.10/bin/../lib/gcc/arm-none-eabi/10.3.1/../../../../arm-none-eabi/lib/thumb/v7e-m+fp/hard\libm.a
LOAD c:/arm/gcc-arm-none-eabi/10_2021.10/bin/../lib/gcc/arm-none-eabi/10.3.1/thumb/v7e-m+fp/hard\libgcc.a

.debug_info     0x00000000    0x320db
 .debug_info    0x00000000      0xe0d build/main.o
 .debug_info    0x00000e0d      0x675 build/gpio.o
 .debug_info    0x00001482     0x130f build/usart.o
 .debug_info    0x00002791      0xdcc build/stm32g4xx_it.o
 .debug_info    0x0000355d      0x5b7 build/stm32g4xx_hal_msp.o
 .debug_info    0x00003b14      0x41c build/led.o
 .debug_info    0x00003f30     0x1dea build/lcd.o
 .debug_info    0x00005d1a     0x4445 build/stm32g4xx_hal_tim.o
 .debug_info    0x0000a15f     0x2776 build/stm32g4xx_hal_tim_ex.o
 .debug_info    0x0000c8d5      0xb20 build/stm32g4xx_hal_pwr_ex.o
 .debug_info    0x0000d3f5     0x6667 build/stm32g4xx_hal_uart.o
 .debug_info    0x00013a5c     0x13ad build/stm32g4xx_hal_uart_ex.o
 .debug_info    0x00014e09      0xce4 build/stm32g4xx_hal.o
 .debug_info    0x00015aed      0xfdb build/stm32g4xx_hal_rcc.o
 .debug_info    0x00016ac8     0x1035 build/stm32g4xx_hal_rcc_ex.o
 .debug_info    0x00017afd      0x92d build/stm32g4xx_hal_gpio.o
 .debug_info    0x0001842a      0xaeb build/stm32g4xx_hal_dma.o
 .debug_info    0x00018f15     0x111d build/stm32g4xx_hal_cortex.o
 .debug_info    0x0001a032      0x649 build/system_stm32g4xx.o
 .debug_info    0x0001a67b     0x127a build/adc.o
 .debug_info    0x0001b8f5     0x3920 build/stm32g4xx_hal_adc.o
 .debug_info    0x0001f215     0x3187 build/stm32g4xx_hal_adc_ex.o
 .debug_info    0x0002239c      0xc5a build/dht11.o
 .debug_info    0x00022ff6      0xbfd build/app_freertos.o
 .debug_info    0x00023bf3      0xf7a build/stm32g4xx_hal_timebase_tim.o
 .debug_info    0x00024b6d      0x30f build/list.o
 .debug_info    0x00024e7c     0x2968 build/queue.o
 .debug_info    0x000277e4     0x333f build/tasks.o
 .debug_info    0x0002ab23     0x1bd3 build/timers.o
 .debug_info    0x0002c6f6     0x4de1 build/cmsis_os2.o
 .debug_info    0x000314d7      0x61a build/heap_4.o
 .debug_info    0x00031af1      0x5c8 build/port.o
 .debug_info    0x000320b9       0x22 build/startup_stm32g431xx.o

.debug_abbrev   0x00000000     0x50f8
 .debug_abbrev  0x00000000      0x247 build/main.o
 .debug_abbrev  0x00000247      0x151 build/gpio.o
 .debug_abbrev  0x00000398      0x23e build/usart.o
 .debug_abbrev  0x000005d6      0x192 build/stm32g4xx_it.o
 .debug_abbrev  0x00000768      0x117 build/stm32g4xx_hal_msp.o
 .debug_abbrev  0x0000087f      0x14c build/led.o
 .debug_abbrev  0x000009cb      0x2eb build/lcd.o
 .debug_abbrev  0x00000cb6      0x298 build/stm32g4xx_hal_tim.o
 .debug_abbrev  0x00000f4e      0x2ae build/stm32g4xx_hal_tim_ex.o
 .debug_abbrev  0x000011fc      0x264 build/stm32g4xx_hal_pwr_ex.o
 .debug_abbrev  0x00001460      0x343 build/stm32g4xx_hal_uart.o
 .debug_abbrev  0x000017a3      0x311 build/stm32g4xx_hal_uart_ex.o
 .debug_abbrev  0x00001ab4      0x25d build/stm32g4xx_hal.o
 .debug_abbrev  0x00001d11      0x2ac build/stm32g4xx_hal_rcc.o
 .debug_abbrev  0x00001fbd      0x262 build/stm32g4xx_hal_rcc_ex.o
 .debug_abbrev  0x0000221f      0x222 build/stm32g4xx_hal_gpio.o
 .debug_abbrev  0x00002441      0x251 build/stm32g4xx_hal_dma.o
 .debug_abbrev  0x00002692      0x379 build/stm32g4xx_hal_cortex.o
 .debug_abbrev  0x00002a0b      0x11b build/system_stm32g4xx.o
 .debug_abbrev  0x00002b26      0x21b build/adc.o
 .debug_abbrev  0x00002d41      0x308 build/stm32g4xx_hal_adc.o
 .debug_abbrev  0x00003049      0x37b build/stm32g4xx_hal_adc_ex.o
 .debug_abbrev  0x000033c4      0x2c3 build/dht11.o
 .debug_abbrev  0x00003687      0x22d build/app_freertos.o
 .debug_abbrev  0x000038b4      0x211 build/stm32g4xx_hal_timebase_tim.o
 .debug_abbrev  0x00003ac5      0x124 build/list.o
 .debug_abbrev  0x00003be9      0x3c4 build/queue.o
 .debug_abbrev  0x00003fad      0x387 build/tasks.o
 .debug_abbrev  0x00004334      0x366 build/timers.o
 .debug_abbrev  0x0000469a      0x559 build/cmsis_os2.o
 .debug_abbrev  0x00004bf3      0x269 build/heap_4.o
 .debug_abbrev  0x00004e5c      0x28a build/port.o
 .debug_abbrev  0x000050e6       0x12 build/startup_stm32g431xx.o

.debug_loc      0x00000000    0x27b26
 .debug_loc     0x00000000       0xc8 build/main.o
 .debug_loc     0x000000c8       0x39 build/gpio.o
 .debug_loc     0x00000101      0x217 build/usart.o
 .debug_loc     0x00000318       0x40 build/stm32g4xx_it.o
 .debug_loc     0x00000358       0x38 build/stm32g4xx_hal_msp.o
 .debug_loc     0x00000390      0x1d3 build/led.o
 .debug_loc     0x00000563      0xcf1 build/lcd.o
 .debug_loc     0x00001254     0x637d build/stm32g4xx_hal_tim.o
 .debug_loc     0x000075d1     0x332b build/stm32g4xx_hal_tim_ex.o
 .debug_loc     0x0000a8fc      0xa26 build/stm32g4xx_hal_pwr_ex.o
 .debug_loc     0x0000b322     0x61e2 build/stm32g4xx_hal_uart.o
 .debug_loc     0x00011504      0xe2a build/stm32g4xx_hal_uart_ex.o
 .debug_loc     0x0001232e      0x2af build/stm32g4xx_hal.o
 .debug_loc     0x000125dd      0x999 build/stm32g4xx_hal_rcc.o
 .debug_loc     0x00012f76     0x12f1 build/stm32g4xx_hal_rcc_ex.o
 .debug_loc     0x00014267      0x46f build/stm32g4xx_hal_gpio.o
 .debug_loc     0x000146d6      0x9d0 build/stm32g4xx_hal_dma.o
 .debug_loc     0x000150a6      0x796 build/stm32g4xx_hal_cortex.o
 .debug_loc     0x0001583c       0x9d build/system_stm32g4xx.o
 .debug_loc     0x000158d9      0x143 build/adc.o
 .debug_loc     0x00015a1c     0x2af6 build/stm32g4xx_hal_adc.o
 .debug_loc     0x00018512     0x282a build/stm32g4xx_hal_adc_ex.o
 .debug_loc     0x0001ad3c      0x39a build/dht11.o
 .debug_loc     0x0001b0d6      0x21b build/app_freertos.o
 .debug_loc     0x0001b2f1      0x114 build/stm32g4xx_hal_timebase_tim.o
 .debug_loc     0x0001b405       0xe5 build/list.o
 .debug_loc     0x0001b4ea     0x1fe4 build/queue.o
 .debug_loc     0x0001d4ce     0x2c72 build/tasks.o
 .debug_loc     0x00020140     0x1586 build/timers.o
 .debug_loc     0x000216c6     0x5dbc build/cmsis_os2.o
 .debug_loc     0x00027482      0x4e4 build/heap_4.o
 .debug_loc     0x00027966      0x1c0 build/port.o

.debug_aranges  0x00000000     0x1c48
 .debug_aranges
                0x00000000       0x38 build/main.o
 .debug_aranges
                0x00000038       0x20 build/gpio.o
 .debug_aranges
                0x00000058       0x48 build/usart.o
 .debug_aranges
                0x000000a0       0x58 build/stm32g4xx_it.o
 .debug_aranges
                0x000000f8       0x20 build/stm32g4xx_hal_msp.o
 .debug_aranges
                0x00000118       0x50 build/led.o
 .debug_aranges
                0x00000168      0x118 build/lcd.o
 .debug_aranges
                0x00000280      0x3e0 build/stm32g4xx_hal_tim.o
 .debug_aranges
                0x00000660      0x240 build/stm32g4xx_hal_tim_ex.o
 .debug_aranges
                0x000008a0      0x140 build/stm32g4xx_hal_pwr_ex.o
 .debug_aranges
                0x000009e0      0x248 build/stm32g4xx_hal_uart.o
 .debug_aranges
                0x00000c28       0xa8 build/stm32g4xx_hal_uart_ex.o
 .debug_aranges
                0x00000cd0      0x148 build/stm32g4xx_hal.o
 .debug_aranges
                0x00000e18       0x98 build/stm32g4xx_hal_rcc.o
 .debug_aranges
                0x00000eb0       0xb0 build/stm32g4xx_hal_rcc_ex.o
 .debug_aranges
                0x00000f60       0x58 build/stm32g4xx_hal_gpio.o
 .debug_aranges
                0x00000fb8       0x90 build/stm32g4xx_hal_dma.o
 .debug_aranges
                0x00001048       0xa8 build/stm32g4xx_hal_cortex.o
 .debug_aranges
                0x000010f0       0x28 build/system_stm32g4xx.o
 .debug_aranges
                0x00001118       0x38 build/adc.o
 .debug_aranges
                0x00001150      0x108 build/stm32g4xx_hal_adc.o
 .debug_aranges
                0x00001258       0xf0 build/stm32g4xx_hal_adc_ex.o
 .debug_aranges
                0x00001348       0x58 build/dht11.o
 .debug_aranges
                0x000013a0       0x48 build/app_freertos.o
 .debug_aranges
                0x000013e8       0x30 build/stm32g4xx_hal_timebase_tim.o
 .debug_aranges
                0x00001418       0x40 build/list.o
 .debug_aranges
                0x00001458      0x158 build/queue.o
 .debug_aranges
                0x000015b0      0x208 build/tasks.o
 .debug_aranges
                0x000017b8       0xf0 build/timers.o
 .debug_aranges
                0x000018a8      0x2a0 build/cmsis_os2.o
 .debug_aranges
                0x00001b48       0x58 build/heap_4.o
 .debug_aranges
                0x00001ba0       0x80 build/port.o
 .debug_aranges
                0x00001c20       0x28 build/startup_stm32g431xx.o

.debug_ranges   0x00000000     0x1fb0
 .debug_ranges  0x00000000       0x28 build/main.o
 .debug_ranges  0x00000028       0x10 build/gpio.o
 .debug_ranges  0x00000038       0x38 build/usart.o