ARM GAS  C:\Users\86133\AppData\Local\Temp\ccGAFqYk.s 			page 1


   1              		.cpu cortex-m4
   2              		.arch armv7e-m
   3              		.fpu fpv4-sp-d16
   4              		.eabi_attribute 27, 1
   5              		.eabi_attribute 28, 1
   6              		.eabi_attribute 20, 1
   7              		.eabi_attribute 21, 1
   8              		.eabi_attribute 23, 3
   9              		.eabi_attribute 24, 1
  10              		.eabi_attribute 25, 1
  11              		.eabi_attribute 26, 1
  12              		.eabi_attribute 30, 1
  13              		.eabi_attribute 34, 1
  14              		.eabi_attribute 18, 4
  15              		.file	"usart.c"
  16              		.text
  17              	.Ltext0:
  18              		.cfi_sections	.debug_frame
  19              		.section	.text.MX_USART1_UART_Init,"ax",%progbits
  20              		.align	1
  21              		.global	MX_USART1_UART_Init
  22              		.syntax unified
  23              		.thumb
  24              		.thumb_func
  26              	MX_USART1_UART_Init:
  27              	.LFB333:
  28              		.file 1 "Core/Src/usart.c"
   1:Core/Src/usart.c **** /* USER CODE BEGIN Header */
   2:Core/Src/usart.c **** /**
   3:Core/Src/usart.c ****   ******************************************************************************
   4:Core/Src/usart.c ****   * @file    usart.c
   5:Core/Src/usart.c ****   * @brief   This file provides code for the configuration
   6:Core/Src/usart.c ****   *          of the USART instances.
   7:Core/Src/usart.c ****   ******************************************************************************
   8:Core/Src/usart.c ****   * @attention
   9:Core/Src/usart.c ****   *
  10:Core/Src/usart.c ****   * Copyright (c) 2026 STMicroelectronics.
  11:Core/Src/usart.c ****   * All rights reserved.
  12:Core/Src/usart.c ****   *
  13:Core/Src/usart.c ****   * This software is licensed under terms that can be found in the LICENSE file
  14:Core/Src/usart.c ****   * in the root directory of this software component.
  15:Core/Src/usart.c ****   * If no LICENSE file comes with this software, it is provided AS-IS.
  16:Core/Src/usart.c ****   *
  17:Core/Src/usart.c ****   ******************************************************************************
  18:Core/Src/usart.c ****   */
  19:Core/Src/usart.c **** /* USER CODE END Header */
  20:Core/Src/usart.c **** /* Includes ------------------------------------------------------------------*/
  21:Core/Src/usart.c **** #include "usart.h"
  22:Core/Src/usart.c **** 
  23:Core/Src/usart.c **** /* USER CODE BEGIN 0 */
  24:Core/Src/usart.c **** #include "FreeRTOS.h"
  25:Core/Src/usart.c **** #include "queue.h"
  26:Core/Src/usart.c **** #include "cmsis_os.h"
  27:Core/Src/usart.c **** #include <string.h>
  28:Core/Src/usart.c **** 
  29:Core/Src/usart.c **** uint8_t usart_rx_buf[USART_RX_BUF_LEN];
  30:Core/Src/usart.c **** volatile uint8_t usart_rx_flag = 0;
ARM GAS  C:\Users\86133\AppData\Local\Temp\ccGAFqYk.s 			page 2


  31:Core/Src/usart.c **** uint16_t usart_rx_idx = 0;
  32:Core/Src/usart.c **** /* USER CODE END 0 */
  33:Core/Src/usart.c **** 
  34:Core/Src/usart.c **** UART_HandleTypeDef huart1;
  35:Core/Src/usart.c **** 
  36:Core/Src/usart.c **** /* USART1 init function */
  37:Core/Src/usart.c **** 
  38:Core/Src/usart.c **** void MX_USART1_UART_Init(void)
  39:Core/Src/usart.c **** {
  29              		.loc 1 39 1 view -0
  30              		.cfi_startproc
  31              		@ args = 0, pretend = 0, frame = 0
  32              		@ frame_needed = 0, uses_anonymous_args = 0
  33 0000 08B5     		push	{r3, lr}
  34              	.LCFI0:
  35              		.cfi_def_cfa_offset 8
  36              		.cfi_offset 3, -8
  37              		.cfi_offset 14, -4
  40:Core/Src/usart.c **** 
  41:Core/Src/usart.c ****   /* USER CODE BEGIN USART1_Init 0 */
  42:Core/Src/usart.c **** 
  43:Core/Src/usart.c ****   /* USER CODE END USART1_Init 0 */
  44:Core/Src/usart.c **** 
  45:Core/Src/usart.c ****   /* USER CODE BEGIN USART1_Init 1 */
  46:Core/Src/usart.c **** 
  47:Core/Src/usart.c ****   /* USER CODE END USART1_Init 1 */
  48:Core/Src/usart.c ****   huart1.Instance = USART1;
  38              		.loc 1 48 3 view .LVU1
  39              		.loc 1 48 19 is_stmt 0 view .LVU2
  40 0002 1748     		ldr	r0, .L11
  41 0004 174B     		ldr	r3, .L11+4
  42 0006 0360     		str	r3, [r0]
  49:Core/Src/usart.c ****   huart1.Init.BaudRate = 115200;
  43              		.loc 1 49 3 is_stmt 1 view .LVU3
  44              		.loc 1 49 24 is_stmt 0 view .LVU4
  45 0008 4FF4E133 		mov	r3, #115200
  46 000c 4360     		str	r3, [r0, #4]
  50:Core/Src/usart.c ****   huart1.Init.WordLength = UART_WORDLENGTH_8B;
  47              		.loc 1 50 3 is_stmt 1 view .LVU5
  48              		.loc 1 50 26 is_stmt 0 view .LVU6
  49 000e 0023     		movs	r3, #0
  50 0010 8360     		str	r3, [r0, #8]
  51:Core/Src/usart.c ****   huart1.Init.StopBits = UART_STOPBITS_1;
  51              		.loc 1 51 3 is_stmt 1 view .LVU7
  52              		.loc 1 51 24 is_stmt 0 view .LVU8
  53 0012 C360     		str	r3, [r0, #12]
  52:Core/Src/usart.c ****   huart1.Init.Parity = UART_PARITY_NONE;
  54              		.loc 1 52 3 is_stmt 1 view .LVU9
  55              		.loc 1 52 22 is_stmt 0 view .LVU10
  56 0014 0361     		str	r3, [r0, #16]
  53:Core/Src/usart.c ****   huart1.Init.Mode = UART_MODE_TX_RX;
  57              		.loc 1 53 3 is_stmt 1 view .LVU11
  58              		.loc 1 53 20 is_stmt 0 view .LVU12
  59 0016 0C22     		movs	r2, #12
  60 0018 4261     		str	r2, [r0, #20]
  54:Core/Src/usart.c ****   huart1.Init.HwFlowCtl = UART_HWCONTROL_NONE;
  61              		.loc 1 54 3 is_stmt 1 view .LVU13
ARM GAS  C:\Users\86133\AppData\Local\Temp\ccGAFqYk.s 			page 3


  62              		.loc 1 54 25 is_stmt 0 view .LVU14
  63 001a 8361     		str	r3, [r0, #24]
  55:Core/Src/usart.c ****   huart1.Init.OverSampling = UART_OVERSAMPLING_16;
  64              		.loc 1 55 3 is_stmt 1 view .LVU15
  65              		.loc 1 55 28 is_stmt 0 view .LVU16
  66 001c C361     		str	r3, [r0, #28]
  56:Core/Src/usart.c ****   huart1.Init.OneBitSampling = UART_ONE_BIT_SAMPLE_DISABLE;
  67              		.loc 1 56 3 is_stmt 1 view .LVU17
  68              		.loc 1 56 30 is_stmt 0 view .LVU18
  69 001e 0362     		str	r3, [r0, #32]
  57:Core/Src/usart.c ****   huart1.Init.ClockPrescaler = UART_PRESCALER_DIV1;
  70              		.loc 1 57 3 is_stmt 1 view .LVU19
  71              		.loc 1 57 30 is_stmt 0 view .LVU20
  72 0020 4362     		str	r3, [r0, #36]
  58:Core/Src/usart.c **** 
  59:Core/Src/usart.c ****   if (HAL_UART_Init(&huart1) != HAL_OK)
  73              		.loc 1 59 3 is_stmt 1 view .LVU21
  74              		.loc 1 59 7 is_stmt 0 view .LVU22
  75 0022 FFF7FEFF 		bl	HAL_UART_Init
  76              	.LVL0:
  77              		.loc 1 59 6 view .LVU23
  78 0026 70B9     		cbnz	r0, .L7
  79              	.L2:
  60:Core/Src/usart.c ****   {
  61:Core/Src/usart.c ****     Error_Handler();
  62:Core/Src/usart.c ****   }
  63:Core/Src/usart.c ****   if (HAL_UARTEx_SetTxFifoThreshold(&huart1, UART_TXFIFO_THRESHOLD_1_8) != HAL_OK)
  80              		.loc 1 63 3 is_stmt 1 view .LVU24
  81              		.loc 1 63 7 is_stmt 0 view .LVU25
  82 0028 0021     		movs	r1, #0
  83 002a 0D48     		ldr	r0, .L11
  84 002c FFF7FEFF 		bl	HAL_UARTEx_SetTxFifoThreshold
  85              	.LVL1:
  86              		.loc 1 63 6 view .LVU26
  87 0030 60B9     		cbnz	r0, .L8
  88              	.L3:
  64:Core/Src/usart.c ****   {
  65:Core/Src/usart.c ****     Error_Handler();
  66:Core/Src/usart.c ****   }
  67:Core/Src/usart.c ****   if (HAL_UARTEx_SetRxFifoThreshold(&huart1, UART_RXFIFO_THRESHOLD_1_8) != HAL_OK)
  89              		.loc 1 67 3 is_stmt 1 view .LVU27
  90              		.loc 1 67 7 is_stmt 0 view .LVU28
  91 0032 0021     		movs	r1, #0
  92 0034 0A48     		ldr	r0, .L11
  93 0036 FFF7FEFF 		bl	HAL_UARTEx_SetRxFifoThreshold
  94              	.LVL2:
  95              		.loc 1 67 6 view .LVU29
  96 003a 50B9     		cbnz	r0, .L9
  97              	.L4:
  68:Core/Src/usart.c ****   {
  69:Core/Src/usart.c ****     Error_Handler();
  70:Core/Src/usart.c ****   }
  71:Core/Src/usart.c ****   if (HAL_UARTEx_DisableFifoMode(&huart1) != HAL_OK)
  98              		.loc 1 71 3 is_stmt 1 view .LVU30
  99              		.loc 1 71 7 is_stmt 0 view .LVU31
 100 003c 0848     		ldr	r0, .L11
 101 003e FFF7FEFF 		bl	HAL_UARTEx_DisableFifoMode
ARM GAS  C:\Users\86133\AppData\Local\Temp\ccGAFqYk.s 			page 4


 102              	.LVL3:
 103              		.loc 1 71 6 view .LVU32
 104 0042 48B9     		cbnz	r0, .L10
 105              	.L1:
  72:Core/Src/usart.c ****   {
  73:Core/Src/usart.c ****     Error_Handler();
  74:Core/Src/usart.c ****   }
  75:Core/Src/usart.c **** 
  76:Core/Src/usart.c ****   /* USER CODE BEGIN USART1_Init 2 */
  77:Core/Src/usart.c **** 
  78:Core/Src/usart.c ****   /* USER CODE END USART1_Init 2 */
  79:Core/Src/usart.c **** 
  80:Core/Src/usart.c **** }
 106              		.loc 1 80 1 view .LVU33
 107 0044 08BD     		pop	{r3, pc}
 108              	.L7:
  61:Core/Src/usart.c ****   }
 109              		.loc 1 61 5 is_stmt 1 view .LVU34
 110 0046 FFF7FEFF 		bl	Error_Handler
 111              	.LVL4:
 112 004a EDE7     		b	.L2
 113              	.L8:
  65:Core/Src/usart.c ****   }
 114              		.loc 1 65 5 view .LVU35
 115 004c FFF7FEFF 		bl	Error_Handler
 116              	.LVL5:
 117 0050 EFE7     		b	.L3
 118              	.L9:
  69:Core/Src/usart.c ****   }
 119              		.loc 1 69 5 view .LVU36
 120 0052 FFF7FEFF 		bl	Error_Handler
 121              	.LVL6:
 122 0056 F1E7     		b	.L4
 123              	.L10:
  73:Core/Src/usart.c ****   }
 124              		.loc 1 73 5 view .LVU37
 125 0058 FFF7FEFF 		bl	Error_Handler
 126              	.LVL7:
 127              		.loc 1 80 1 is_stmt 0 view .LVU38
 128 005c F2E7     		b	.L1
 129              	.L12:
 130 005e 00BF     		.align	2
 131              	.L11:
 132 0060 00000000 		.word	.LANCHOR0
 133 0064 00380140 		.word	1073821696
 134              		.cfi_endproc
 135              	.LFE333:
 137              		.section	.text.HAL_UART_MspInit,"ax",%progbits
 138              		.align	1
 139              		.global	HAL_UART_MspInit
 140              		.syntax unified
 141              		.thumb
 142              		.thumb_func
 144              	HAL_UART_MspInit:
 145              	.LVL8:
 146              	.LFB334:
  81:Core/Src/usart.c **** 
ARM GAS  C:\Users\86133\AppData\Local\Temp\ccGAFqYk.s 			page 5


  82:Core/Src/usart.c **** void HAL_UART_MspInit(UART_HandleTypeDef* uartHandle)
  83:Core/Src/usart.c **** {
 147              		.loc 1 83 1 is_stmt 1 view -0
 148              		.cfi_startproc
 149              		@ args = 0, pretend = 0, frame = 32
 150              		@ frame_needed = 0, uses_anonymous_args = 0
 151              		.loc 1 83 1 is_stmt 0 view .LVU40
 152 0000 10B5     		push	{r4, lr}
 153              	.LCFI1:
 154              		.cfi_def_cfa_offset 8
 155              		.cfi_offset 4, -8
 156              		.cfi_offset 14, -4
 157 0002 88B0     		sub	sp, sp, #32
 158              	.LCFI2:
 159              		.cfi_def_cfa_offset 40
  84:Core/Src/usart.c **** 
  85:Core/Src/usart.c ****   GPIO_InitTypeDef GPIO_InitStruct = {0};
 160              		.loc 1 85 3 is_stmt 1 view .LVU41
 161              		.loc 1 85 20 is_stmt 0 view .LVU42
 162 0004 0024     		movs	r4, #0
 163 0006 0394     		str	r4, [sp, #12]
 164 0008 0494     		str	r4, [sp, #16]
 165 000a 0594     		str	r4, [sp, #20]
 166 000c 0694     		str	r4, [sp, #24]
 167 000e 0794     		str	r4, [sp, #28]
  86:Core/Src/usart.c **** 
  87:Core/Src/usart.c ****   /* USER CODE BEGIN USART1_MspInit 0 */
  88:Core/Src/usart.c **** 
  89:Core/Src/usart.c ****   /* USER CODE END USART1_MspInit 0 */
  90:Core/Src/usart.c **** 
  91:Core/Src/usart.c ****     /* Peripheral clock enable */
  92:Core/Src/usart.c ****     __HAL_RCC_USART1_CLK_ENABLE();
 168              		.loc 1 92 5 is_stmt 1 view .LVU43
 169              	.LBB2:
 170              		.loc 1 92 5 view .LVU44
 171              		.loc 1 92 5 view .LVU45
 172 0010 144B     		ldr	r3, .L15
 173 0012 1A6E     		ldr	r2, [r3, #96]
 174 0014 42F48042 		orr	r2, r2, #16384
 175 0018 1A66     		str	r2, [r3, #96]
 176              		.loc 1 92 5 view .LVU46
 177 001a 1A6E     		ldr	r2, [r3, #96]
 178 001c 02F48042 		and	r2, r2, #16384
 179 0020 0192     		str	r2, [sp, #4]
 180              		.loc 1 92 5 view .LVU47
 181 0022 019A     		ldr	r2, [sp, #4]
 182              	.LBE2:
 183              		.loc 1 92 5 view .LVU48
  93:Core/Src/usart.c **** 
  94:Core/Src/usart.c ****     __HAL_RCC_GPIOA_CLK_ENABLE();
 184              		.loc 1 94 5 view .LVU49
 185              	.LBB3:
 186              		.loc 1 94 5 view .LVU50
 187              		.loc 1 94 5 view .LVU51
 188 0024 DA6C     		ldr	r2, [r3, #76]
 189 0026 42F00102 		orr	r2, r2, #1
 190 002a DA64     		str	r2, [r3, #76]
ARM GAS  C:\Users\86133\AppData\Local\Temp\ccGAFqYk.s 			page 6


 191              		.loc 1 94 5 view .LVU52
 192 002c DB6C     		ldr	r3, [r3, #76]
 193 002e 03F00103 		and	r3, r3, #1
 194 0032 0293     		str	r3, [sp, #8]
 195              		.loc 1 94 5 view .LVU53
 196 0034 029B     		ldr	r3, [sp, #8]
 197              	.LBE3:
 198              		.loc 1 94 5 view .LVU54
  95:Core/Src/usart.c ****     /**USART1 GPIO Configuration
  96:Core/Src/usart.c ****     PA9     ------> USART1_TX
  97:Core/Src/usart.c ****     PA10     ------> USART1_RX
  98:Core/Src/usart.c ****     */
  99:Core/Src/usart.c ****     GPIO_InitStruct.Pin = GPIO_PIN_9|GPIO_PIN_10;
 199              		.loc 1 99 5 view .LVU55
 200              		.loc 1 99 25 is_stmt 0 view .LVU56
 201 0036 4FF4C063 		mov	r3, #1536
 202 003a 0393     		str	r3, [sp, #12]
 100:Core/Src/usart.c ****     GPIO_InitStruct.Mode = GPIO_MODE_AF_PP;
 203              		.loc 1 100 5 is_stmt 1 view .LVU57
 204              		.loc 1 100 26 is_stmt 0 view .LVU58
 205 003c 0223     		movs	r3, #2
 206 003e 0493     		str	r3, [sp, #16]
 101:Core/Src/usart.c ****     GPIO_InitStruct.Pull = GPIO_NOPULL;
 207              		.loc 1 101 5 is_stmt 1 view .LVU59
 102:Core/Src/usart.c ****     GPIO_InitStruct.Speed = GPIO_SPEED_FREQ_LOW;
 208              		.loc 1 102 5 view .LVU60
 103:Core/Src/usart.c ****     GPIO_InitStruct.Alternate = GPIO_AF7_USART1;
 209              		.loc 1 103 5 view .LVU61
 210              		.loc 1 103 31 is_stmt 0 view .LVU62
 211 0040 0723     		movs	r3, #7
 212 0042 0793     		str	r3, [sp, #28]
 104:Core/Src/usart.c ****     HAL_GPIO_Init(GPIOA, &GPIO_InitStruct);
 213              		.loc 1 104 5 is_stmt 1 view .LVU63
 214 0044 03A9     		add	r1, sp, #12
 215 0046 4FF09040 		mov	r0, #1207959552
 216              	.LVL9:
 217              		.loc 1 104 5 is_stmt 0 view .LVU64
 218 004a FFF7FEFF 		bl	HAL_GPIO_Init
 219              	.LVL10:
 105:Core/Src/usart.c **** 
 106:Core/Src/usart.c ****     /* USART1 interrupt Init */
 107:Core/Src/usart.c ****     HAL_NVIC_SetPriority(USART1_IRQn, 5, 0);  /* Must be >= configMAX_SYSCALL_INTERRUPT_PRIORITY */
 220              		.loc 1 107 5 is_stmt 1 view .LVU65
 221 004e 2246     		mov	r2, r4
 222 0050 0521     		movs	r1, #5
 223 0052 2520     		movs	r0, #37
 224 0054 FFF7FEFF 		bl	HAL_NVIC_SetPriority
 225              	.LVL11:
 108:Core/Src/usart.c ****     HAL_NVIC_EnableIRQ(USART1_IRQn);
 226              		.loc 1 108 5 view .LVU66
 227 0058 2520     		movs	r0, #37
 228 005a FFF7FEFF 		bl	HAL_NVIC_EnableIRQ
 229              	.LVL12:
 109:Core/Src/usart.c ****   /* USER CODE BEGIN USART1_MspInit 1 */
 110:Core/Src/usart.c **** 
 111:Core/Src/usart.c ****   /* USER CODE END USART1_MspInit 1 */
 112:Core/Src/usart.c **** }
ARM GAS  C:\Users\86133\AppData\Local\Temp\ccGAFqYk.s 			page 7


 230              		.loc 1 112 1 is_stmt 0 view .LVU67
 231 005e 08B0     		add	sp, sp, #32
 232              	.LCFI3:
 233              		.cfi_def_cfa_offset 8
 234              		@ sp needed
 235 0060 10BD     		pop	{r4, pc}
 236              	.L16:
 237 0062 00BF     		.align	2
 238              	.L15:
 239 0064 00100240 		.word	1073876992
 240              		.cfi_endproc
 241              	.LFE334:
 243              		.section	.text.HAL_UART_MspDeInit,"ax",%progbits
 244              		.align	1
 245              		.global	HAL_UART_MspDeInit
 246              		.syntax unified
 247              		.thumb
 248              		.thumb_func
 250              	HAL_UART_MspDeInit:
 251              	.LVL13:
 252              	.LFB335:
 113:Core/Src/usart.c **** 
 114:Core/Src/usart.c **** void HAL_UART_MspDeInit(UART_HandleTypeDef* uartHandle)
 115:Core/Src/usart.c **** {
 253              		.loc 1 115 1 is_stmt 1 view -0
 254              		.cfi_startproc
 255              		@ args = 0, pretend = 0, frame = 0
 256              		@ frame_needed = 0, uses_anonymous_args = 0
 257              		.loc 1 115 1 is_stmt 0 view .LVU69
 258 0000 08B5     		push	{r3, lr}
 259              	.LCFI4:
 260              		.cfi_def_cfa_offset 8
 261              		.cfi_offset 3, -8
 262              		.cfi_offset 14, -4
 116:Core/Src/usart.c **** 
 117:Core/Src/usart.c ****   /* USER CODE BEGIN USART1_MspDeInit 0 */
 118:Core/Src/usart.c **** 
 119:Core/Src/usart.c ****   /* USER CODE END USART1_MspDeInit 0 */
 120:Core/Src/usart.c ****     /* Peripheral clock disable */
 121:Core/Src/usart.c ****     __HAL_RCC_USART1_CLK_DISABLE();
 263              		.loc 1 121 5 is_stmt 1 view .LVU70
 264 0002 074A     		ldr	r2, .L19
 265 0004 136E     		ldr	r3, [r2, #96]
 266 0006 23F48043 		bic	r3, r3, #16384
 267 000a 1366     		str	r3, [r2, #96]
 122:Core/Src/usart.c **** 
 123:Core/Src/usart.c ****     /**USART1 GPIO Configuration
 124:Core/Src/usart.c ****     PA9     ------> USART1_TX
 125:Core/Src/usart.c ****     PA10     ------> USART1_RX
 126:Core/Src/usart.c ****     */
 127:Core/Src/usart.c ****     HAL_GPIO_DeInit(GPIOA, GPIO_PIN_9|GPIO_PIN_10);
 268              		.loc 1 127 5 view .LVU71
 269 000c 4FF4C061 		mov	r1, #1536
 270 0010 4FF09040 		mov	r0, #1207959552
 271              	.LVL14:
 272              		.loc 1 127 5 is_stmt 0 view .LVU72
 273 0014 FFF7FEFF 		bl	HAL_GPIO_DeInit
ARM GAS  C:\Users\86133\AppData\Local\Temp\ccGAFqYk.s 			page 8


 274              	.LVL15:
 128:Core/Src/usart.c **** 
 129:Core/Src/usart.c ****     /* USART1 interrupt Deinit */
 130:Core/Src/usart.c ****     HAL_NVIC_DisableIRQ(USART1_IRQn);
 275              		.loc 1 130 5 is_stmt 1 view .LVU73
 276 0018 2520     		movs	r0, #37
 277 001a FFF7FEFF 		bl	HAL_NVIC_DisableIRQ
 278              	.LVL16:
 131:Core/Src/usart.c ****   /* USER CODE BEGIN USART1_MspDeInit 1 */
 132:Core/Src/usart.c **** 
 133:Core/Src/usart.c ****   /* USER CODE END USART1_MspDeInit 1 */
 134:Core/Src/usart.c **** }
 279              		.loc 1 134 1 is_stmt 0 view .LVU74
 280 001e 08BD     		pop	{r3, pc}
 281              	.L20:
 282              		.align	2
 283              	.L19:
 284 0020 00100240 		.word	1073876992
 285              		.cfi_endproc
 286              	.LFE335:
 288              		.section	.text.USART_StartReceiveIT,"ax",%progbits
 289              		.align	1
 290              		.global	USART_StartReceiveIT
 291              		.syntax unified
 292              		.thumb
 293              		.thumb_func
 295              	USART_StartReceiveIT:
 296              	.LFB336:
 135:Core/Src/usart.c **** 
 136:Core/Src/usart.c **** /* USER CODE BEGIN 1 */
 137:Core/Src/usart.c **** 
 138:Core/Src/usart.c **** static uint8_t uart_rx_byte;
 139:Core/Src/usart.c **** static uint8_t cmd_buf[32];
 140:Core/Src/usart.c **** static uint8_t cmd_idx = 0;
 141:Core/Src/usart.c **** 
 142:Core/Src/usart.c **** extern osMessageQueueId_t Queue_UART_RXHandle;
 143:Core/Src/usart.c **** 
 144:Core/Src/usart.c **** void USART_StartReceiveIT(void)
 145:Core/Src/usart.c **** {
 297              		.loc 1 145 1 is_stmt 1 view -0
 298              		.cfi_startproc
 299              		@ args = 0, pretend = 0, frame = 0
 300              		@ frame_needed = 0, uses_anonymous_args = 0
 301 0000 08B5     		push	{r3, lr}
 302              	.LCFI5:
 303              		.cfi_def_cfa_offset 8
 304              		.cfi_offset 3, -8
 305              		.cfi_offset 14, -4
 146:Core/Src/usart.c ****     HAL_UART_Receive_IT(&huart1, &uart_rx_byte, 1);
 306              		.loc 1 146 5 view .LVU76
 307 0002 0122     		movs	r2, #1
 308 0004 0249     		ldr	r1, .L23
 309 0006 0348     		ldr	r0, .L23+4
 310 0008 FFF7FEFF 		bl	HAL_UART_Receive_IT
 311              	.LVL17:
 147:Core/Src/usart.c **** }
 312              		.loc 1 147 1 is_stmt 0 view .LVU77
ARM GAS  C:\Users\86133\AppData\Local\Temp\ccGAFqYk.s 			page 9


 313 000c 08BD     		pop	{r3, pc}
 314              	.L24:
 315 000e 00BF     		.align	2
 316              	.L23:
 317 0010 00000000 		.word	.LANCHOR1
 318 0014 00000000 		.word	.LANCHOR0
 319              		.cfi_endproc
 320              	.LFE336:
 322              		.section	.text.HAL_UART_RxCpltCallback,"ax",%progbits
 323              		.align	1
 324              		.global	HAL_UART_RxCpltCallback
 325              		.syntax unified
 326              		.thumb
 327              		.thumb_func
 329              	HAL_UART_RxCpltCallback:
 330              	.LVL18:
 331              	.LFB337:
 148:Core/Src/usart.c **** 
 149:Core/Src/usart.c **** void HAL_UART_RxCpltCallback(UART_HandleTypeDef *huart)
 150:Core/Src/usart.c **** {
 332              		.loc 1 150 1 is_stmt 1 view -0
 333              		.cfi_startproc
 334              		@ args = 0, pretend = 0, frame = 0
 335              		@ frame_needed = 0, uses_anonymous_args = 0
 336              		.loc 1 150 1 is_stmt 0 view .LVU79
 337 0000 38B5     		push	{r3, r4, r5, lr}
 338              	.LCFI6:
 339              		.cfi_def_cfa_offset 16
 340              		.cfi_offset 3, -16
 341              		.cfi_offset 4, -12
 342              		.cfi_offset 5, -8
 343              		.cfi_offset 14, -4
 151:Core/Src/usart.c ****     if (huart->Instance == USART1)
 344              		.loc 1 151 5 is_stmt 1 view .LVU80
 345              		.loc 1 151 14 is_stmt 0 view .LVU81
 346 0002 0268     		ldr	r2, [r0]
 347              		.loc 1 151 8 view .LVU82
 348 0004 1A4B     		ldr	r3, .L33
 349 0006 9A42     		cmp	r2, r3
 350 0008 00D0     		beq	.L27
 351              	.LVL19:
 352              	.L25:
 152:Core/Src/usart.c ****     {
 153:Core/Src/usart.c ****         /* Echo each received byte directly via TX register for debug */
 154:Core/Src/usart.c ****         while (!(USART1->ISR & USART_ISR_TXE_TXFNF));
 155:Core/Src/usart.c ****         USART1->TDR = uart_rx_byte;
 156:Core/Src/usart.c **** 
 157:Core/Src/usart.c ****         if (uart_rx_byte == '\n' || uart_rx_byte == '\r')
 158:Core/Src/usart.c ****         {
 159:Core/Src/usart.c ****             if (cmd_idx > 0)
 160:Core/Src/usart.c ****             {
 161:Core/Src/usart.c ****                 cmd_buf[cmd_idx] = '\0';
 162:Core/Src/usart.c ****                 osMessageQueuePut(Queue_UART_RXHandle, cmd_buf, 0, 0);
 163:Core/Src/usart.c ****                 memset(cmd_buf, 0, sizeof(cmd_buf));
 164:Core/Src/usart.c ****                 cmd_idx = 0;
 165:Core/Src/usart.c ****             }
 166:Core/Src/usart.c ****         }
ARM GAS  C:\Users\86133\AppData\Local\Temp\ccGAFqYk.s 			page 10


 167:Core/Src/usart.c ****         else if (cmd_idx < 31)
 168:Core/Src/usart.c ****         {
 169:Core/Src/usart.c ****             cmd_buf[cmd_idx++] = uart_rx_byte;
 170:Core/Src/usart.c ****         }
 171:Core/Src/usart.c ****         
 172:Core/Src/usart.c ****         HAL_UART_Receive_IT(&huart1, &uart_rx_byte, 1);
 173:Core/Src/usart.c ****     }
 174:Core/Src/usart.c **** }
 353              		.loc 1 174 1 view .LVU83
 354 000a 38BD     		pop	{r3, r4, r5, pc}
 355              	.LVL20:
 356              	.L27:
 154:Core/Src/usart.c ****         USART1->TDR = uart_rx_byte;
 357              		.loc 1 154 53 is_stmt 1 discriminator 1 view .LVU84
 154:Core/Src/usart.c ****         USART1->TDR = uart_rx_byte;
 358              		.loc 1 154 15 discriminator 1 view .LVU85
 154:Core/Src/usart.c ****         USART1->TDR = uart_rx_byte;
 359              		.loc 1 154 24 is_stmt 0 discriminator 1 view .LVU86
 360 000c 184B     		ldr	r3, .L33
 361 000e DB69     		ldr	r3, [r3, #28]
 154:Core/Src/usart.c ****         USART1->TDR = uart_rx_byte;
 362              		.loc 1 154 15 discriminator 1 view .LVU87
 363 0010 13F0800F 		tst	r3, #128
 364 0014 FAD0     		beq	.L27
 155:Core/Src/usart.c **** 
 365              		.loc 1 155 9 is_stmt 1 view .LVU88
 155:Core/Src/usart.c **** 
 366              		.loc 1 155 21 is_stmt 0 view .LVU89
 367 0016 174B     		ldr	r3, .L33+4
 368 0018 1B78     		ldrb	r3, [r3]	@ zero_extendqisi2
 369 001a 154A     		ldr	r2, .L33
 370 001c 9362     		str	r3, [r2, #40]
 157:Core/Src/usart.c ****         {
 371              		.loc 1 157 9 is_stmt 1 view .LVU90
 157:Core/Src/usart.c ****         {
 372              		.loc 1 157 12 is_stmt 0 view .LVU91
 373 001e 0A2B     		cmp	r3, #10
 374 0020 0BD0     		beq	.L28
 157:Core/Src/usart.c ****         {
 375              		.loc 1 157 34 discriminator 1 view .LVU92
 376 0022 0D2B     		cmp	r3, #13
 377 0024 09D0     		beq	.L28
 167:Core/Src/usart.c ****         {
 378              		.loc 1 167 14 is_stmt 1 view .LVU93
 167:Core/Src/usart.c ****         {
 379              		.loc 1 167 26 is_stmt 0 view .LVU94
 380 0026 144A     		ldr	r2, .L33+8
 381 0028 1278     		ldrb	r2, [r2]	@ zero_extendqisi2
 167:Core/Src/usart.c ****         {
 382              		.loc 1 167 17 view .LVU95
 383 002a 1E2A     		cmp	r2, #30
 384 002c 08D8     		bhi	.L30
 169:Core/Src/usart.c ****         }
 385              		.loc 1 169 13 is_stmt 1 view .LVU96
 169:Core/Src/usart.c ****         }
 386              		.loc 1 169 28 is_stmt 0 view .LVU97
 387 002e 501C     		adds	r0, r2, #1
ARM GAS  C:\Users\86133\AppData\Local\Temp\ccGAFqYk.s 			page 11


 388              	.LVL21:
 169:Core/Src/usart.c ****         }
 389              		.loc 1 169 28 view .LVU98
 390 0030 1149     		ldr	r1, .L33+8
 391 0032 0870     		strb	r0, [r1]
 169:Core/Src/usart.c ****         }
 392              		.loc 1 169 32 view .LVU99
 393 0034 1149     		ldr	r1, .L33+12
 394 0036 8B54     		strb	r3, [r1, r2]
 395 0038 02E0     		b	.L30
 396              	.LVL22:
 397              	.L28:
 159:Core/Src/usart.c ****             {
 398              		.loc 1 159 13 is_stmt 1 view .LVU100
 159:Core/Src/usart.c ****             {
 399              		.loc 1 159 25 is_stmt 0 view .LVU101
 400 003a 0F4B     		ldr	r3, .L33+8
 401 003c 1B78     		ldrb	r3, [r3]	@ zero_extendqisi2
 159:Core/Src/usart.c ****             {
 402              		.loc 1 159 16 view .LVU102
 403 003e 2BB9     		cbnz	r3, .L32
 404              	.LVL23:
 405              	.L30:
 172:Core/Src/usart.c ****     }
 406              		.loc 1 172 9 is_stmt 1 view .LVU103
 407 0040 0122     		movs	r2, #1
 408 0042 0C49     		ldr	r1, .L33+4
 409 0044 0E48     		ldr	r0, .L33+16
 410 0046 FFF7FEFF 		bl	HAL_UART_Receive_IT
 411              	.LVL24:
 412              		.loc 1 174 1 is_stmt 0 view .LVU104
 413 004a DEE7     		b	.L25
 414              	.LVL25:
 415              	.L32:
 161:Core/Src/usart.c ****                 osMessageQueuePut(Queue_UART_RXHandle, cmd_buf, 0, 0);
 416              		.loc 1 161 17 is_stmt 1 view .LVU105
 161:Core/Src/usart.c ****                 osMessageQueuePut(Queue_UART_RXHandle, cmd_buf, 0, 0);
 417              		.loc 1 161 34 is_stmt 0 view .LVU106
 418 004c 0B4D     		ldr	r5, .L33+12
 419 004e 0024     		movs	r4, #0
 420 0050 EC54     		strb	r4, [r5, r3]
 162:Core/Src/usart.c ****                 memset(cmd_buf, 0, sizeof(cmd_buf));
 421              		.loc 1 162 17 is_stmt 1 view .LVU107
 422 0052 2346     		mov	r3, r4
 423 0054 2246     		mov	r2, r4
 424 0056 2946     		mov	r1, r5
 425 0058 0A48     		ldr	r0, .L33+20
 426              	.LVL26:
 162:Core/Src/usart.c ****                 memset(cmd_buf, 0, sizeof(cmd_buf));
 427              		.loc 1 162 17 is_stmt 0 view .LVU108
 428 005a 0068     		ldr	r0, [r0]
 429 005c FFF7FEFF 		bl	osMessageQueuePut
 430              	.LVL27:
 163:Core/Src/usart.c ****                 cmd_idx = 0;
 431              		.loc 1 163 17 is_stmt 1 view .LVU109
 432 0060 2022     		movs	r2, #32
 433 0062 2146     		mov	r1, r4
ARM GAS  C:\Users\86133\AppData\Local\Temp\ccGAFqYk.s 			page 12


 434 0064 2846     		mov	r0, r5
 435 0066 FFF7FEFF 		bl	memset
 436              	.LVL28:
 164:Core/Src/usart.c ****             }
 437              		.loc 1 164 17 view .LVU110
 164:Core/Src/usart.c ****             }
 438              		.loc 1 164 25 is_stmt 0 view .LVU111
 439 006a 034B     		ldr	r3, .L33+8
 440 006c 1C70     		strb	r4, [r3]
 441 006e E7E7     		b	.L30
 442              	.L34:
 443              		.align	2
 444              	.L33:
 445 0070 00380140 		.word	1073821696
 446 0074 00000000 		.word	.LANCHOR1
 447 0078 00000000 		.word	.LANCHOR2
 448 007c 00000000 		.word	.LANCHOR3
 449 0080 00000000 		.word	.LANCHOR0
 450 0084 00000000 		.word	Queue_UART_RXHandle
 451              		.cfi_endproc
 452              	.LFE337:
 454              		.section	.text._write,"ax",%progbits
 455              		.align	1
 456              		.global	_write
 457              		.syntax unified
 458              		.thumb
 459              		.thumb_func
 461              	_write:
 462              	.LVL29:
 463              	.LFB341:
 175:Core/Src/usart.c **** 
 176:Core/Src/usart.c **** #include <stdio.h>
 177:Core/Src/usart.c **** 
 178:Core/Src/usart.c **** int _write(int file, char *ptr, int len)
 179:Core/Src/usart.c **** {
 464              		.loc 1 179 1 is_stmt 1 view -0
 465              		.cfi_startproc
 466              		@ args = 0, pretend = 0, frame = 0
 467              		@ frame_needed = 0, uses_anonymous_args = 0
 468              		.loc 1 179 1 is_stmt 0 view .LVU113
 469 0000 10B5     		push	{r4, lr}
 470              	.LCFI7:
 471              		.cfi_def_cfa_offset 8
 472              		.cfi_offset 4, -8
 473              		.cfi_offset 14, -4
 474 0002 1446     		mov	r4, r2
 180:Core/Src/usart.c ****     HAL_UART_Transmit(&huart1, (uint8_t*)ptr, len, HAL_MAX_DELAY);
 475              		.loc 1 180 5 is_stmt 1 view .LVU114
 476 0004 4FF0FF33 		mov	r3, #-1
 477 0008 92B2     		uxth	r2, r2
 478              	.LVL30:
 479              		.loc 1 180 5 is_stmt 0 view .LVU115
 480 000a 0248     		ldr	r0, .L37
 481              	.LVL31:
 482              		.loc 1 180 5 view .LVU116
 483 000c FFF7FEFF 		bl	HAL_UART_Transmit
 484              	.LVL32:
ARM GAS  C:\Users\86133\AppData\Local\Temp\ccGAFqYk.s 			page 13


 181:Core/Src/usart.c ****     return len;
 485              		.loc 1 181 5 is_stmt 1 view .LVU117
 182:Core/Src/usart.c **** }
 486              		.loc 1 182 1 is_stmt 0 view .LVU118
 487 0010 2046     		mov	r0, r4
 488 0012 10BD     		pop	{r4, pc}
 489              	.LVL33:
 490              	.L38:
 491              		.loc 1 182 1 view .LVU119
 492              		.align	2
 493              	.L37:
 494 0014 00000000 		.word	.LANCHOR0
 495              		.cfi_endproc
 496              	.LFE341:
 498              		.global	huart1
 499              		.global	usart_rx_idx
 500              		.global	usart_rx_flag
 501              		.global	usart_rx_buf
 502              		.section	.bss.cmd_buf,"aw",%nobits
 503              		.align	2
 504              		.set	.LANCHOR3,. + 0
 507              	cmd_buf:
 508 0000 00000000 		.space	32
 508      00000000 
 508      00000000 
 508      00000000 
 508      00000000 
 509              		.section	.bss.cmd_idx,"aw",%nobits
 510              		.set	.LANCHOR2,. + 0
 513              	cmd_idx:
 514 0000 00       		.space	1
 515              		.section	.bss.huart1,"aw",%nobits
 516              		.align	2
 517              		.set	.LANCHOR0,. + 0
 520              	huart1:
 521 0000 00000000 		.space	148
 521      00000000 
 521      00000000 
 521      00000000 
 521      00000000 
 522              		.section	.bss.uart_rx_byte,"aw",%nobits
 523              		.set	.LANCHOR1,. + 0
 526              	uart_rx_byte:
 527 0000 00       		.space	1
 528              		.section	.bss.usart_rx_buf,"aw",%nobits
 529              		.align	2
 532              	usart_rx_buf:
 533 0000 00000000 		.space	256
 533      00000000 
 533      00000000 
 533      00000000 
 533      00000000 
 534              		.section	.bss.usart_rx_flag,"aw",%nobits
 537              	usart_rx_flag:
 538 0000 00       		.space	1
 539              		.section	.bss.usart_rx_idx,"aw",%nobits
 540              		.align	1
ARM GAS  C:\Users\86133\AppData\Local\Temp\ccGAFqYk.s 			page 14


 543              	usart_rx_idx:
 544 0000 0000     		.space	2
 545              		.text
 546              	.Letext0:
 547              		.file 2 "c:\\arm\\gcc-arm-none-eabi\\10_2021.10\\arm-none-eabi\\include\\machine\\_default_types.h
 548              		.file 3 "c:\\arm\\gcc-arm-none-eabi\\10_2021.10\\arm-none-eabi\\include\\sys\\_stdint.h"
 549              		.file 4 "Drivers/CMSIS/Device/ST/STM32G4xx/Include/stm32g431xx.h"
 550              		.file 5 "Drivers/STM32G4xx_HAL_Driver/Inc/stm32g4xx_hal_def.h"
 551              		.file 6 "Drivers/STM32G4xx_HAL_Driver/Inc/stm32g4xx_hal_gpio.h"
 552              		.file 7 "Drivers/STM32G4xx_HAL_Driver/Inc/stm32g4xx_hal_dma.h"
 553              		.file 8 "Drivers/STM32G4xx_HAL_Driver/Inc/stm32g4xx_hal_uart.h"
 554              		.file 9 "Middlewares/Third_Party/FreeRTOS/Source/CMSIS_RTOS_V2/cmsis_os2.h"
 555              		.file 10 "Core/Inc/usart.h"
 556              		.file 11 "Drivers/STM32G4xx_HAL_Driver/Inc/stm32g4xx_hal_cortex.h"
 557              		.file 12 "Drivers/STM32G4xx_HAL_Driver/Inc/stm32g4xx_hal_uart_ex.h"
 558              		.file 13 "Core/Inc/main.h"
 559              		.file 14 "<built-in>"
ARM GAS  C:\Users\86133\AppData\Local\Temp\ccGAFqYk.s 			page 15


DEFINED SYMBOLS
                            *ABS*:00000000 usart.c
C:\Users\86133\AppData\Local\Temp\ccGAFqYk.s:20     .text.MX_USART1_UART_Init:00000000 $t
C:\Users\86133\AppData\Local\Temp\ccGAFqYk.s:26     .text.MX_USART1_UART_Init:00000000 MX_USART1_UART_Init
C:\Users\86133\AppData\Local\Temp\ccGAFqYk.s:132    .text.MX_USART1_UART_Init:00000060 $d
C:\Users\86133\AppData\Local\Temp\ccGAFqYk.s:138    .text.HAL_UART_MspInit:00000000 $t
C:\Users\86133\AppData\Local\Temp\ccGAFqYk.s:144    .text.HAL_UART_MspInit:00000000 HAL_UART_MspInit
C:\Users\86133\AppData\Local\Temp\ccGAFqYk.s:239    .text.HAL_UART_MspInit:00000064 $d
C:\Users\86133\AppData\Local\Temp\ccGAFqYk.s:244    .text.HAL_UART_MspDeInit:00000000 $t
C:\Users\86133\AppData\Local\Temp\ccGAFqYk.s:250    .text.HAL_UART_MspDeInit:00000000 HAL_UART_MspDeInit
C:\Users\86133\AppData\Local\Temp\ccGAFqYk.s:284    .text.HAL_UART_MspDeInit:00000020 $d
C:\Users\86133\AppData\Local\Temp\ccGAFqYk.s:289    .text.USART_StartReceiveIT:00000000 $t
C:\Users\86133\AppData\Local\Temp\ccGAFqYk.s:295    .text.USART_StartReceiveIT:00000000 USART_StartReceiveIT
C:\Users\86133\AppData\Local\Temp\ccGAFqYk.s:317    .text.USART_StartReceiveIT:00000010 $d
C:\Users\86133\AppData\Local\Temp\ccGAFqYk.s:323    .text.HAL_UART_RxCpltCallback:00000000 $t
C:\Users\86133\AppData\Local\Temp\ccGAFqYk.s:329    .text.HAL_UART_RxCpltCallback:00000000 HAL_UART_RxCpltCallback
C:\Users\86133\AppData\Local\Temp\ccGAFqYk.s:445    .text.HAL_UART_RxCpltCallback:00000070 $d
C:\Users\86133\AppData\Local\Temp\ccGAFqYk.s:455    .text._write:00000000 $t
C:\Users\86133\AppData\Local\Temp\ccGAFqYk.s:461    .text._write:00000000 _write
C:\Users\86133\AppData\Local\Temp\ccGAFqYk.s:494    .text._write:00000014 $d
C:\Users\86133\AppData\Local\Temp\ccGAFqYk.s:520    .bss.huart1:00000000 huart1
C:\Users\86133\AppData\Local\Temp\ccGAFqYk.s:543    .bss.usart_rx_idx:00000000 usart_rx_idx
C:\Users\86133\AppData\Local\Temp\ccGAFqYk.s:537    .bss.usart_rx_flag:00000000 usart_rx_flag
C:\Users\86133\AppData\Local\Temp\ccGAFqYk.s:532    .bss.usart_rx_buf:00000000 usart_rx_buf
C:\Users\86133\AppData\Local\Temp\ccGAFqYk.s:503    .bss.cmd_buf:00000000 $d
C:\Users\86133\AppData\Local\Temp\ccGAFqYk.s:507    .bss.cmd_buf:00000000 cmd_buf
C:\Users\86133\AppData\Local\Temp\ccGAFqYk.s:513    .bss.cmd_idx:00000000 cmd_idx
C:\Users\86133\AppData\Local\Temp\ccGAFqYk.s:514    .bss.cmd_idx:00000000 $d
C:\Users\86133\AppData\Local\Temp\ccGAFqYk.s:516    .bss.huart1:00000000 $d
C:\Users\86133\AppData\Local\Temp\ccGAFqYk.s:526    .bss.uart_rx_byte:00000000 uart_rx_byte
C:\Users\86133\AppData\Local\Temp\ccGAFqYk.s:527    .bss.uart_rx_byte:00000000 $d
C:\Users\86133\AppData\Local\Temp\ccGAFqYk.s:529    .bss.usart_rx_buf:00000000 $d
C:\Users\86133\AppData\Local\Temp\ccGAFqYk.s:538    .bss.usart_rx_flag:00000000 $d
C:\Users\86133\AppData\Local\Temp\ccGAFqYk.s:540    .bss.usart_rx_idx:00000000 $d

UNDEFINED SYMBOLS
HAL_UART_Init
HAL_UARTEx_SetTxFifoThreshold
HAL_UARTEx_SetRxFifoThreshold
HAL_UARTEx_DisableFifoMode
Error_Handler
HAL_GPIO_Init
HAL_NVIC_SetPriority
HAL_NVIC_EnableIRQ
HAL_GPIO_DeInit
HAL_NVIC_DisableIRQ
HAL_UART_Receive_IT
osMessageQueuePut
memset
Queue_UART_RXHandle
HAL_UART_Transmit
